2026-05-30_23-35-24: Training starting...
Device: cuda
2026-05-30_23-35-25 Episode 0: New best reward -8.10.
2026-05-30_23-35-32 Episode 0: New best greedy reward 2.00, model saved.
2026-05-30_23-35-33 Episode 3: New best reward -6.30.
2026-05-30_23-35-46 Episode 23: New best reward -5.70.
2026-05-30_23-36-00 Episode 48: New best reward -4.50.
2026-05-30_23-36-07 Episode 59: New best reward -3.90.
2026-05-30_23-36-48 Episode 130: New best reward -3.30.
2026-05-30_23-39-51 Episode 433: New best reward -2.10.
2026-05-30_23-42-07 Episode 643: New best reward -1.50.
2026-05-30_23-45-57 Episode 1000: New best greedy reward 3.90, model saved.
2026-05-30_23-46-07 Episode 1014: New best reward -0.90.
2026-05-30_23-46-11 Episode 1022: New best reward 1.50.
2026-05-30_23-46-28 Episode 1047: New best reward 2.70.
2026-05-30_23-46-52 Episode 1082: New best reward 3.90.
2026-05-30_23-57-41 Episode 2000: New best greedy reward 4.20, model saved.
2026-05-31_00-15-05 Episode 3300: New best reward 4.20.
2026-05-31_00-28-36 Episode 4203: New best reward 4.50.
2026-05-31_00-40-55 Episode 4976: New best reward 4.70.
2026-05-31_00-41-31 Episode 5012: New best reward 6.30.
2026-05-31_00-41-58 Episode 5039: New best reward 6.40.
2026-05-31_00-42-51 Episode 5091: New best reward 6.80.
2026-05-31_00-59-05 Episode 6049: New best reward 8.40.
2026-05-31_01-07-36 Episode 6522: New best reward 12.90.
2026-05-31_01-31-00 Episode 7709: New best reward 15.00.
2026-05-31_01-37-06 Episode 8000: New best greedy reward 10.70, model saved.
2026-05-31_01-41-19 Episode 8204: New best reward 17.90.
2026-05-31_01-57-58 Episode 8917: New best reward 20.60.
2026-05-31_02-10-44 Episode 9415: New best reward 22.40.
2026-05-31_02-14-49 Episode 9562: New best reward 26.90.
2026-05-31_02-25-30 Episode 9921: New best reward 27.90.
2026-05-31_02-26-36 Episode 9959: New best reward 39.20.
2026-05-31_02-27-57 Episode 10000: New best greedy reward 23.40, model saved.
2026-05-31_03-04-44 Episode 11000: New best greedy reward 79.40, model saved.
2026-05-31_03-08-36 Episode 11080: New best reward 43.30.
2026-05-31_03-19-13 Episode 11315: New best reward 43.70.
2026-05-31_03-25-57 Episode 11451: New best reward 47.00.
2026-05-31_03-26-38 Episode 11460: New best reward 51.30.
2026-05-31_03-28-31 Episode 11494: New best reward 55.90.
2026-05-31_03-31-14 Episode 11548: New best reward 78.40.
2026-05-31_03-54-27 Episode 11920: New best reward 81.20.
2026-05-31_04-01-26 Episode 12000: New best greedy reward 330.40, model saved.
2026-05-31_04-04-44 Episode 12044: New best reward 82.90.
2026-05-31_04-13-05 Episode 12144: New best reward 109.20.
2026-05-31_04-18-10 Episode 12202: New best reward 110.90.
2026-05-31_04-42-18 Episode 12443: New best reward 163.40.
2026-05-31_04-52-35 Episode 12535: New best reward 176.40.
2026-05-31_05-26-15 Episode 12775: New best reward 179.00.
2026-05-31_05-38-53 Episode 12842: New best reward 206.90.
2026-05-31_05-56-41 Episode 12929: New best reward 244.20.
2026-05-31_06-15-23 Episode 13000: New best greedy reward 1599.90, model saved.
2026-05-31_06-24-38 Episode 13042: New best reward 250.90.
2026-05-31_06-36-12 Episode 13081: New best reward 689.90.
2026-05-31_08-01-56 Episode 13278: New best reward 752.60.
2026-05-31_08-28-14 Episode 13314: New best reward 1651.90.
2026-05-31_10-04-20 Episode 13407: New best reward 1938.20.
2026-05-31_10-53-33 Episode 13447: New best reward 2444.40.
2026-05-31_13-52-52 Episode 13588: New best reward 3120.90.
