Wed Jul  1 01:05:27 2026       
+-----------------------------------------------------------------------------------------+
| NVIDIA-SMI 595.71.05              Driver Version: 595.71.05      CUDA Version: 13.2     |
+-----------------------------------------+------------------------+----------------------+
| GPU  Name                 Persistence-M | Bus-Id          Disp.A | Volatile Uncorr. ECC |
| Fan  Temp   Perf          Pwr:Usage/Cap |           Memory-Usage | GPU-Util  Compute M. |
|                                         |                        |               MIG M. |
|=========================================+========================+======================|
|   0  NVIDIA A100 80GB PCIe          On  |   00000000:1C:00.0 Off |                    0 |
| N/A   39C    P0             78W /  300W |     666MiB /  81920MiB |     17%      Default |
|                                         |                        |             Disabled |
+-----------------------------------------+------------------------+----------------------+

+-----------------------------------------------------------------------------------------+
| Processes:                                                                              |
|  GPU   GI   CI              PID   Type   Process name                        GPU Memory |
|        ID   ID                                                               Usage      |
|=========================================================================================|
|    0   N/A  N/A            9033      G   /usr/libexec/Xorg                        17MiB |
|    0   N/A  N/A         1008189      C   python                                  630MiB |
+-----------------------------------------------------------------------------------------+

============================= JOB FEEDBACK =============================

NodeName=uc2n903
Job ID: 5633392
Cluster: uc3
User/Group: ul_lmm50/ul_student
State: CANCELLED (exit code 0)
Nodes: 1
Cores per node: 4
CPU Utilized: 00:00:05
CPU Efficiency: 0.00% of 2-13:34:44 core-walltime
Job Wall-clock time: 15:23:41
Memory Utilized: 59.29 GB
Memory Efficiency: 47.43% of 125.00 GB (125.00 GB/node)
