Mon Aug 31 15:25:47 2026       
+-----------------------------------------------------------------------------------------+
| NVIDIA-SMI 595.71.05              Driver Version: 595.71.05      CUDA Version: 13.2     |
+-----------------------------------------+------------------------+----------------------+
| GPU  Name                 Persistence-M | Bus-Id          Disp.A | Volatile Uncorr. ECC |
| Fan  Temp   Perf          Pwr:Usage/Cap |           Memory-Usage | GPU-Util  Compute M. |
|                                         |                        |               MIG M. |
|=========================================+========================+======================|
|   0  NVIDIA A100 80GB PCIe          On  |   00000000:1B:00.0 Off |                    0 |
| N/A   38C    P0             71W /  300W |    1522MiB /  81920MiB |      4%      Default |
|                                         |                        |             Disabled |
+-----------------------------------------+------------------------+----------------------+

+-----------------------------------------------------------------------------------------+
| Processes:                                                                              |
|  GPU   GI   CI              PID   Type   Process name                        GPU Memory |
|        ID   ID                                                               Usage      |
|=========================================================================================|
|    0   N/A  N/A           11231      G   /usr/libexec/Xorg                        17MiB |
|    0   N/A  N/A         1500617      C   python                                 1486MiB |
+-----------------------------------------------------------------------------------------+

============================= JOB FEEDBACK =============================

NodeName=uc2n913
Job ID: 6747174
Cluster: uc3
User/Group: ul_lmm50/ul_student
State: CANCELLED (exit code 0)
Nodes: 1
Cores per node: 4
CPU Utilized: 00:00:06
CPU Efficiency: 0.01% of 12:02:12 core-walltime
Job Wall-clock time: 03:00:33
Memory Utilized: 3.86 GB
Memory Efficiency: 3.09% of 125.00 GB (125.00 GB/node)
