HPO: env=mario algorithm=rainbow objective=mean n_trials=80 study=mario_rainbow_6715345 workers=8 gpus=4
Thu Aug 27 09:20:15 2026       
+-----------------------------------------------------------------------------------------+
| NVIDIA-SMI 595.71.05              Driver Version: 595.71.05      CUDA Version: 13.2     |
+-----------------------------------------+------------------------+----------------------+
| GPU  Name                 Persistence-M | Bus-Id          Disp.A | Volatile Uncorr. ECC |
| Fan  Temp   Perf          Pwr:Usage/Cap |           Memory-Usage | GPU-Util  Compute M. |
|                                         |                        |               MIG M. |
|=========================================+========================+======================|
|   0  NVIDIA A100 80GB PCIe          On  |   00000000:19:00.0 Off |                    0 |
| N/A   53C    P0             99W /  300W |    1411MiB /  81920MiB |     48%      Default |
|                                         |                        |             Disabled |
+-----------------------------------------+------------------------+----------------------+
|   1  NVIDIA A100 80GB PCIe          On  |   00000000:1A:00.0 Off |                    0 |
| N/A   60C    P0            108W /  300W |    1411MiB /  81920MiB |     49%      Default |
|                                         |                        |             Disabled |
+-----------------------------------------+------------------------+----------------------+
|   2  NVIDIA A100 80GB PCIe          On  |   00000000:1B:00.0 Off |                    0 |
| N/A   47C    P0             95W /  300W |    1381MiB /  81920MiB |     50%      Default |
|                                         |                        |             Disabled |
+-----------------------------------------+------------------------+----------------------+
|   3  NVIDIA A100 80GB PCIe          On  |   00000000:1C:00.0 Off |                    0 |
| N/A   53C    P0            104W /  300W |    1411MiB /  81920MiB |     49%      Default |
|                                         |                        |             Disabled |
+-----------------------------------------+------------------------+----------------------+

+-----------------------------------------------------------------------------------------+
| Processes:                                                                              |
|  GPU   GI   CI              PID   Type   Process name                        GPU Memory |
|        ID   ID                                                               Usage      |
|=========================================================================================|
|    0   N/A  N/A            9542      G   /usr/libexec/Xorg                        17MiB |
|    0   N/A  N/A         2075551      C   python                                  700MiB |
|    0   N/A  N/A         2075567      C   python                                  670MiB |
|    1   N/A  N/A            9542      G   /usr/libexec/Xorg                        17MiB |
|    1   N/A  N/A         2075564      C   python                                  700MiB |
|    1   N/A  N/A         2075568      C   python                                  670MiB |
|    2   N/A  N/A            9542      G   /usr/libexec/Xorg                        17MiB |
|    2   N/A  N/A         2075565      C   python                                  670MiB |
|    2   N/A  N/A         2075569      C   python                                  670MiB |
|    3   N/A  N/A            9542      G   /usr/libexec/Xorg                        17MiB |
|    3   N/A  N/A         2075566      C   python                                  700MiB |
|    3   N/A  N/A         2075570      C   python                                  670MiB |
+-----------------------------------------------------------------------------------------+
[signal] USR1 -- wall clock near, reporting early
[report] writing artifacts for mario_rainbow_6715345

============================= JOB FEEDBACK =============================

NodeName=uc2n905
Job ID: 6715345
Cluster: uc3
User/Group: ul_lmm50/ul_student
State: TIMEOUT (exit code 0)
Nodes: 1
Cores per node: 16
CPU Utilized: 00:00:08
CPU Efficiency: 0.00% of 32-00:00:00 core-walltime
Job Wall-clock time: 2-00:00:00
Memory Utilized: 145.26 GB
Memory Efficiency: 77.47% of 187.50 GB (187.50 GB/node)
