Traceback (most recent call last):
  File "/opt/bwhpc/common/devel/miniforge/25.3.1-py3.12/condabin/conda", line 12, in <module>
    from conda.cli import main
ModuleNotFoundError: No module named 'conda'
/home/ul/ul_student/ul_lmm50/.conda/envs/dqn-flappy-bird-cuda/lib/python3.11/site-packages/optuna/_experimental.py:33: ExperimentalWarning: Argument ``multivariate`` is an experimental feature. The interface can change in the future.
  optuna_warn(
/home/ul/ul_student/ul_lmm50/.conda/envs/dqn-flappy-bird-cuda/lib/python3.11/site-packages/optuna/_experimental.py:33: ExperimentalWarning: Argument ``multivariate`` is an experimental feature. The interface can change in the future.
  optuna_warn(
[I 2026-07-09 06:39:21,834] A new study created in Journal with name: ppo_5841602
/home/ul/ul_student/ul_lmm50/.conda/envs/dqn-flappy-bird-cuda/lib/python3.11/site-packages/optuna/_experimental.py:33: ExperimentalWarning: Argument ``multivariate`` is an experimental feature. The interface can change in the future.
  optuna_warn(
/home/ul/ul_student/ul_lmm50/.conda/envs/dqn-flappy-bird-cuda/lib/python3.11/site-packages/optuna/_experimental.py:33: ExperimentalWarning: Argument ``multivariate`` is an experimental feature. The interface can change in the future.
  optuna_warn(
/home/ul/ul_student/ul_lmm50/.conda/envs/dqn-flappy-bird-cuda/lib/python3.11/site-packages/optuna/_experimental.py:33: ExperimentalWarning: Argument ``multivariate`` is an experimental feature. The interface can change in the future.
  optuna_warn(
[I 2026-07-09 06:39:21,848] Using an existing study with name 'ppo_5841602' instead of creating a new one.
/home/ul/ul_student/ul_lmm50/.conda/envs/dqn-flappy-bird-cuda/lib/python3.11/site-packages/optuna/_experimental.py:33: ExperimentalWarning: Argument ``multivariate`` is an experimental feature. The interface can change in the future.
  optuna_warn(
/home/ul/ul_student/ul_lmm50/.conda/envs/dqn-flappy-bird-cuda/lib/python3.11/site-packages/optuna/_experimental.py:33: ExperimentalWarning: Argument ``multivariate`` is an experimental feature. The interface can change in the future.
  optuna_warn(
/home/ul/ul_student/ul_lmm50/.conda/envs/dqn-flappy-bird-cuda/lib/python3.11/site-packages/optuna/_experimental.py:33: ExperimentalWarning: Argument ``multivariate`` is an experimental feature. The interface can change in the future.
  optuna_warn(
/home/ul/ul_student/ul_lmm50/.conda/envs/dqn-flappy-bird-cuda/lib/python3.11/site-packages/optuna/_experimental.py:33: ExperimentalWarning: Argument ``multivariate`` is an experimental feature. The interface can change in the future.
  optuna_warn(
/home/ul/ul_student/ul_lmm50/.conda/envs/dqn-flappy-bird-cuda/lib/python3.11/site-packages/optuna/_experimental.py:33: ExperimentalWarning: Argument ``multivariate`` is an experimental feature. The interface can change in the future.
  optuna_warn(
/home/ul/ul_student/ul_lmm50/.conda/envs/dqn-flappy-bird-cuda/lib/python3.11/site-packages/optuna/_experimental.py:33: ExperimentalWarning: Argument ``multivariate`` is an experimental feature. The interface can change in the future.
  optuna_warn(
/home/ul/ul_student/ul_lmm50/.conda/envs/dqn-flappy-bird-cuda/lib/python3.11/site-packages/optuna/_experimental.py:33: ExperimentalWarning: Argument ``multivariate`` is an experimental feature. The interface can change in the future.
  optuna_warn(
/home/ul/ul_student/ul_lmm50/.conda/envs/dqn-flappy-bird-cuda/lib/python3.11/site-packages/optuna/_experimental.py:33: ExperimentalWarning: Argument ``multivariate`` is an experimental feature. The interface can change in the future.
  optuna_warn(
/home/ul/ul_student/ul_lmm50/.conda/envs/dqn-flappy-bird-cuda/lib/python3.11/site-packages/optuna/_experimental.py:33: ExperimentalWarning: Argument ``multivariate`` is an experimental feature. The interface can change in the future.
  optuna_warn(
/home/ul/ul_student/ul_lmm50/.conda/envs/dqn-flappy-bird-cuda/lib/python3.11/site-packages/optuna/_experimental.py:33: ExperimentalWarning: Argument ``multivariate`` is an experimental feature. The interface can change in the future.
  optuna_warn(
/home/ul/ul_student/ul_lmm50/.conda/envs/dqn-flappy-bird-cuda/lib/python3.11/site-packages/optuna/_experimental.py:33: ExperimentalWarning: Argument ``multivariate`` is an experimental feature. The interface can change in the future.
  optuna_warn(
[I 2026-07-09 06:39:21,872] Using an existing study with name 'ppo_5841602' instead of creating a new one.
[I 2026-07-09 06:39:21,887] Using an existing study with name 'ppo_5841602' instead of creating a new one.
[I 2026-07-09 06:39:21,907] Using an existing study with name 'ppo_5841602' instead of creating a new one.
[I 2026-07-09 06:39:21,921] Using an existing study with name 'ppo_5841602' instead of creating a new one.
[I 2026-07-09 06:39:21,937] Using an existing study with name 'ppo_5841602' instead of creating a new one.
[I 2026-07-09 06:39:21,953] Using an existing study with name 'ppo_5841602' instead of creating a new one.
[I 2026-07-09 06:39:22,023] Using an existing study with name 'ppo_5841602' instead of creating a new one.
[I 2026-07-09 06:39:22,116] Using an existing study with name 'ppo_5841602' instead of creating a new one.
[I 2026-07-09 06:39:22,200] Using an existing study with name 'ppo_5841602' instead of creating a new one.
[I 2026-07-09 06:39:22,263] Using an existing study with name 'ppo_5841602' instead of creating a new one.
[I 2026-07-09 06:39:22,286] Using an existing study with name 'ppo_5841602' instead of creating a new one.
[I 2026-07-09 06:39:22,474] Using an existing study with name 'ppo_5841602' instead of creating a new one.
[I 2026-07-09 06:39:22,490] Using an existing study with name 'ppo_5841602' instead of creating a new one.
[I 2026-07-09 06:39:22,508] Using an existing study with name 'ppo_5841602' instead of creating a new one.
[I 2026-07-09 06:45:13,265] Trial 6 pruned. 
[I 2026-07-09 06:45:17,226] Trial 5 pruned. 
[I 2026-07-09 06:45:20,595] Trial 15 pruned. 
[I 2026-07-09 06:50:44,253] Trial 17 pruned. 
[I 2026-07-09 06:54:45,832] Trial 2 pruned. 
[I 2026-07-09 06:54:52,686] Trial 13 pruned. 
[I 2026-07-09 06:54:57,515] Trial 14 pruned. 
[I 2026-07-09 06:54:58,863] Trial 12 pruned. 
[I 2026-07-09 06:55:06,619] Trial 4 pruned. 
[I 2026-07-09 07:00:17,083] Trial 21 pruned. 
[I 2026-07-09 07:00:19,222] Trial 18 pruned. 
[I 2026-07-09 07:00:21,561] Trial 16 pruned. 
[I 2026-07-09 07:05:44,364] Trial 25 pruned. 
[I 2026-07-09 07:05:47,818] Trial 26 pruned. 
[I 2026-07-09 07:07:20,999] Trial 19 pruned. 
[I 2026-07-09 07:10:20,303] Trial 23 pruned. 
[I 2026-07-09 07:10:49,897] Trial 20 pruned. 
[I 2026-07-09 07:10:51,191] Trial 22 pruned. 
[I 2026-07-09 07:11:24,698] Trial 28 pruned. 
[I 2026-07-09 07:11:26,365] Trial 29 pruned. 
[I 2026-07-09 07:12:58,890] Trial 30 pruned. 
[I 2026-07-09 07:16:18,701] Trial 32 pruned. 
[I 2026-07-09 07:18:42,063] Trial 36 pruned. 
/pfs/data6/home/ul/ul_student/ul_lmm50/Neuroinformatik/src/ppo_agent.py:43: FutureWarning: You are using `torch.load` with `weights_only=False` (the current default value), which uses the default pickle module implicitly. It is possible to construct malicious pickle data which will execute arbitrary code during unpickling (See https://github.com/pytorch/pytorch/blob/main/SECURITY.md#untrusted-models for more details). In a future release, the default value for `weights_only` will be flipped to `True`. This limits the functions that could be executed during unpickling. Arbitrary objects will no longer be allowed to be loaded via this mode unless they are explicitly allowlisted by the user via `torch.serialization.add_safe_globals`. We recommend you start setting `weights_only=True` for any use case where you don't have full control of the loaded file. Please open an issue on GitHub for any issues related to this experimental feature.
  actor_critic.load_state_dict(torch.load(self.MODEL_FILE, map_location=device))
/pfs/data6/home/ul/ul_student/ul_lmm50/Neuroinformatik/src/ppo_agent.py:43: FutureWarning: You are using `torch.load` with `weights_only=False` (the current default value), which uses the default pickle module implicitly. It is possible to construct malicious pickle data which will execute arbitrary code during unpickling (See https://github.com/pytorch/pytorch/blob/main/SECURITY.md#untrusted-models for more details). In a future release, the default value for `weights_only` will be flipped to `True`. This limits the functions that could be executed during unpickling. Arbitrary objects will no longer be allowed to be loaded via this mode unless they are explicitly allowlisted by the user via `torch.serialization.add_safe_globals`. We recommend you start setting `weights_only=True` for any use case where you don't have full control of the loaded file. Please open an issue on GitHub for any issues related to this experimental feature.
  actor_critic.load_state_dict(torch.load(self.MODEL_FILE, map_location=device))
[I 2026-07-09 07:24:27,854] Trial 1 pruned. 
[I 2026-07-09 07:24:35,748] Trial 3 pruned. 
/pfs/data6/home/ul/ul_student/ul_lmm50/Neuroinformatik/src/ppo_agent.py:43: FutureWarning: You are using `torch.load` with `weights_only=False` (the current default value), which uses the default pickle module implicitly. It is possible to construct malicious pickle data which will execute arbitrary code during unpickling (See https://github.com/pytorch/pytorch/blob/main/SECURITY.md#untrusted-models for more details). In a future release, the default value for `weights_only` will be flipped to `True`. This limits the functions that could be executed during unpickling. Arbitrary objects will no longer be allowed to be loaded via this mode unless they are explicitly allowlisted by the user via `torch.serialization.add_safe_globals`. We recommend you start setting `weights_only=True` for any use case where you don't have full control of the loaded file. Please open an issue on GitHub for any issues related to this experimental feature.
  actor_critic.load_state_dict(torch.load(self.MODEL_FILE, map_location=device))
[I 2026-07-09 07:24:42,883] Trial 11 finished with value: 6.623333333333326 and parameters: {'learning_rate_a': 0.00029334831704227966, 'ppo_epochs': 4, 'ent_coef': 0.007757352281245099, 'clip_eps': 0.2, 'gae_lambda': 0.9750186486551465, 'vf_coef': 0.7811347435875295, 'rollout_steps': 4096, 'minibatch_size': 256, 'hidden_dim': 512}. Best is trial 11 with value: 6.623333333333326.
/pfs/data6/home/ul/ul_student/ul_lmm50/Neuroinformatik/src/ppo_agent.py:43: FutureWarning: You are using `torch.load` with `weights_only=False` (the current default value), which uses the default pickle module implicitly. It is possible to construct malicious pickle data which will execute arbitrary code during unpickling (See https://github.com/pytorch/pytorch/blob/main/SECURITY.md#untrusted-models for more details). In a future release, the default value for `weights_only` will be flipped to `True`. This limits the functions that could be executed during unpickling. Arbitrary objects will no longer be allowed to be loaded via this mode unless they are explicitly allowlisted by the user via `torch.serialization.add_safe_globals`. We recommend you start setting `weights_only=True` for any use case where you don't have full control of the loaded file. Please open an issue on GitHub for any issues related to this experimental feature.
  actor_critic.load_state_dict(torch.load(self.MODEL_FILE, map_location=device))
[I 2026-07-09 07:25:13,468] Trial 9 finished with value: 34.17333333333328 and parameters: {'learning_rate_a': 0.0004087614746302532, 'ppo_epochs': 3, 'ent_coef': 0.002057205309670122, 'clip_eps': 0.1, 'gae_lambda': 0.9374907881778376, 'vf_coef': 0.7490674648881772, 'rollout_steps': 4096, 'minibatch_size': 128, 'hidden_dim': 512}. Best is trial 9 with value: 34.17333333333328.
[I 2026-07-09 07:25:30,486] Trial 7 pruned. 
[I 2026-07-09 07:25:30,597] Trial 8 pruned. 
[I 2026-07-09 07:25:49,141] Trial 10 finished with value: 34.3500000000001 and parameters: {'learning_rate_a': 0.00027778977278219606, 'ppo_epochs': 3, 'ent_coef': 0.0025945254900568357, 'clip_eps': 0.2, 'gae_lambda': 0.9695326951876044, 'vf_coef': 0.8056473072553085, 'rollout_steps': 2048, 'minibatch_size': 128, 'hidden_dim': 256}. Best is trial 10 with value: 34.3500000000001.
[I 2026-07-09 07:26:44,809] Trial 33 pruned. 
[I 2026-07-09 07:29:29,187] Trial 39 pruned. 
[I 2026-07-09 07:29:29,950] Trial 0 finished with value: 129.81333333333447 and parameters: {'learning_rate_a': 0.00037688500885821275, 'ppo_epochs': 3, 'ent_coef': 0.0016808755347247806, 'clip_eps': 0.2, 'gae_lambda': 0.9070923752738085, 'vf_coef': 0.3955652766779405, 'rollout_steps': 4096, 'minibatch_size': 64, 'hidden_dim': 256}. Best is trial 0 with value: 129.81333333333447.
[I 2026-07-09 07:30:25,728] Trial 42 pruned. 
[I 2026-07-09 07:30:41,834] Trial 43 pruned. 
[I 2026-07-09 07:30:53,097] Trial 44 pruned. 
[I 2026-07-09 07:31:36,636] Trial 37 pruned. 
[I 2026-07-09 07:34:57,883] Trial 48 pruned. 
[I 2026-07-09 07:39:16,873] Trial 40 pruned. 
[I 2026-07-09 07:39:29,449] Trial 41 pruned. 
[I 2026-07-09 07:40:08,470] Trial 24 pruned. 
[I 2026-07-09 07:41:42,189] Trial 46 pruned. 
[I 2026-07-09 07:44:59,735] Trial 27 pruned. 
[I 2026-07-09 07:49:59,637] Trial 53 pruned. 
[I 2026-07-09 07:54:10,524] Trial 54 pruned. 
[I 2026-07-09 07:55:15,178] Trial 56 pruned. 
[I 2026-07-09 07:56:16,960] Trial 34 pruned. 
[I 2026-07-09 07:56:23,284] Trial 31 pruned. 
[I 2026-07-09 07:58:33,473] Trial 35 pruned. 
[I 2026-07-09 08:00:18,534] Trial 58 pruned. 
[I 2026-07-09 08:05:45,334] Trial 38 pruned. 
[I 2026-07-09 08:09:50,766] Trial 61 pruned. 
[I 2026-07-09 08:10:25,632] Trial 45 pruned. 
[I 2026-07-09 08:11:14,834] Trial 66 pruned. 
[I 2026-07-09 08:14:34,957] Trial 64 pruned. 
/pfs/data6/home/ul/ul_student/ul_lmm50/Neuroinformatik/src/ppo_agent.py:43: FutureWarning: You are using `torch.load` with `weights_only=False` (the current default value), which uses the default pickle module implicitly. It is possible to construct malicious pickle data which will execute arbitrary code during unpickling (See https://github.com/pytorch/pytorch/blob/main/SECURITY.md#untrusted-models for more details). In a future release, the default value for `weights_only` will be flipped to `True`. This limits the functions that could be executed during unpickling. Arbitrary objects will no longer be allowed to be loaded via this mode unless they are explicitly allowlisted by the user via `torch.serialization.add_safe_globals`. We recommend you start setting `weights_only=True` for any use case where you don't have full control of the loaded file. Please open an issue on GitHub for any issues related to this experimental feature.
  actor_critic.load_state_dict(torch.load(self.MODEL_FILE, map_location=device))
/pfs/data6/home/ul/ul_student/ul_lmm50/Neuroinformatik/src/ppo_agent.py:43: FutureWarning: You are using `torch.load` with `weights_only=False` (the current default value), which uses the default pickle module implicitly. It is possible to construct malicious pickle data which will execute arbitrary code during unpickling (See https://github.com/pytorch/pytorch/blob/main/SECURITY.md#untrusted-models for more details). In a future release, the default value for `weights_only` will be flipped to `True`. This limits the functions that could be executed during unpickling. Arbitrary objects will no longer be allowed to be loaded via this mode unless they are explicitly allowlisted by the user via `torch.serialization.add_safe_globals`. We recommend you start setting `weights_only=True` for any use case where you don't have full control of the loaded file. Please open an issue on GitHub for any issues related to this experimental feature.
  actor_critic.load_state_dict(torch.load(self.MODEL_FILE, map_location=device))
[I 2026-07-09 08:15:10,177] Trial 51 pruned. 
[I 2026-07-09 08:15:30,236] Trial 49 pruned. 
[I 2026-07-09 08:15:37,836] Trial 47 finished with value: 27.353333333333403 and parameters: {'learning_rate_a': 0.00025240921409098554, 'ppo_epochs': 3, 'ent_coef': 0.0022081746859821064, 'clip_eps': 0.2, 'gae_lambda': 0.9715863043256013, 'vf_coef': 0.7577052079228507, 'rollout_steps': 2048, 'minibatch_size': 128, 'hidden_dim': 256}. Best is trial 0 with value: 129.81333333333447.
[I 2026-07-09 08:15:39,099] Trial 52 pruned. 
[I 2026-07-09 08:16:58,514] Trial 50 finished with value: 63.86666666666597 and parameters: {'learning_rate_a': 0.0004989332917854357, 'ppo_epochs': 3, 'ent_coef': 0.0020337670406774815, 'clip_eps': 0.1, 'gae_lambda': 0.935044324178429, 'vf_coef': 0.8126994414207385, 'rollout_steps': 4096, 'minibatch_size': 128, 'hidden_dim': 512}. Best is trial 0 with value: 129.81333333333447.
[I 2026-07-09 08:20:26,363] Trial 71 pruned. 
[I 2026-07-09 08:20:54,636] Trial 72 pruned. 
[I 2026-07-09 08:24:07,484] Trial 55 pruned. 
[I 2026-07-09 08:24:30,833] Trial 67 pruned. 
[I 2026-07-09 08:25:50,590] Trial 76 pruned. 
[I 2026-07-09 08:26:10,617] Trial 69 pruned. 
[I 2026-07-09 08:26:26,220] Trial 57 pruned. 
[I 2026-07-09 08:31:03,907] Trial 80 pruned. 
[I 2026-07-09 08:31:04,045] Trial 74 pruned. 
[I 2026-07-09 08:31:43,358] Trial 81 pruned. 
[I 2026-07-09 08:31:44,074] Trial 75 pruned. 
[I 2026-07-09 08:31:59,781] Trial 82 pruned. 
[I 2026-07-09 08:36:27,465] Trial 83 pruned. 
[I 2026-07-09 08:37:11,074] Trial 85 pruned. 
[I 2026-07-09 08:37:17,981] Trial 59 pruned. 
[I 2026-07-09 08:39:23,968] Trial 60 pruned. 
/pfs/data6/home/ul/ul_student/ul_lmm50/Neuroinformatik/src/ppo_agent.py:43: FutureWarning: You are using `torch.load` with `weights_only=False` (the current default value), which uses the default pickle module implicitly. It is possible to construct malicious pickle data which will execute arbitrary code during unpickling (See https://github.com/pytorch/pytorch/blob/main/SECURITY.md#untrusted-models for more details). In a future release, the default value for `weights_only` will be flipped to `True`. This limits the functions that could be executed during unpickling. Arbitrary objects will no longer be allowed to be loaded via this mode unless they are explicitly allowlisted by the user via `torch.serialization.add_safe_globals`. We recommend you start setting `weights_only=True` for any use case where you don't have full control of the loaded file. Please open an issue on GitHub for any issues related to this experimental feature.
  actor_critic.load_state_dict(torch.load(self.MODEL_FILE, map_location=device))
[I 2026-07-09 08:41:28,242] Trial 63 pruned. 
[I 2026-07-09 08:43:32,020] Trial 62 finished with value: 62.25666666666636 and parameters: {'learning_rate_a': 0.0003044269654382553, 'ppo_epochs': 3, 'ent_coef': 0.0015157925021422076, 'clip_eps': 0.2, 'gae_lambda': 0.9082429975888643, 'vf_coef': 0.3224664130616428, 'rollout_steps': 1024, 'minibatch_size': 64, 'hidden_dim': 256}. Best is trial 0 with value: 129.81333333333447.
[I 2026-07-09 08:46:08,631] Trial 65 pruned. 
[I 2026-07-09 08:46:56,653] Trial 92 pruned. 
[I 2026-07-09 08:51:22,984] Trial 88 pruned. 
[I 2026-07-09 08:51:59,527] Trial 89 pruned. 
[I 2026-07-09 08:55:50,138] Trial 68 pruned. 
[I 2026-07-09 08:57:41,077] Trial 97 pruned. 
[I 2026-07-09 08:58:30,929] Trial 93 pruned. 
[I 2026-07-09 08:59:26,234] Trial 70 pruned. 
[I 2026-07-09 09:01:21,075] Trial 98 pruned. 
[I 2026-07-09 09:01:32,938] Trial 73 pruned. 
[I 2026-07-09 09:03:09,191] Trial 99 pruned. 
[I 2026-07-09 09:04:53,375] Trial 101 pruned. 
[I 2026-07-09 09:06:26,882] Trial 77 finished with value: 12.690000000000001 and parameters: {'learning_rate_a': 0.0003390868054367371, 'ppo_epochs': 3, 'ent_coef': 0.002802942549417607, 'clip_eps': 0.1, 'gae_lambda': 0.9373412991156583, 'vf_coef': 0.8122123958692685, 'rollout_steps': 1024, 'minibatch_size': 64, 'hidden_dim': 512}. Best is trial 0 with value: 129.81333333333447.
[I 2026-07-09 09:06:41,698] Trial 96 pruned. 
[I 2026-07-09 09:08:18,260] Trial 104 pruned. 
[I 2026-07-09 09:08:43,577] Trial 78 finished with value: 3.6666666666666647 and parameters: {'learning_rate_a': 0.0004518234580075422, 'ppo_epochs': 3, 'ent_coef': 0.0015520213542241583, 'clip_eps': 0.3, 'gae_lambda': 0.9455554792143251, 'vf_coef': 0.8241835664644827, 'rollout_steps': 4096, 'minibatch_size': 256, 'hidden_dim': 512}. Best is trial 0 with value: 129.81333333333447.
[I 2026-07-09 09:14:11,789] Trial 79 pruned. 
[I 2026-07-09 09:14:25,591] Trial 100 pruned. 
[I 2026-07-09 09:16:02,345] Trial 87 pruned. 
[I 2026-07-09 09:16:31,739] Trial 102 pruned. 
[I 2026-07-09 09:16:32,703] Trial 86 finished with value: 36.88999999999987 and parameters: {'learning_rate_a': 0.00022634246344670233, 'ppo_epochs': 3, 'ent_coef': 0.002233878179178985, 'clip_eps': 0.1, 'gae_lambda': 0.9833363269261275, 'vf_coef': 0.7710398323262352, 'rollout_steps': 2048, 'minibatch_size': 256, 'hidden_dim': 512}. Best is trial 0 with value: 129.81333333333447.
/pfs/data6/home/ul/ul_student/ul_lmm50/Neuroinformatik/src/ppo_agent.py:43: FutureWarning: You are using `torch.load` with `weights_only=False` (the current default value), which uses the default pickle module implicitly. It is possible to construct malicious pickle data which will execute arbitrary code during unpickling (See https://github.com/pytorch/pytorch/blob/main/SECURITY.md#untrusted-models for more details). In a future release, the default value for `weights_only` will be flipped to `True`. This limits the functions that could be executed during unpickling. Arbitrary objects will no longer be allowed to be loaded via this mode unless they are explicitly allowlisted by the user via `torch.serialization.add_safe_globals`. We recommend you start setting `weights_only=True` for any use case where you don't have full control of the loaded file. Please open an issue on GitHub for any issues related to this experimental feature.
  actor_critic.load_state_dict(torch.load(self.MODEL_FILE, map_location=device))
[I 2026-07-09 09:18:23,844] Trial 84 finished with value: 40.88333333333326 and parameters: {'learning_rate_a': 0.0002356815575027485, 'ppo_epochs': 6, 'ent_coef': 0.0023070278959688895, 'clip_eps': 0.1, 'gae_lambda': 0.9343584507412784, 'vf_coef': 0.8370974450256969, 'rollout_steps': 1024, 'minibatch_size': 128, 'hidden_dim': 512}. Best is trial 0 with value: 129.81333333333447.
[I 2026-07-09 09:20:00,846] Trial 105 pruned. 
[I 2026-07-09 09:23:18,911] Trial 90 pruned. 
[I 2026-07-09 09:24:12,378] Trial 91 pruned. 
[I 2026-07-09 09:29:14,247] Trial 110 pruned. 
[I 2026-07-09 09:29:28,007] Trial 111 pruned. 
/pfs/data6/home/ul/ul_student/ul_lmm50/Neuroinformatik/src/ppo_agent.py:43: FutureWarning: You are using `torch.load` with `weights_only=False` (the current default value), which uses the default pickle module implicitly. It is possible to construct malicious pickle data which will execute arbitrary code during unpickling (See https://github.com/pytorch/pytorch/blob/main/SECURITY.md#untrusted-models for more details). In a future release, the default value for `weights_only` will be flipped to `True`. This limits the functions that could be executed during unpickling. Arbitrary objects will no longer be allowed to be loaded via this mode unless they are explicitly allowlisted by the user via `torch.serialization.add_safe_globals`. We recommend you start setting `weights_only=True` for any use case where you don't have full control of the loaded file. Please open an issue on GitHub for any issues related to this experimental feature.
  actor_critic.load_state_dict(torch.load(self.MODEL_FILE, map_location=device))
[I 2026-07-09 09:31:12,239] Trial 95 finished with value: 3.4666666666666655 and parameters: {'learning_rate_a': 0.0003528398438639659, 'ppo_epochs': 3, 'ent_coef': 0.0016938977436120018, 'clip_eps': 0.1, 'gae_lambda': 0.9269578966893345, 'vf_coef': 0.9393631226457063, 'rollout_steps': 4096, 'minibatch_size': 256, 'hidden_dim': 512}. Best is trial 0 with value: 129.81333333333447.
[I 2026-07-09 09:31:41,965] Trial 94 pruned. 
[I 2026-07-09 09:34:45,521] Trial 116 pruned. 
[I 2026-07-09 09:36:20,535] Trial 121 pruned. 
[I 2026-07-09 09:38:04,311] Trial 117 pruned. 
[I 2026-07-09 09:46:05,928] Trial 120 pruned. 
[I 2026-07-09 09:51:29,268] Trial 106 pruned. 
[I 2026-07-09 09:51:31,986] Trial 126 pruned. 
/pfs/data6/home/ul/ul_student/ul_lmm50/Neuroinformatik/src/ppo_agent.py:43: FutureWarning: You are using `torch.load` with `weights_only=False` (the current default value), which uses the default pickle module implicitly. It is possible to construct malicious pickle data which will execute arbitrary code during unpickling (See https://github.com/pytorch/pytorch/blob/main/SECURITY.md#untrusted-models for more details). In a future release, the default value for `weights_only` will be flipped to `True`. This limits the functions that could be executed during unpickling. Arbitrary objects will no longer be allowed to be loaded via this mode unless they are explicitly allowlisted by the user via `torch.serialization.add_safe_globals`. We recommend you start setting `weights_only=True` for any use case where you don't have full control of the loaded file. Please open an issue on GitHub for any issues related to this experimental feature.
  actor_critic.load_state_dict(torch.load(self.MODEL_FILE, map_location=device))
[I 2026-07-09 09:51:41,941] Trial 124 pruned. 
[I 2026-07-09 09:52:42,070] Trial 107 finished with value: 31.493333333333343 and parameters: {'learning_rate_a': 0.0006178107502385136, 'ppo_epochs': 3, 'ent_coef': 0.0037222900789014657, 'clip_eps': 0.1, 'gae_lambda': 0.9391802354394315, 'vf_coef': 0.7561444638349313, 'rollout_steps': 1024, 'minibatch_size': 64, 'hidden_dim': 512}. Best is trial 0 with value: 129.81333333333447.
[I 2026-07-09 09:52:57,793] Trial 103 finished with value: 185.66000000000062 and parameters: {'learning_rate_a': 0.0002770545766636745, 'ppo_epochs': 3, 'ent_coef': 0.0010372968445196676, 'clip_eps': 0.2, 'gae_lambda': 0.9116842421313781, 'vf_coef': 0.5096868368035469, 'rollout_steps': 1024, 'minibatch_size': 64, 'hidden_dim': 256}. Best is trial 103 with value: 185.66000000000062.
[I 2026-07-09 09:53:55,241] Trial 109 pruned. 
[I 2026-07-09 09:55:27,343] Trial 108 pruned. 
[I 2026-07-09 09:57:06,674] Trial 127 pruned. 
[I 2026-07-09 09:58:03,282] Trial 130 pruned. 
[I 2026-07-09 10:00:37,487] Trial 114 finished with value: 11.919999999999984 and parameters: {'learning_rate_a': 0.00014782105472063432, 'ppo_epochs': 3, 'ent_coef': 0.007011120274930238, 'clip_eps': 0.1, 'gae_lambda': 0.9702452319300984, 'vf_coef': 0.8430456635898969, 'rollout_steps': 2048, 'minibatch_size': 256, 'hidden_dim': 512}. Best is trial 103 with value: 185.66000000000062.
[I 2026-07-09 10:00:51,022] Trial 112 pruned. 
[I 2026-07-09 10:01:08,778] Trial 113 pruned. 
[I 2026-07-09 10:02:21,417] Trial 115 pruned. 
[I 2026-07-09 10:03:20,291] Trial 135 pruned. 
[I 2026-07-09 10:06:13,796] Trial 138 pruned. 
/pfs/data6/home/ul/ul_student/ul_lmm50/Neuroinformatik/src/ppo_agent.py:43: FutureWarning: You are using `torch.load` with `weights_only=False` (the current default value), which uses the default pickle module implicitly. It is possible to construct malicious pickle data which will execute arbitrary code during unpickling (See https://github.com/pytorch/pytorch/blob/main/SECURITY.md#untrusted-models for more details). In a future release, the default value for `weights_only` will be flipped to `True`. This limits the functions that could be executed during unpickling. Arbitrary objects will no longer be allowed to be loaded via this mode unless they are explicitly allowlisted by the user via `torch.serialization.add_safe_globals`. We recommend you start setting `weights_only=True` for any use case where you don't have full control of the loaded file. Please open an issue on GitHub for any issues related to this experimental feature.
  actor_critic.load_state_dict(torch.load(self.MODEL_FILE, map_location=device))
[I 2026-07-09 10:09:15,374] Trial 132 pruned. 
[I 2026-07-09 10:12:05,115] Trial 118 finished with value: 108.55000000000243 and parameters: {'learning_rate_a': 0.00021049650494233926, 'ppo_epochs': 3, 'ent_coef': 0.001888102621118324, 'clip_eps': 0.1, 'gae_lambda': 0.9799756185633564, 'vf_coef': 0.6064744715360115, 'rollout_steps': 2048, 'minibatch_size': 256, 'hidden_dim': 512}. Best is trial 103 with value: 185.66000000000062.
[I 2026-07-09 10:15:04,001] Trial 119 pruned. 
/pfs/data6/home/ul/ul_student/ul_lmm50/Neuroinformatik/src/ppo_agent.py:43: FutureWarning: You are using `torch.load` with `weights_only=False` (the current default value), which uses the default pickle module implicitly. It is possible to construct malicious pickle data which will execute arbitrary code during unpickling (See https://github.com/pytorch/pytorch/blob/main/SECURITY.md#untrusted-models for more details). In a future release, the default value for `weights_only` will be flipped to `True`. This limits the functions that could be executed during unpickling. Arbitrary objects will no longer be allowed to be loaded via this mode unless they are explicitly allowlisted by the user via `torch.serialization.add_safe_globals`. We recommend you start setting `weights_only=True` for any use case where you don't have full control of the loaded file. Please open an issue on GitHub for any issues related to this experimental feature.
  actor_critic.load_state_dict(torch.load(self.MODEL_FILE, map_location=device))
/pfs/data6/home/ul/ul_student/ul_lmm50/Neuroinformatik/src/ppo_agent.py:43: FutureWarning: You are using `torch.load` with `weights_only=False` (the current default value), which uses the default pickle module implicitly. It is possible to construct malicious pickle data which will execute arbitrary code during unpickling (See https://github.com/pytorch/pytorch/blob/main/SECURITY.md#untrusted-models for more details). In a future release, the default value for `weights_only` will be flipped to `True`. This limits the functions that could be executed during unpickling. Arbitrary objects will no longer be allowed to be loaded via this mode unless they are explicitly allowlisted by the user via `torch.serialization.add_safe_globals`. We recommend you start setting `weights_only=True` for any use case where you don't have full control of the loaded file. Please open an issue on GitHub for any issues related to this experimental feature.
  actor_critic.load_state_dict(torch.load(self.MODEL_FILE, map_location=device))
[I 2026-07-09 10:19:18,939] Trial 123 finished with value: 7.08999999999999 and parameters: {'learning_rate_a': 0.0003323715786232706, 'ppo_epochs': 3, 'ent_coef': 0.0010430729005352724, 'clip_eps': 0.3, 'gae_lambda': 0.9445275653505909, 'vf_coef': 0.5467408023684581, 'rollout_steps': 4096, 'minibatch_size': 256, 'hidden_dim': 512}. Best is trial 103 with value: 185.66000000000062.
[I 2026-07-09 10:23:52,499] Trial 125 pruned. 
[I 2026-07-09 10:24:27,234] Trial 145 pruned. 
[I 2026-07-09 10:27:03,497] Trial 122 finished with value: 244.3300000000103 and parameters: {'learning_rate_a': 8.173248786375869e-05, 'ppo_epochs': 10, 'ent_coef': 0.0017117788137399888, 'clip_eps': 0.1, 'gae_lambda': 0.9794020075853724, 'vf_coef': 0.9149566290806301, 'rollout_steps': 2048, 'minibatch_size': 256, 'hidden_dim': 512}. Best is trial 122 with value: 244.3300000000103.
[I 2026-07-09 10:29:07,854] Trial 146 pruned. 
[I 2026-07-09 10:29:39,344] Trial 147 pruned. 
[I 2026-07-09 10:30:30,747] Trial 144 pruned. 
[I 2026-07-09 10:35:05,276] Trial 150 pruned. 
[I 2026-07-09 10:36:35,520] Trial 129 finished with value: 19.353333333333374 and parameters: {'learning_rate_a': 0.0007225898467465974, 'ppo_epochs': 3, 'ent_coef': 0.0011822330180589484, 'clip_eps': 0.3, 'gae_lambda': 0.9382951281723815, 'vf_coef': 0.6729021979660723, 'rollout_steps': 4096, 'minibatch_size': 256, 'hidden_dim': 512}. Best is trial 122 with value: 244.3300000000103.
[I 2026-07-09 10:37:25,262] Trial 128 pruned. 
[I 2026-07-09 10:38:10,853] Trial 131 pruned. 
/pfs/data6/home/ul/ul_student/ul_lmm50/Neuroinformatik/src/ppo_agent.py:43: FutureWarning: You are using `torch.load` with `weights_only=False` (the current default value), which uses the default pickle module implicitly. It is possible to construct malicious pickle data which will execute arbitrary code during unpickling (See https://github.com/pytorch/pytorch/blob/main/SECURITY.md#untrusted-models for more details). In a future release, the default value for `weights_only` will be flipped to `True`. This limits the functions that could be executed during unpickling. Arbitrary objects will no longer be allowed to be loaded via this mode unless they are explicitly allowlisted by the user via `torch.serialization.add_safe_globals`. We recommend you start setting `weights_only=True` for any use case where you don't have full control of the loaded file. Please open an issue on GitHub for any issues related to this experimental feature.
  actor_critic.load_state_dict(torch.load(self.MODEL_FILE, map_location=device))
[I 2026-07-09 10:41:17,265] Trial 133 finished with value: 9.226666666666652 and parameters: {'learning_rate_a': 0.00014881399409566855, 'ppo_epochs': 3, 'ent_coef': 0.00316482818260898, 'clip_eps': 0.1, 'gae_lambda': 0.9393798759603768, 'vf_coef': 0.8232171068501203, 'rollout_steps': 1024, 'minibatch_size': 64, 'hidden_dim': 256}. Best is trial 122 with value: 244.3300000000103.
[I 2026-07-09 10:42:32,367] Trial 134 pruned. 
[I 2026-07-09 10:44:38,129] Trial 136 pruned. 
[I 2026-07-09 10:44:44,328] Trial 149 pruned. 
[I 2026-07-09 10:45:58,273] Trial 151 pruned. 
[I 2026-07-09 10:46:18,180] Trial 139 pruned. 
[I 2026-07-09 10:46:33,194] Trial 137 pruned. 
[I 2026-07-09 10:46:42,580] Trial 156 pruned. 
[I 2026-07-09 10:49:04,582] Trial 140 pruned. 
[I 2026-07-09 10:49:56,001] Trial 159 pruned. 
[I 2026-07-09 10:49:58,568] Trial 158 pruned. 
[I 2026-07-09 10:50:29,157] Trial 141 finished with value: 22.050000000000068 and parameters: {'learning_rate_a': 0.00024920667047853833, 'ppo_epochs': 3, 'ent_coef': 0.002436741688059195, 'clip_eps': 0.2, 'gae_lambda': 0.9066149871510205, 'vf_coef': 0.6733269442868116, 'rollout_steps': 1024, 'minibatch_size': 256, 'hidden_dim': 256}. Best is trial 122 with value: 244.3300000000103.
[I 2026-07-09 10:53:45,165] Trial 142 pruned. 
[I 2026-07-09 10:55:16,073] Trial 165 pruned. 
[I 2026-07-09 10:58:01,981] Trial 157 pruned. 
[I 2026-07-09 10:58:06,658] Trial 143 finished with value: 32.39000000000008 and parameters: {'learning_rate_a': 0.0003189346856426211, 'ppo_epochs': 3, 'ent_coef': 0.00202695714626037, 'clip_eps': 0.2, 'gae_lambda': 0.9031601294757864, 'vf_coef': 0.8231946980460552, 'rollout_steps': 1024, 'minibatch_size': 64, 'hidden_dim': 256}. Best is trial 122 with value: 244.3300000000103.
[I 2026-07-09 10:58:42,038] Trial 168 pruned. 
[I 2026-07-09 11:00:36,528] Trial 169 pruned. 
[I 2026-07-09 11:01:19,826] Trial 161 pruned. 
[I 2026-07-09 11:01:33,508] Trial 162 pruned. 
[I 2026-07-09 11:02:58,993] Trial 171 pruned. 
[I 2026-07-09 11:03:45,149] Trial 164 pruned. 
[I 2026-07-09 11:04:51,717] Trial 166 pruned. 
[I 2026-07-09 11:09:13,237] Trial 177 pruned. 
[I 2026-07-09 11:13:35,406] Trial 148 pruned. 
[I 2026-07-09 11:13:42,224] Trial 172 pruned. 
[I 2026-07-09 11:16:29,511] Trial 175 pruned. 
[I 2026-07-09 11:19:09,791] Trial 180 pruned. 
[I 2026-07-09 11:19:40,850] Trial 152 pruned. 
[I 2026-07-09 11:20:57,261] Trial 153 pruned. 
[I 2026-07-09 11:22:59,118] Trial 155 finished with value: 5.63666666666666 and parameters: {'learning_rate_a': 0.00046315040638833776, 'ppo_epochs': 3, 'ent_coef': 0.0032277087227524834, 'clip_eps': 0.2, 'gae_lambda': 0.9048175971254995, 'vf_coef': 0.38948011773703956, 'rollout_steps': 4096, 'minibatch_size': 128, 'hidden_dim': 256}. Best is trial 122 with value: 244.3300000000103.
[I 2026-07-09 11:24:55,011] Trial 184 pruned. 
[I 2026-07-09 11:25:29,281] Trial 154 finished with value: 35.03333333333319 and parameters: {'learning_rate_a': 7.478321708247165e-05, 'ppo_epochs': 6, 'ent_coef': 0.002314171960001964, 'clip_eps': 0.2, 'gae_lambda': 0.9158598382726476, 'vf_coef': 0.4359754492525619, 'rollout_steps': 4096, 'minibatch_size': 64, 'hidden_dim': 256}. Best is trial 122 with value: 244.3300000000103.
[I 2026-07-09 11:28:49,031] Trial 181 pruned. 
/pfs/data6/home/ul/ul_student/ul_lmm50/Neuroinformatik/src/ppo_agent.py:43: FutureWarning: You are using `torch.load` with `weights_only=False` (the current default value), which uses the default pickle module implicitly. It is possible to construct malicious pickle data which will execute arbitrary code during unpickling (See https://github.com/pytorch/pytorch/blob/main/SECURITY.md#untrusted-models for more details). In a future release, the default value for `weights_only` will be flipped to `True`. This limits the functions that could be executed during unpickling. Arbitrary objects will no longer be allowed to be loaded via this mode unless they are explicitly allowlisted by the user via `torch.serialization.add_safe_globals`. We recommend you start setting `weights_only=True` for any use case where you don't have full control of the loaded file. Please open an issue on GitHub for any issues related to this experimental feature.
  actor_critic.load_state_dict(torch.load(self.MODEL_FILE, map_location=device))
[I 2026-07-09 11:31:48,415] Trial 182 pruned. 
[I 2026-07-09 11:32:03,964] Trial 163 pruned. 
[I 2026-07-09 11:34:15,311] Trial 183 pruned. 
[I 2026-07-09 11:38:02,115] Trial 186 pruned. 
[I 2026-07-09 11:39:40,261] Trial 192 pruned. 
[I 2026-07-09 11:40:27,883] Trial 167 finished with value: 200.65666666666928 and parameters: {'learning_rate_a': 0.00012198000248841194, 'ppo_epochs': 3, 'ent_coef': 0.0024326180610137636, 'clip_eps': 0.2, 'gae_lambda': 0.9020360066494874, 'vf_coef': 0.6243311004799902, 'rollout_steps': 1024, 'minibatch_size': 256, 'hidden_dim': 256}. Best is trial 122 with value: 244.3300000000103.
[I 2026-07-09 11:40:32,953] Trial 188 pruned. 
[I 2026-07-09 11:42:31,874] Trial 170 finished with value: 14.43000000000003 and parameters: {'learning_rate_a': 0.00024918177665751723, 'ppo_epochs': 3, 'ent_coef': 0.0035311341335465666, 'clip_eps': 0.2, 'gae_lambda': 0.9041260987567293, 'vf_coef': 0.8279986476969637, 'rollout_steps': 1024, 'minibatch_size': 256, 'hidden_dim': 256}. Best is trial 122 with value: 244.3300000000103.
[I 2026-07-09 11:43:44,187] Trial 193 pruned. 
[I 2026-07-09 11:45:02,230] Trial 194 pruned. 
[I 2026-07-09 11:46:06,794] Trial 174 finished with value: 34.22666666666671 and parameters: {'learning_rate_a': 0.0006475218058160287, 'ppo_epochs': 3, 'ent_coef': 0.0027039368692572297, 'clip_eps': 0.2, 'gae_lambda': 0.9165098948014285, 'vf_coef': 0.7103183729803201, 'rollout_steps': 1024, 'minibatch_size': 256, 'hidden_dim': 256}. Best is trial 122 with value: 244.3300000000103.
[I 2026-07-09 11:48:20,126] Trial 176 finished with value: 17.770000000000064 and parameters: {'learning_rate_a': 0.0001608350222206234, 'ppo_epochs': 3, 'ent_coef': 0.0036262870834296405, 'clip_eps': 0.2, 'gae_lambda': 0.9167787546272321, 'vf_coef': 0.8549636958818404, 'rollout_steps': 1024, 'minibatch_size': 64, 'hidden_dim': 256}. Best is trial 122 with value: 244.3300000000103.
[I 2026-07-09 11:48:41,371] Trial 173 finished with value: 88.4099999999987 and parameters: {'learning_rate_a': 0.00042927561275926007, 'ppo_epochs': 3, 'ent_coef': 0.008883096046897137, 'clip_eps': 0.2, 'gae_lambda': 0.905148048856441, 'vf_coef': 0.9161307258995722, 'rollout_steps': 1024, 'minibatch_size': 64, 'hidden_dim': 256}. Best is trial 122 with value: 244.3300000000103.
[I 2026-07-09 11:48:42,178] Trial 198 pruned. 
[I 2026-07-09 11:49:55,312] Trial 178 pruned. 
[I 2026-07-09 11:53:17,214] Trial 160 finished with value: 712.3399999999189 and parameters: {'learning_rate_a': 0.00046795361557161886, 'ppo_epochs': 3, 'ent_coef': 0.0016714398762244184, 'clip_eps': 0.2, 'gae_lambda': 0.9240035046770071, 'vf_coef': 0.6651351269934721, 'rollout_steps': 4096, 'minibatch_size': 128, 'hidden_dim': 512}. Best is trial 160 with value: 712.3399999999189.
[I 2026-07-09 11:53:42,987] Trial 179 finished with value: 19.95666666666673 and parameters: {'learning_rate_a': 0.0006697750991275235, 'ppo_epochs': 3, 'ent_coef': 0.0011893470388574898, 'clip_eps': 0.1, 'gae_lambda': 0.9014520652550299, 'vf_coef': 0.6209278601977539, 'rollout_steps': 1024, 'minibatch_size': 256, 'hidden_dim': 256}. Best is trial 160 with value: 712.3399999999189.
[I 2026-07-09 11:54:03,308] Trial 202 pruned. 
[I 2026-07-09 11:56:06,685] Trial 195 pruned. 
[I 2026-07-09 11:58:15,077] Trial 197 pruned. 
[I 2026-07-09 11:58:38,283] Trial 205 pruned. 
[I 2026-07-09 12:01:22,306] Trial 200 pruned. 
[I 2026-07-09 12:03:39,721] Trial 209 pruned. 
[I 2026-07-09 12:06:09,914] Trial 185 pruned. 
[I 2026-07-09 12:09:09,899] Trial 206 pruned. 
[I 2026-07-09 12:09:51,308] Trial 187 finished with value: 14.11000000000003 and parameters: {'learning_rate_a': 0.0003240099299368482, 'ppo_epochs': 3, 'ent_coef': 0.002060998505181568, 'clip_eps': 0.2, 'gae_lambda': 0.9009739374432452, 'vf_coef': 0.43938300116930407, 'rollout_steps': 1024, 'minibatch_size': 256, 'hidden_dim': 256}. Best is trial 160 with value: 712.3399999999189.
[I 2026-07-09 12:12:44,705] Trial 189 pruned. 
[I 2026-07-09 12:14:18,923] Trial 214 pruned. 
/pfs/data6/home/ul/ul_student/ul_lmm50/Neuroinformatik/src/ppo_agent.py:43: FutureWarning: You are using `torch.load` with `weights_only=False` (the current default value), which uses the default pickle module implicitly. It is possible to construct malicious pickle data which will execute arbitrary code during unpickling (See https://github.com/pytorch/pytorch/blob/main/SECURITY.md#untrusted-models for more details). In a future release, the default value for `weights_only` will be flipped to `True`. This limits the functions that could be executed during unpickling. Arbitrary objects will no longer be allowed to be loaded via this mode unless they are explicitly allowlisted by the user via `torch.serialization.add_safe_globals`. We recommend you start setting `weights_only=True` for any use case where you don't have full control of the loaded file. Please open an issue on GitHub for any issues related to this experimental feature.
  actor_critic.load_state_dict(torch.load(self.MODEL_FILE, map_location=device))
[I 2026-07-09 12:16:38,541] Trial 190 finished with value: 10.473333333333319 and parameters: {'learning_rate_a': 0.00012261853058706252, 'ppo_epochs': 3, 'ent_coef': 0.005301192673911512, 'clip_eps': 0.2, 'gae_lambda': 0.9157551986034573, 'vf_coef': 0.961775380745528, 'rollout_steps': 1024, 'minibatch_size': 128, 'hidden_dim': 256}. Best is trial 160 with value: 712.3399999999189.
[I 2026-07-09 12:18:09,109] Trial 216 pruned. 
[I 2026-07-09 12:18:27,927] Trial 191 finished with value: 21.613333333333383 and parameters: {'learning_rate_a': 0.00030211491308537015, 'ppo_epochs': 3, 'ent_coef': 0.0027792537815089407, 'clip_eps': 0.2, 'gae_lambda': 0.9166130588857765, 'vf_coef': 0.7834754522124894, 'rollout_steps': 2048, 'minibatch_size': 64, 'hidden_dim': 256}. Best is trial 160 with value: 712.3399999999189.
[I 2026-07-09 12:23:46,158] Trial 220 pruned. 
[I 2026-07-09 12:24:59,081] Trial 215 pruned. 
[I 2026-07-09 12:26:36,887] Trial 196 finished with value: 26.293333333333344 and parameters: {'learning_rate_a': 0.0001990256839385715, 'ppo_epochs': 3, 'ent_coef': 0.002293360832804573, 'clip_eps': 0.2, 'gae_lambda': 0.9074450886268838, 'vf_coef': 0.8276003021455665, 'rollout_steps': 2048, 'minibatch_size': 64, 'hidden_dim': 256}. Best is trial 160 with value: 712.3399999999189.
[I 2026-07-09 12:29:09,497] Trial 199 pruned. 
[I 2026-07-09 12:32:39,682] Trial 201 pruned. 
[I 2026-07-09 12:33:39,015] Trial 203 finished with value: 21.5433333333333 and parameters: {'learning_rate_a': 0.0003179399295438455, 'ppo_epochs': 3, 'ent_coef': 0.003760443582291182, 'clip_eps': 0.2, 'gae_lambda': 0.9037669082997029, 'vf_coef': 0.5926947656063755, 'rollout_steps': 1024, 'minibatch_size': 256, 'hidden_dim': 256}. Best is trial 160 with value: 712.3399999999189.
[I 2026-07-09 12:34:48,005] Trial 204 finished with value: 21.770000000000053 and parameters: {'learning_rate_a': 0.0005986504945016071, 'ppo_epochs': 3, 'ent_coef': 0.009969041258531458, 'clip_eps': 0.1, 'gae_lambda': 0.9130494206666827, 'vf_coef': 0.6728417293855239, 'rollout_steps': 1024, 'minibatch_size': 256, 'hidden_dim': 256}. Best is trial 160 with value: 712.3399999999189.
[I 2026-07-09 12:37:54,732] Trial 225 pruned. 
[I 2026-07-09 12:40:11,936] Trial 227 pruned. 
[I 2026-07-09 12:40:25,991] Trial 208 finished with value: 8.383333333333331 and parameters: {'learning_rate_a': 0.000933911988207859, 'ppo_epochs': 3, 'ent_coef': 0.004483024945503252, 'clip_eps': 0.2, 'gae_lambda': 0.9245926664032401, 'vf_coef': 0.6266659671107412, 'rollout_steps': 1024, 'minibatch_size': 256, 'hidden_dim': 256}. Best is trial 160 with value: 712.3399999999189.
[I 2026-07-09 12:41:39,420] Trial 223 pruned. 
[I 2026-07-09 12:44:00,588] Trial 224 pruned. 
[I 2026-07-09 12:44:59,986] Trial 207 finished with value: 185.68666666667346 and parameters: {'learning_rate_a': 0.0006003813911089234, 'ppo_epochs': 3, 'ent_coef': 0.0015717450633574881, 'clip_eps': 0.2, 'gae_lambda': 0.9103145657077856, 'vf_coef': 0.6220604983559112, 'rollout_steps': 4096, 'minibatch_size': 128, 'hidden_dim': 512}. Best is trial 160 with value: 712.3399999999189.
[I 2026-07-09 12:45:24,329] Trial 211 pruned. 
[I 2026-07-09 12:46:37,641] Trial 231 pruned. 
[I 2026-07-09 12:48:42,278] Trial 212 pruned. 
[I 2026-07-09 12:49:08,527] Trial 210 finished with value: 175.07666666667194 and parameters: {'learning_rate_a': 0.00020719384002628564, 'ppo_epochs': 3, 'ent_coef': 0.003202062587208171, 'clip_eps': 0.2, 'gae_lambda': 0.9288651684469897, 'vf_coef': 0.5987187890586415, 'rollout_steps': 4096, 'minibatch_size': 128, 'hidden_dim': 512}. Best is trial 160 with value: 712.3399999999189.
[I 2026-07-09 12:50:19,302] Trial 234 pruned. 
[I 2026-07-09 12:50:23,935] Trial 213 pruned. 
[I 2026-07-09 12:52:54,403] Trial 228 pruned. 
[I 2026-07-09 12:58:36,862] Trial 240 pruned. 
[I 2026-07-09 12:59:04,073] Trial 232 pruned. 
[I 2026-07-09 12:59:42,671] Trial 233 pruned. 
[I 2026-07-09 12:59:43,426] Trial 217 finished with value: 7.586666666666657 and parameters: {'learning_rate_a': 0.00033463257861077715, 'ppo_epochs': 4, 'ent_coef': 0.0019772581055233856, 'clip_eps': 0.2, 'gae_lambda': 0.9561868974528873, 'vf_coef': 0.7753677799489107, 'rollout_steps': 2048, 'minibatch_size': 128, 'hidden_dim': 256}. Best is trial 160 with value: 712.3399999999189.
[I 2026-07-09 13:02:13,815] Trial 219 finished with value: 2.000000000000001 and parameters: {'learning_rate_a': 0.0003022966720655066, 'ppo_epochs': 3, 'ent_coef': 0.0014424451316878404, 'clip_eps': 0.2, 'gae_lambda': 0.9268700695197085, 'vf_coef': 0.704971217172703, 'rollout_steps': 4096, 'minibatch_size': 256, 'hidden_dim': 512}. Best is trial 160 with value: 712.3399999999189.
[I 2026-07-09 13:02:29,177] Trial 235 pruned. 
[I 2026-07-09 13:03:07,334] Trial 218 pruned. 
[I 2026-07-09 13:03:53,997] Trial 237 pruned. 
[I 2026-07-09 13:05:33,887] Trial 239 pruned. 
[I 2026-07-09 13:09:21,596] Trial 221 finished with value: 34.79666666666665 and parameters: {'learning_rate_a': 0.000687828703316762, 'ppo_epochs': 3, 'ent_coef': 0.001582920340052734, 'clip_eps': 0.1, 'gae_lambda': 0.9180473625343982, 'vf_coef': 0.7445711176362462, 'rollout_steps': 1024, 'minibatch_size': 256, 'hidden_dim': 256}. Best is trial 160 with value: 712.3399999999189.
[I 2026-07-09 13:09:35,811] Trial 222 pruned. 
[I 2026-07-09 13:14:51,902] Trial 250 pruned. 
[I 2026-07-09 13:14:58,120] Trial 251 pruned. 
[I 2026-07-09 13:17:01,189] Trial 245 pruned. 
[I 2026-07-09 13:19:15,060] Trial 226 finished with value: 8.323333333333325 and parameters: {'learning_rate_a': 0.00037261314604166877, 'ppo_epochs': 3, 'ent_coef': 0.002057538342559622, 'clip_eps': 0.1, 'gae_lambda': 0.9273322548181269, 'vf_coef': 0.9401646879059348, 'rollout_steps': 2048, 'minibatch_size': 64, 'hidden_dim': 256}. Best is trial 160 with value: 712.3399999999189.
[I 2026-07-09 13:21:11,575] Trial 249 pruned. 
[I 2026-07-09 13:25:04,093] Trial 230 finished with value: 25.626666666666726 and parameters: {'learning_rate_a': 0.0003279198458656934, 'ppo_epochs': 3, 'ent_coef': 0.010575968164053196, 'clip_eps': 0.1, 'gae_lambda': 0.9224107839458536, 'vf_coef': 0.8034252971782158, 'rollout_steps': 1024, 'minibatch_size': 256, 'hidden_dim': 256}. Best is trial 160 with value: 712.3399999999189.
[I 2026-07-09 13:25:08,852] Trial 229 finished with value: 26.430000000000007 and parameters: {'learning_rate_a': 0.00048815849024659493, 'ppo_epochs': 3, 'ent_coef': 0.022346953874041574, 'clip_eps': 0.1, 'gae_lambda': 0.9097214892836253, 'vf_coef': 0.6829886450027476, 'rollout_steps': 1024, 'minibatch_size': 256, 'hidden_dim': 256}. Best is trial 160 with value: 712.3399999999189.
[I 2026-07-09 13:26:33,350] Trial 256 pruned. 
[I 2026-07-09 13:30:29,311] Trial 258 pruned. 
[I 2026-07-09 13:30:43,025] Trial 252 pruned. 
[I 2026-07-09 13:31:29,189] Trial 259 pruned. 
[I 2026-07-09 13:32:19,234] Trial 254 pruned. 
[I 2026-07-09 13:33:04,780] Trial 236 pruned. 
[I 2026-07-09 13:35:59,840] Trial 260 pruned. 
[I 2026-07-09 13:36:25,737] Trial 262 pruned. 
[I 2026-07-09 13:37:08,925] Trial 238 pruned. 
[I 2026-07-09 13:37:18,377] Trial 263 pruned. 
[I 2026-07-09 13:38:20,511] Trial 264 pruned. 
[I 2026-07-09 13:40:56,939] Trial 265 pruned. 
[I 2026-07-09 13:41:30,744] Trial 266 pruned. 
[I 2026-07-09 13:42:42,046] Trial 267 pruned. 
[I 2026-07-09 13:43:44,711] Trial 244 pruned. 
[I 2026-07-09 13:43:46,599] Trial 269 pruned. 
[I 2026-07-09 13:44:06,031] Trial 242 pruned. 
[I 2026-07-09 13:44:12,630] Trial 243 pruned. 
[I 2026-07-09 13:45:47,291] Trial 261 pruned. 
[I 2026-07-09 13:47:22,311] Trial 246 pruned. 
[I 2026-07-09 13:47:46,334] Trial 247 pruned. 
[I 2026-07-09 13:47:56,773] Trial 241 finished with value: 145.50000000000117 and parameters: {'learning_rate_a': 0.0001807978013289298, 'ppo_epochs': 3, 'ent_coef': 0.005412766509353261, 'clip_eps': 0.2, 'gae_lambda': 0.9594719215664959, 'vf_coef': 0.627614496844557, 'rollout_steps': 4096, 'minibatch_size': 128, 'hidden_dim': 512}. Best is trial 160 with value: 712.3399999999189.
[I 2026-07-09 13:48:04,432] Trial 272 pruned. 
[I 2026-07-09 13:48:38,501] Trial 273 pruned. 
[I 2026-07-09 13:48:39,411] Trial 248 finished with value: 8.829999999999982 and parameters: {'learning_rate_a': 0.0006779210937572636, 'ppo_epochs': 3, 'ent_coef': 0.006775251026992305, 'clip_eps': 0.1, 'gae_lambda': 0.9059355493920468, 'vf_coef': 0.5306352120966806, 'rollout_steps': 1024, 'minibatch_size': 128, 'hidden_dim': 256}. Best is trial 160 with value: 712.3399999999189.
[I 2026-07-09 13:49:34,807] Trial 276 pruned. 
[I 2026-07-09 13:51:32,219] Trial 277 pruned. 
[I 2026-07-09 13:54:56,355] Trial 284 pruned. 
[I 2026-07-09 13:55:37,856] Trial 270 pruned. 
[I 2026-07-09 13:56:56,166] Trial 285 pruned. 
[I 2026-07-09 13:58:50,014] Trial 253 pruned. 
[I 2026-07-09 14:00:04,374] Trial 286 pruned. 
[I 2026-07-09 14:00:33,622] Trial 275 pruned. 
[I 2026-07-09 14:01:05,855] Trial 287 pruned. 
[I 2026-07-09 14:02:18,605] Trial 288 pruned. 
[I 2026-07-09 14:02:37,905] Trial 279 pruned. 
[I 2026-07-09 14:02:50,745] Trial 280 pruned. 
[I 2026-07-09 14:03:32,743] Trial 282 pruned. 
[I 2026-07-09 14:03:55,703] Trial 255 finished with value: 2.000000000000001 and parameters: {'learning_rate_a': 0.0002407591233720417, 'ppo_epochs': 3, 'ent_coef': 0.006621878954792766, 'clip_eps': 0.2, 'gae_lambda': 0.9226297004710079, 'vf_coef': 0.6563895466819402, 'rollout_steps': 4096, 'minibatch_size': 128, 'hidden_dim': 512}. Best is trial 160 with value: 712.3399999999189.
[I 2026-07-09 14:09:04,703] Trial 297 pruned. 
[I 2026-07-09 14:09:23,593] Trial 257 pruned. 
[I 2026-07-09 14:14:08,459] Trial 289 pruned. 
[I 2026-07-09 14:16:08,299] Trial 292 pruned. 
[I 2026-07-09 14:16:21,218] Trial 291 pruned. 
[I 2026-07-09 14:19:06,736] Trial 300 pruned. 
[I 2026-07-09 14:21:30,288] Trial 268 pruned. 
[I 2026-07-09 14:22:09,389] Trial 302 pruned. 
[I 2026-07-09 14:24:15,306] Trial 303 pruned. 
[I 2026-07-09 14:24:18,445] Trial 299 pruned. 
[I 2026-07-09 14:24:40,186] Trial 298 pruned. 
[I 2026-07-09 14:25:59,618] Trial 271 pruned. 
[I 2026-07-09 14:26:56,678] Trial 304 pruned. 
[I 2026-07-09 14:28:03,765] Trial 274 pruned. 
[I 2026-07-09 14:32:35,566] Trial 278 pruned. 
[I 2026-07-09 14:33:25,648] Trial 283 pruned. 
[I 2026-07-09 14:36:56,883] Trial 281 finished with value: 138.9866666666702 and parameters: {'learning_rate_a': 0.00013206659387495544, 'ppo_epochs': 3, 'ent_coef': 0.002184204965067891, 'clip_eps': 0.2, 'gae_lambda': 0.956162165335555, 'vf_coef': 0.5209225563130553, 'rollout_steps': 4096, 'minibatch_size': 128, 'hidden_dim': 256}. Best is trial 160 with value: 712.3399999999189.
[I 2026-07-09 14:38:09,288] Trial 312 pruned. 
[I 2026-07-09 14:38:55,942] Trial 313 pruned. 
[I 2026-07-09 14:39:20,205] Trial 307 pruned. 
[I 2026-07-09 14:41:11,893] Trial 309 pruned. 
[I 2026-07-09 14:43:33,128] Trial 315 pruned. 
[I 2026-07-09 14:44:11,069] Trial 290 pruned. 
[I 2026-07-09 14:44:11,938] Trial 316 pruned. 
[I 2026-07-09 14:46:39,911] Trial 318 pruned. 
[I 2026-07-09 14:46:57,460] Trial 293 pruned. 
[I 2026-07-09 14:47:32,091] Trial 295 pruned. 
[I 2026-07-09 14:47:39,526] Trial 294 pruned. 
[I 2026-07-09 14:48:17,728] Trial 296 pruned. 
[I 2026-07-09 14:48:58,246] Trial 319 pruned. 
[I 2026-07-09 14:51:51,150] Trial 314 pruned. 
[I 2026-07-09 14:52:03,176] Trial 322 pruned. 
[I 2026-07-09 14:52:29,759] Trial 324 pruned. 
[I 2026-07-09 14:53:02,147] Trial 325 pruned. 
[I 2026-07-09 14:54:12,471] Trial 327 pruned. 
[I 2026-07-09 14:59:18,224] Trial 332 pruned. 
[I 2026-07-09 15:01:23,041] Trial 301 pruned. 
[I 2026-07-09 15:01:57,340] Trial 323 pruned. 
[I 2026-07-09 15:03:19,447] Trial 326 pruned. 
[I 2026-07-09 15:07:25,170] Trial 335 pruned. 
[I 2026-07-09 15:07:50,712] Trial 305 finished with value: 43.556666666666274 and parameters: {'learning_rate_a': 0.0004167541578894771, 'ppo_epochs': 3, 'ent_coef': 0.023714929314899803, 'clip_eps': 0.3, 'gae_lambda': 0.9192757799196912, 'vf_coef': 0.7532278431465012, 'rollout_steps': 1024, 'minibatch_size': 256, 'hidden_dim': 256}. Best is trial 160 with value: 712.3399999999189.
[I 2026-07-09 15:08:07,774] Trial 331 pruned. 
[I 2026-07-09 15:08:57,944] Trial 308 pruned. 
[I 2026-07-09 15:09:11,128] Trial 306 finished with value: 8.81333333333332 and parameters: {'learning_rate_a': 0.0004917256821481796, 'ppo_epochs': 4, 'ent_coef': 0.01770315331226304, 'clip_eps': 0.1, 'gae_lambda': 0.9143541868884046, 'vf_coef': 0.8525831064507885, 'rollout_steps': 1024, 'minibatch_size': 256, 'hidden_dim': 256}. Best is trial 160 with value: 712.3399999999189.
[I 2026-07-09 15:11:20,457] Trial 310 finished with value: 7.729999999999989 and parameters: {'learning_rate_a': 0.00015716587794516, 'ppo_epochs': 3, 'ent_coef': 0.011160903129833782, 'clip_eps': 0.3, 'gae_lambda': 0.9122703507366571, 'vf_coef': 0.7104361784035279, 'rollout_steps': 1024, 'minibatch_size': 256, 'hidden_dim': 256}. Best is trial 160 with value: 712.3399999999189.
[I 2026-07-09 15:13:03,734] Trial 339 pruned. 
[I 2026-07-09 15:13:53,948] Trial 340 pruned. 
[I 2026-07-09 15:14:01,368] Trial 311 finished with value: 47.979999999999784 and parameters: {'learning_rate_a': 0.0003437415817306296, 'ppo_epochs': 4, 'ent_coef': 0.0010404741196855566, 'clip_eps': 0.1, 'gae_lambda': 0.9010267183032117, 'vf_coef': 0.8920652708402449, 'rollout_steps': 1024, 'minibatch_size': 256, 'hidden_dim': 256}. Best is trial 160 with value: 712.3399999999189.
[I 2026-07-09 15:16:40,566] Trial 334 pruned. 
[I 2026-07-09 15:18:23,836] Trial 336 pruned. 
[I 2026-07-09 15:19:05,644] Trial 345 pruned. 
[I 2026-07-09 15:19:12,675] Trial 344 pruned. 
[I 2026-07-09 15:22:49,007] Trial 337 pruned. 
[I 2026-07-09 15:24:10,066] Trial 341 pruned. 
[I 2026-07-09 15:26:45,231] Trial 317 finished with value: 87.1599999999992 and parameters: {'learning_rate_a': 0.0001627962713659872, 'ppo_epochs': 3, 'ent_coef': 0.0026211019915523396, 'clip_eps': 0.2, 'gae_lambda': 0.9506453713514412, 'vf_coef': 0.6059185431399218, 'rollout_steps': 4096, 'minibatch_size': 128, 'hidden_dim': 256}. Best is trial 160 with value: 712.3399999999189.
[I 2026-07-09 15:26:50,782] Trial 342 pruned. 
[I 2026-07-09 15:27:48,964] Trial 343 pruned. 
[I 2026-07-09 15:28:40,687] Trial 320 pruned. 
[I 2026-07-09 15:30:42,838] Trial 321 finished with value: 62.32666666666634 and parameters: {'learning_rate_a': 0.00013339760750929376, 'ppo_epochs': 3, 'ent_coef': 0.0035818649506399827, 'clip_eps': 0.2, 'gae_lambda': 0.9400769279333328, 'vf_coef': 0.7468664160374219, 'rollout_steps': 4096, 'minibatch_size': 128, 'hidden_dim': 256}. Best is trial 160 with value: 712.3399999999189.
[I 2026-07-09 15:31:43,613] Trial 352 pruned. 
[I 2026-07-09 15:33:15,276] Trial 347 pruned. 
[I 2026-07-09 15:36:09,707] Trial 356 pruned. 
[I 2026-07-09 15:36:35,819] Trial 329 finished with value: 14.216666666666672 and parameters: {'learning_rate_a': 0.0006564589116513755, 'ppo_epochs': 3, 'ent_coef': 0.03982344272790173, 'clip_eps': 0.1, 'gae_lambda': 0.9034043304651805, 'vf_coef': 0.7180885951564768, 'rollout_steps': 1024, 'minibatch_size': 256, 'hidden_dim': 256}. Best is trial 160 with value: 712.3399999999189.
[I 2026-07-09 15:37:16,830] Trial 328 finished with value: 7.09999999999999 and parameters: {'learning_rate_a': 0.000670005872698397, 'ppo_epochs': 3, 'ent_coef': 0.001209156767450316, 'clip_eps': 0.1, 'gae_lambda': 0.9151025274256723, 'vf_coef': 0.5050411074472142, 'rollout_steps': 2048, 'minibatch_size': 64, 'hidden_dim': 256}. Best is trial 160 with value: 712.3399999999189.
[I 2026-07-09 15:37:52,275] Trial 330 finished with value: 11.443333333333326 and parameters: {'learning_rate_a': 0.00039259987278320317, 'ppo_epochs': 6, 'ent_coef': 0.0019178860976515526, 'clip_eps': 0.1, 'gae_lambda': 0.9311274135090818, 'vf_coef': 0.7543927966575745, 'rollout_steps': 1024, 'minibatch_size': 256, 'hidden_dim': 512}. Best is trial 160 with value: 712.3399999999189.
[I 2026-07-09 15:38:14,691] Trial 350 pruned. 
[I 2026-07-09 15:41:32,513] Trial 359 pruned. 
[I 2026-07-09 15:42:20,029] Trial 361 pruned. 
[I 2026-07-09 15:43:27,139] Trial 333 pruned. 
[I 2026-07-09 15:43:39,096] Trial 354 pruned. 
[I 2026-07-09 15:46:25,373] Trial 357 pruned. 
[I 2026-07-09 15:46:54,871] Trial 364 pruned. 
[I 2026-07-09 15:47:53,416] Trial 358 pruned. 
[I 2026-07-09 15:48:52,572] Trial 366 pruned. 
[I 2026-07-09 15:51:48,644] Trial 368 pruned. 
[I 2026-07-09 15:52:06,129] Trial 338 pruned. 
[I 2026-07-09 15:52:06,195] Trial 360 pruned. 
[I 2026-07-09 15:52:47,596] Trial 362 pruned. 
[I 2026-07-09 15:53:17,051] Trial 363 pruned. 
[I 2026-07-09 15:56:55,939] Trial 365 pruned. 
[I 2026-07-09 15:57:44,323] Trial 374 pruned. 
[I 2026-07-09 15:58:40,828] Trial 376 pruned. 
[I 2026-07-09 16:00:52,978] Trial 346 pruned. 
[I 2026-07-09 16:03:43,291] Trial 349 pruned. 
[I 2026-07-09 16:03:49,661] Trial 379 pruned. 
[I 2026-07-09 16:04:22,558] Trial 348 pruned. 
[I 2026-07-09 16:07:56,933] Trial 351 pruned. 
[I 2026-07-09 16:14:16,001] Trial 355 finished with value: 41.6333333333332 and parameters: {'learning_rate_a': 0.00026747509770392317, 'ppo_epochs': 4, 'ent_coef': 0.0012149916143347785, 'clip_eps': 0.3, 'gae_lambda': 0.9223229924334345, 'vf_coef': 0.898840896638977, 'rollout_steps': 1024, 'minibatch_size': 256, 'hidden_dim': 256}. Best is trial 160 with value: 712.3399999999189.
[I 2026-07-09 16:14:18,021] Trial 378 pruned. 
[I 2026-07-09 16:18:31,913] Trial 382 pruned. 
[I 2026-07-09 16:19:17,470] Trial 383 pruned. 
[I 2026-07-09 16:20:20,480] Trial 353 finished with value: 261.4366666666667 and parameters: {'learning_rate_a': 0.000715480918454755, 'ppo_epochs': 4, 'ent_coef': 0.002072005407063222, 'clip_eps': 0.1, 'gae_lambda': 0.9166300455485226, 'vf_coef': 0.872323386830815, 'rollout_steps': 1024, 'minibatch_size': 256, 'hidden_dim': 256}. Best is trial 160 with value: 712.3399999999189.
[I 2026-07-09 16:24:38,056] Trial 384 pruned. 
[I 2026-07-09 16:29:44,868] Trial 367 finished with value: 29.95333333333303 and parameters: {'learning_rate_a': 0.0004051856589660023, 'ppo_epochs': 4, 'ent_coef': 0.001371312243313041, 'clip_eps': 0.1, 'gae_lambda': 0.9094797381523191, 'vf_coef': 0.8979928219187334, 'rollout_steps': 1024, 'minibatch_size': 128, 'hidden_dim': 256}. Best is trial 160 with value: 712.3399999999189.
[I 2026-07-09 16:30:06,980] Trial 390 pruned. 
[I 2026-07-09 16:31:12,169] Trial 369 pruned. 
[I 2026-07-09 16:33:28,883] Trial 371 pruned. 
[I 2026-07-09 16:33:56,317] Trial 370 pruned. 
[I 2026-07-09 16:35:08,725] Trial 391 pruned. 
[I 2026-07-09 16:35:51,974] Trial 372 finished with value: 4.2766666666666655 and parameters: {'learning_rate_a': 0.0009235983974947981, 'ppo_epochs': 3, 'ent_coef': 0.013676983741549248, 'clip_eps': 0.3, 'gae_lambda': 0.9169328722255708, 'vf_coef': 0.6664750807694172, 'rollout_steps': 4096, 'minibatch_size': 256, 'hidden_dim': 256}. Best is trial 160 with value: 712.3399999999189.
[I 2026-07-09 16:38:22,119] Trial 375 pruned. 
[I 2026-07-09 16:41:39,605] Trial 373 finished with value: 151.03666666666768 and parameters: {'learning_rate_a': 0.00013279644048851702, 'ppo_epochs': 3, 'ent_coef': 0.0034544968234496813, 'clip_eps': 0.2, 'gae_lambda': 0.9505440905495384, 'vf_coef': 0.5543273008758971, 'rollout_steps': 4096, 'minibatch_size': 128, 'hidden_dim': 512}. Best is trial 160 with value: 712.3399999999189.
[I 2026-07-09 16:43:01,987] Trial 377 finished with value: 27.009999999999987 and parameters: {'learning_rate_a': 0.00019875248807146542, 'ppo_epochs': 3, 'ent_coef': 0.0010568061058617133, 'clip_eps': 0.2, 'gae_lambda': 0.9204538733505371, 'vf_coef': 0.6409154969341676, 'rollout_steps': 1024, 'minibatch_size': 64, 'hidden_dim': 256}. Best is trial 160 with value: 712.3399999999189.
[I 2026-07-09 16:49:03,212] Trial 381 pruned. 
[I 2026-07-09 16:49:59,951] Trial 396 pruned. 
[I 2026-07-09 16:51:23,053] Trial 380 finished with value: 174.33999999999835 and parameters: {'learning_rate_a': 0.00017302739739265047, 'ppo_epochs': 3, 'ent_coef': 0.013399863185751131, 'clip_eps': 0.2, 'gae_lambda': 0.9267468961817662, 'vf_coef': 0.9521797373676242, 'rollout_steps': 4096, 'minibatch_size': 64, 'hidden_dim': 256}. Best is trial 160 with value: 712.3399999999189.
[I 2026-07-09 16:58:11,776] Trial 386 pruned. 
[I 2026-07-09 16:58:28,915] Trial 385 pruned. 
[I 2026-07-09 17:01:45,116] Trial 388 pruned. 
[I 2026-07-09 17:01:52,123] Trial 387 pruned. 
[I 2026-07-09 17:04:03,431] Trial 389 pruned. 
[I 2026-07-09 17:11:21,422] Trial 392 pruned. 
[I 2026-07-09 17:12:53,828] Trial 394 pruned. 
[I 2026-07-09 17:13:19,513] Trial 393 pruned. 
[I 2026-07-09 17:16:01,004] Trial 395 finished with value: 18.8266666666667 and parameters: {'learning_rate_a': 0.00016438025300799712, 'ppo_epochs': 4, 'ent_coef': 0.0024579612990842784, 'clip_eps': 0.3, 'gae_lambda': 0.9552993188499256, 'vf_coef': 0.8776660716701536, 'rollout_steps': 1024, 'minibatch_size': 256, 'hidden_dim': 256}. Best is trial 160 with value: 712.3399999999189.
[I 2026-07-09 17:17:02,056] Trial 397 pruned. 
[I 2026-07-09 17:19:43,463] Trial 398 pruned. 
[I 2026-07-09 17:22:18,092] Trial 399 finished with value: 16.456666666666692 and parameters: {'learning_rate_a': 0.00018882207309578304, 'ppo_epochs': 4, 'ent_coef': 0.0025916938016700866, 'clip_eps': 0.3, 'gae_lambda': 0.9191767854659972, 'vf_coef': 0.8326086960670557, 'rollout_steps': 1024, 'minibatch_size': 256, 'hidden_dim': 256}. Best is trial 160 with value: 712.3399999999189.
/pfs/data6/home/ul/ul_student/ul_lmm50/Neuroinformatik/src/tune.py:258: ExperimentalWarning: optuna.visualization.matplotlib._optimization_history.plot_optimization_history is experimental (supported from v2.2.0). The interface can change in the future.
  ax = fn(study)
/pfs/data6/home/ul/ul_student/ul_lmm50/Neuroinformatik/src/tune.py:258: ExperimentalWarning: optuna.visualization.matplotlib._param_importances.plot_param_importances is experimental (supported from v2.2.0). The interface can change in the future.
  ax = fn(study)
/pfs/data6/home/ul/ul_student/ul_lmm50/Neuroinformatik/src/tune.py:258: ExperimentalWarning: optuna.visualization.matplotlib._parallel_coordinate.plot_parallel_coordinate is experimental (supported from v2.2.0). The interface can change in the future.
  ax = fn(study)
/pfs/data6/home/ul/ul_student/ul_lmm50/Neuroinformatik/src/tune.py:258: ExperimentalWarning: optuna.visualization.matplotlib._slice.plot_slice is experimental (supported from v2.2.0). The interface can change in the future.
  ax = fn(study)
/pfs/data6/home/ul/ul_student/ul_lmm50/Neuroinformatik/src/tune.py:260: UserWarning: This figure includes Axes that are not compatible with tight_layout, so results might be incorrect.
  fig.tight_layout()
