/home/ul/ul_student/ul_lmm50/.conda/envs/mario-rl-cuda/lib/python3.13/site-packages/gymnasium/wrappers/rendering.py:292: UserWarning: [33mWARN: Overwriting existing videos at /pfs/data6/home/ul/ul_student/ul_lmm50/Neuroinformatik/runs/mario_ppo_tuned/checkpoint_videos folder (try specifying a different `video_folder` for the `RecordVideo` wrapper if this is not desired)[0m
  logger.warn(
/home/ul/ul_student/ul_lmm50/.conda/envs/mario-rl-cuda/lib/python3.13/site-packages/gymnasium/wrappers/rendering.py:292: UserWarning: [33mWARN: Overwriting existing videos at /pfs/data6/home/ul/ul_student/ul_lmm50/Neuroinformatik/runs/mario_ppo_tuned/checkpoint_videos folder (try specifying a different `video_folder` for the `RecordVideo` wrapper if this is not desired)[0m
  logger.warn(
Traceback (most recent call last):
  File "/pfs/data6/home/ul/ul_student/ul_lmm50/Neuroinformatik/src/agent.py", line 50, in <module>
    agent.train(resume=args.resume)
    ~~~~~~~~~~~^^^^^^^^^^^^^^^^^^^^
  File "/pfs/data6/home/ul/ul_student/ul_lmm50/Neuroinformatik/src/ppo_agent.py", line 269, in train
    save_graph(
    ~~~~~~~~~~^
        rewards_per_episode, pipes_per_episode, lengths_per_episode,
        ^^^^^^^^^^^^^^^^^^^^^^^^^^^^^^^^^^^^^^^^^^^^^^^^^^^^^^^^^^^^
    ...<5 lines>...
        secondary_label=self.metric_spec.label, fps=self.metric_spec.fps,
        ^^^^^^^^^^^^^^^^^^^^^^^^^^^^^^^^^^^^^^^^^^^^^^^^^^^^^^^^^^^^^^^^^
    )
    ^
  File "/pfs/data6/home/ul/ul_student/ul_lmm50/Neuroinformatik/src/utils.py", line 147, in save_graph
    fig.savefig(graph_file)
    ~~~~~~~~~~~^^^^^^^^^^^^
  File "/home/ul/ul_student/ul_lmm50/.conda/envs/mario-rl-cuda/lib/python3.13/site-packages/matplotlib/figure.py", line 3515, in savefig
    self.canvas.print_figure(fname, **kwargs)
    ~~~~~~~~~~~~~~~~~~~~~~~~^^^^^^^^^^^^^^^^^
  File "/home/ul/ul_student/ul_lmm50/.conda/envs/mario-rl-cuda/lib/python3.13/site-packages/matplotlib/backend_bases.py", line 2289, in print_figure
    result = print_method(
        filename,
    ...<3 lines>...
        bbox_inches_restore=_bbox_inches_restore,
        **kwargs)
  File "/home/ul/ul_student/ul_lmm50/.conda/envs/mario-rl-cuda/lib/python3.13/site-packages/matplotlib/backend_bases.py", line 2146, in <lambda>
    print_method = functools.wraps(meth)(lambda *args, **kwargs: meth(
                                                                 ~~~~^
        *args, **{k: v for k, v in kwargs.items() if k not in skip}))
        ^^^^^^^^^^^^^^^^^^^^^^^^^^^^^^^^^^^^^^^^^^^^^^^^^^^^^^^^^^^^
  File "/home/ul/ul_student/ul_lmm50/.conda/envs/mario-rl-cuda/lib/python3.13/site-packages/matplotlib/backends/backend_agg.py", line 537, in print_png
    self._print_pil(filename_or_obj, "png", pil_kwargs, metadata)
    ~~~~~~~~~~~~~~~^^^^^^^^^^^^^^^^^^^^^^^^^^^^^^^^^^^^^^^^^^^^^^
  File "/home/ul/ul_student/ul_lmm50/.conda/envs/mario-rl-cuda/lib/python3.13/site-packages/matplotlib/backends/backend_agg.py", line 486, in _print_pil
    mpl.image.imsave(
    ~~~~~~~~~~~~~~~~^
        filename_or_obj, self.buffer_rgba(), format=fmt, origin="upper",
        ^^^^^^^^^^^^^^^^^^^^^^^^^^^^^^^^^^^^^^^^^^^^^^^^^^^^^^^^^^^^^^^^
        dpi=self.figure.dpi, metadata=metadata, pil_kwargs=pil_kwargs)
        ^^^^^^^^^^^^^^^^^^^^^^^^^^^^^^^^^^^^^^^^^^^^^^^^^^^^^^^^^^^^^^
  File "/home/ul/ul_student/ul_lmm50/.conda/envs/mario-rl-cuda/lib/python3.13/site-packages/matplotlib/image.py", line 1722, in imsave
    image.save(fname, **pil_kwargs)
    ~~~~~~~~~~^^^^^^^^^^^^^^^^^^^^^
  File "/home/ul/ul_student/ul_lmm50/.conda/envs/mario-rl-cuda/lib/python3.13/site-packages/PIL/Image.py", line 2583, in save
    fp = builtins.open(filename, "w+b")
FileNotFoundError: [Errno 2] No such file or directory: 'runs/mario_ppo_tuned/mario_ppo_tuned.png'
[2026-08-29T10:08:54.866] error: *** JOB 6725413 ON uc2n913 CANCELLED AT 2026-08-29T10:08:54 DUE to SIGNAL Terminated ***
