/home/ul/ul_student/ul_lmm50/.conda/envs/dqn-flappy-bird-cuda/lib/python3.11/site-packages/optuna/_experimental.py:33: ExperimentalWarning: Argument ``multivariate`` is an experimental feature. The interface can change in the future.
  optuna_warn(
/home/ul/ul_student/ul_lmm50/.conda/envs/dqn-flappy-bird-cuda/lib/python3.11/site-packages/optuna/_experimental.py:33: ExperimentalWarning: Argument ``multivariate`` is an experimental feature. The interface can change in the future.
  optuna_warn(
/home/ul/ul_student/ul_lmm50/.conda/envs/dqn-flappy-bird-cuda/lib/python3.11/site-packages/optuna/_experimental.py:33: ExperimentalWarning: Argument ``multivariate`` is an experimental feature. The interface can change in the future.
  optuna_warn(
/home/ul/ul_student/ul_lmm50/.conda/envs/dqn-flappy-bird-cuda/lib/python3.11/site-packages/optuna/_experimental.py:33: ExperimentalWarning: Argument ``multivariate`` is an experimental feature. The interface can change in the future.
  optuna_warn(
[I 2026-08-09 10:44:03,300] A new study created in Journal with name: rainbow_6214660
[I 2026-08-09 10:44:03,311] Using an existing study with name 'rainbow_6214660' instead of creating a new one.
[I 2026-08-09 10:44:03,326] Using an existing study with name 'rainbow_6214660' instead of creating a new one.
[I 2026-08-09 10:44:03,368] Using an existing study with name 'rainbow_6214660' instead of creating a new one.
[I 2026-08-09 11:12:49,673] Trial 0 pruned. 
/pfs/data6/home/ul/ul_student/ul_lmm50/Neuroinformatik/src/dqn_agent.py:78: FutureWarning: You are using `torch.load` with `weights_only=False` (the current default value), which uses the default pickle module implicitly. It is possible to construct malicious pickle data which will execute arbitrary code during unpickling (See https://github.com/pytorch/pytorch/blob/main/SECURITY.md#untrusted-models for more details). In a future release, the default value for `weights_only` will be flipped to `True`. This limits the functions that could be executed during unpickling. Arbitrary objects will no longer be allowed to be loaded via this mode unless they are explicitly allowlisted by the user via `torch.serialization.add_safe_globals`. We recommend you start setting `weights_only=True` for any use case where you don't have full control of the loaded file. Please open an issue on GitHub for any issues related to this experimental feature.
  policy_dqn.load_state_dict(torch.load(self.MODEL_FILE, map_location=device))
[I 2026-08-10 07:19:52,418] Trial 1 finished with value: 13.074999999999973 and parameters: {'learning_rate_a': 0.0003170813114434089, 'batch_size': 64, 'network_sync_rate': 500, 'n_step': 5, 'per_alpha': 0.48018843659752675, 'per_beta_init': 0.550939637589398, 'sigma_init': 0.5200619975789396, 'v_max': 30.0}. Best is trial 1 with value: 13.074999999999973.
/pfs/data6/home/ul/ul_student/ul_lmm50/Neuroinformatik/src/dqn_agent.py:78: FutureWarning: You are using `torch.load` with `weights_only=False` (the current default value), which uses the default pickle module implicitly. It is possible to construct malicious pickle data which will execute arbitrary code during unpickling (See https://github.com/pytorch/pytorch/blob/main/SECURITY.md#untrusted-models for more details). In a future release, the default value for `weights_only` will be flipped to `True`. This limits the functions that could be executed during unpickling. Arbitrary objects will no longer be allowed to be loaded via this mode unless they are explicitly allowlisted by the user via `torch.serialization.add_safe_globals`. We recommend you start setting `weights_only=True` for any use case where you don't have full control of the loaded file. Please open an issue on GitHub for any issues related to this experimental feature.
  policy_dqn.load_state_dict(torch.load(self.MODEL_FILE, map_location=device))
[I 2026-08-10 07:27:53,466] Trial 4 finished with value: 34.67500000000019 and parameters: {'learning_rate_a': 0.0003172853279388471, 'batch_size': 32, 'network_sync_rate': 500, 'n_step': 3, 'per_alpha': 0.6508271879829799, 'per_beta_init': 0.5822410088118066, 'sigma_init': 0.30121665205939685, 'v_max': 30.0}. Best is trial 4 with value: 34.67500000000019.
/pfs/data6/home/ul/ul_student/ul_lmm50/Neuroinformatik/src/dqn_agent.py:78: FutureWarning: You are using `torch.load` with `weights_only=False` (the current default value), which uses the default pickle module implicitly. It is possible to construct malicious pickle data which will execute arbitrary code during unpickling (See https://github.com/pytorch/pytorch/blob/main/SECURITY.md#untrusted-models for more details). In a future release, the default value for `weights_only` will be flipped to `True`. This limits the functions that could be executed during unpickling. Arbitrary objects will no longer be allowed to be loaded via this mode unless they are explicitly allowlisted by the user via `torch.serialization.add_safe_globals`. We recommend you start setting `weights_only=True` for any use case where you don't have full control of the loaded file. Please open an issue on GitHub for any issues related to this experimental feature.
  policy_dqn.load_state_dict(torch.load(self.MODEL_FILE, map_location=device))
[I 2026-08-10 08:12:08,053] Trial 2 finished with value: 15.524999999999997 and parameters: {'learning_rate_a': 0.00017185479133064764, 'batch_size': 128, 'network_sync_rate': 500, 'n_step': 5, 'per_alpha': 0.4532034795179018, 'per_beta_init': 0.5559294168728792, 'sigma_init': 0.30427400168013347, 'v_max': 30.0}. Best is trial 4 with value: 34.67500000000019.
[I 2026-08-10 08:27:03,154] Trial 6 pruned. 
[2026-08-10T08:57:53.202] error: *** JOB 6214660 ON uc2n909 CANCELLED AT 2026-08-10T08:57:53 DUE to SIGNAL Terminated ***
[2026-08-10T08:57:54.283] error: Detected 1 oom_kill event in StepId=6214660.batch. Some of the step tasks have been OOM Killed.
