Sat Sep  5 15:29:30 2026       
+-----------------------------------------------------------------------------------------+
| NVIDIA-SMI 595.71.05              Driver Version: 595.71.05      CUDA Version: 13.2     |
+-----------------------------------------+------------------------+----------------------+
| GPU  Name                 Persistence-M | Bus-Id          Disp.A | Volatile Uncorr. ECC |
| Fan  Temp   Perf          Pwr:Usage/Cap |           Memory-Usage | GPU-Util  Compute M. |
|                                         |                        |               MIG M. |
|=========================================+========================+======================|
|   0  NVIDIA A100 80GB PCIe          On  |   00000000:19:00.0 Off |                    0 |
| N/A   39C    P0             75W /  300W |     698MiB /  81920MiB |     14%      Default |
|                                         |                        |             Disabled |
+-----------------------------------------+------------------------+----------------------+

+-----------------------------------------------------------------------------------------+
| Processes:                                                                              |
|  GPU   GI   CI              PID   Type   Process name                        GPU Memory |
|        ID   ID                                                               Usage      |
|=========================================================================================|
|    0   N/A  N/A            9162      G   /usr/libexec/Xorg                        17MiB |
|    0   N/A  N/A         1579256      C   python                                  662MiB |
+-----------------------------------------------------------------------------------------+

============================= JOB FEEDBACK =============================

NodeName=uc2n910
Job ID: 6808036
Cluster: uc3
User/Group: ul_lmm50/ul_student
State: TIMEOUT (exit code 0)
Nodes: 1
Cores per node: 4
CPU Utilized: 00:00:06
CPU Efficiency: 0.00% of 4-00:01:52 core-walltime
Job Wall-clock time: 1-00:00:28
Memory Utilized: 76.97 GB
Memory Efficiency: 98.52% of 78.12 GB (78.12 GB/node)
