/home/ul/ul_student/ul_lmm50/.conda/envs/mario-rl-cuda/lib/python3.13/site-packages/optuna/_experimental.py:33: ExperimentalWarning: Argument ``multivariate`` is an experimental feature. The interface can change in the future.
  optuna_warn(
/home/ul/ul_student/ul_lmm50/.conda/envs/mario-rl-cuda/lib/python3.13/site-packages/optuna/_experimental.py:33: ExperimentalWarning: Argument ``multivariate`` is an experimental feature. The interface can change in the future.
  optuna_warn(
/home/ul/ul_student/ul_lmm50/.conda/envs/mario-rl-cuda/lib/python3.13/site-packages/optuna/_experimental.py:33: ExperimentalWarning: Argument ``multivariate`` is an experimental feature. The interface can change in the future.
  optuna_warn(
/home/ul/ul_student/ul_lmm50/.conda/envs/mario-rl-cuda/lib/python3.13/site-packages/optuna/_experimental.py:33: ExperimentalWarning: Argument ``multivariate`` is an experimental feature. The interface can change in the future.
  optuna_warn(
/home/ul/ul_student/ul_lmm50/.conda/envs/mario-rl-cuda/lib/python3.13/site-packages/optuna/_experimental.py:33: ExperimentalWarning: Argument ``multivariate`` is an experimental feature. The interface can change in the future.
  optuna_warn(
/home/ul/ul_student/ul_lmm50/.conda/envs/mario-rl-cuda/lib/python3.13/site-packages/optuna/_experimental.py:33: ExperimentalWarning: Argument ``multivariate`` is an experimental feature. The interface can change in the future.
  optuna_warn(
/home/ul/ul_student/ul_lmm50/.conda/envs/mario-rl-cuda/lib/python3.13/site-packages/optuna/_experimental.py:33: ExperimentalWarning: Argument ``multivariate`` is an experimental feature. The interface can change in the future.
  optuna_warn(
/home/ul/ul_student/ul_lmm50/.conda/envs/mario-rl-cuda/lib/python3.13/site-packages/optuna/_experimental.py:33: ExperimentalWarning: Argument ``multivariate`` is an experimental feature. The interface can change in the future.
  optuna_warn(
/home/ul/ul_student/ul_lmm50/.conda/envs/mario-rl-cuda/lib/python3.13/site-packages/optuna/_experimental.py:33: ExperimentalWarning: Argument ``multivariate`` is an experimental feature. The interface can change in the future.
  optuna_warn(
/home/ul/ul_student/ul_lmm50/.conda/envs/mario-rl-cuda/lib/python3.13/site-packages/optuna/_experimental.py:33: ExperimentalWarning: Argument ``multivariate`` is an experimental feature. The interface can change in the future.
  optuna_warn(
/home/ul/ul_student/ul_lmm50/.conda/envs/mario-rl-cuda/lib/python3.13/site-packages/optuna/_experimental.py:33: ExperimentalWarning: Argument ``multivariate`` is an experimental feature. The interface can change in the future.
  optuna_warn(
/home/ul/ul_student/ul_lmm50/.conda/envs/mario-rl-cuda/lib/python3.13/site-packages/optuna/_experimental.py:33: ExperimentalWarning: Argument ``multivariate`` is an experimental feature. The interface can change in the future.
  optuna_warn(
[I 2026-08-23 21:19:42,434] A new study created in Journal with name: mario_ppo_6461981
[I 2026-08-23 21:19:42,453] Using an existing study with name 'mario_ppo_6461981' instead of creating a new one.
[I 2026-08-23 21:19:42,472] Using an existing study with name 'mario_ppo_6461981' instead of creating a new one.
[I 2026-08-23 21:19:42,497] Using an existing study with name 'mario_ppo_6461981' instead of creating a new one.
[I 2026-08-23 21:19:42,505] Using an existing study with name 'mario_ppo_6461981' instead of creating a new one.
[I 2026-08-23 21:19:42,519] Using an existing study with name 'mario_ppo_6461981' instead of creating a new one.
[I 2026-08-23 21:19:42,537] Using an existing study with name 'mario_ppo_6461981' instead of creating a new one.
[I 2026-08-23 21:19:42,552] Using an existing study with name 'mario_ppo_6461981' instead of creating a new one.
[I 2026-08-23 21:19:42,671] Using an existing study with name 'mario_ppo_6461981' instead of creating a new one.
[I 2026-08-23 21:19:42,687] Using an existing study with name 'mario_ppo_6461981' instead of creating a new one.
[I 2026-08-23 21:19:42,696] Using an existing study with name 'mario_ppo_6461981' instead of creating a new one.
[I 2026-08-23 21:19:42,735] Using an existing study with name 'mario_ppo_6461981' instead of creating a new one.
[I 2026-08-24 00:37:58,394] Trial 3 pruned. 
[I 2026-08-24 00:39:11,160] Trial 1 pruned. 
[I 2026-08-24 00:40:16,736] Trial 0 pruned. 
[I 2026-08-24 00:49:30,026] Trial 8 pruned. 
[I 2026-08-24 00:59:59,594] Trial 4 pruned. 
[I 2026-08-24 01:06:41,694] Trial 10 pruned. 
[I 2026-08-24 03:57:22,969] Trial 12 pruned. 
[I 2026-08-24 03:57:34,754] Trial 14 pruned. 
[I 2026-08-24 04:25:43,641] Trial 16 pruned. 
[I 2026-08-24 04:26:39,745] Trial 15 pruned. 
[I 2026-08-24 07:14:47,022] Trial 19 pruned. 
[2026-08-24T07:32:37.597] error: *** JOB 6461981 ON uc2n909 CANCELLED AT 2026-08-24T07:32:37 DUE to SIGNAL Terminated ***
