HPO: algorithm=rainbow n_trials=400 study=rainbow_6157867 workers=4 gpus=4
Thu Aug  6 09:32:54 2026       
+-----------------------------------------------------------------------------------------+
| NVIDIA-SMI 595.71.05              Driver Version: 595.71.05      CUDA Version: 13.2     |
+-----------------------------------------+------------------------+----------------------+
| GPU  Name                 Persistence-M | Bus-Id          Disp.A | Volatile Uncorr. ECC |
| Fan  Temp   Perf          Pwr:Usage/Cap |           Memory-Usage | GPU-Util  Compute M. |
|                                         |                        |               MIG M. |
|=========================================+========================+======================|
|   0  NVIDIA A100 80GB PCIe          On  |   00000000:19:00.0 Off |                    0 |
| N/A   46C    P0             90W /  300W |     688MiB /  81920MiB |     19%      Default |
|                                         |                        |             Disabled |
+-----------------------------------------+------------------------+----------------------+
|   1  NVIDIA A100 80GB PCIe          On  |   00000000:1A:00.0 Off |                    0 |
| N/A   49C    P0             97W /  300W |     688MiB /  81920MiB |     20%      Default |
|                                         |                        |             Disabled |
+-----------------------------------------+------------------------+----------------------+
|   2  NVIDIA A100 80GB PCIe          On  |   00000000:1B:00.0 Off |                    0 |
| N/A   51C    P0             92W /  300W |     688MiB /  81920MiB |     20%      Default |
|                                         |                        |             Disabled |
+-----------------------------------------+------------------------+----------------------+
|   3  NVIDIA A100 80GB PCIe          On  |   00000000:1C:00.0 Off |                    0 |
| N/A   45C    P0             87W /  300W |     666MiB /  81920MiB |     20%      Default |
|                                         |                        |             Disabled |
+-----------------------------------------+------------------------+----------------------+

+-----------------------------------------------------------------------------------------+
| Processes:                                                                              |
|  GPU   GI   CI              PID   Type   Process name                        GPU Memory |
|        ID   ID                                                               Usage      |
|=========================================================================================|
|    0   N/A  N/A           11565      G   /usr/libexec/Xorg                        17MiB |
|    0   N/A  N/A         1756341      C   python                                  652MiB |
|    1   N/A  N/A           11565      G   /usr/libexec/Xorg                        17MiB |
|    1   N/A  N/A         1756362      C   python                                  652MiB |
|    2   N/A  N/A           11565      G   /usr/libexec/Xorg                        17MiB |
|    2   N/A  N/A         1756363      C   python                                  652MiB |
|    3   N/A  N/A           11565      G   /usr/libexec/Xorg                        17MiB |
|    3   N/A  N/A         1756364      C   python                                  630MiB |
+-----------------------------------------------------------------------------------------+

============================= JOB FEEDBACK =============================

NodeName=uc2n909
Job ID: 6157867
Cluster: uc3
User/Group: ul_lmm50/ul_student
State: TIMEOUT (exit code 0)
Nodes: 1
Cores per node: 16
CPU Utilized: 00:00:08
CPU Efficiency: 0.00% of 32-00:02:08 core-walltime
Job Wall-clock time: 2-00:00:08
Memory Utilized: 72.18 GB
Memory Efficiency: 38.50% of 187.50 GB (187.50 GB/node)
