/home/ul/ul_student/ul_lmm50/.conda/envs/mario-rl-cuda/lib/python3.13/site-packages/optuna/_experimental.py:33: ExperimentalWarning: Argument ``multivariate`` is an experimental feature. The interface can change in the future.
  optuna_warn(
/home/ul/ul_student/ul_lmm50/.conda/envs/mario-rl-cuda/lib/python3.13/site-packages/optuna/_experimental.py:33: ExperimentalWarning: Argument ``multivariate`` is an experimental feature. The interface can change in the future.
  optuna_warn(
/home/ul/ul_student/ul_lmm50/.conda/envs/mario-rl-cuda/lib/python3.13/site-packages/optuna/_experimental.py:33: ExperimentalWarning: Argument ``multivariate`` is an experimental feature. The interface can change in the future.
  optuna_warn(
/home/ul/ul_student/ul_lmm50/.conda/envs/mario-rl-cuda/lib/python3.13/site-packages/optuna/_experimental.py:33: ExperimentalWarning: Argument ``multivariate`` is an experimental feature. The interface can change in the future.
  optuna_warn(
/home/ul/ul_student/ul_lmm50/.conda/envs/mario-rl-cuda/lib/python3.13/site-packages/optuna/_experimental.py:33: ExperimentalWarning: Argument ``multivariate`` is an experimental feature. The interface can change in the future.
  optuna_warn(
/home/ul/ul_student/ul_lmm50/.conda/envs/mario-rl-cuda/lib/python3.13/site-packages/optuna/_experimental.py:33: ExperimentalWarning: Argument ``multivariate`` is an experimental feature. The interface can change in the future.
  optuna_warn(
/home/ul/ul_student/ul_lmm50/.conda/envs/mario-rl-cuda/lib/python3.13/site-packages/optuna/_experimental.py:33: ExperimentalWarning: Argument ``multivariate`` is an experimental feature. The interface can change in the future.
  optuna_warn(
/home/ul/ul_student/ul_lmm50/.conda/envs/mario-rl-cuda/lib/python3.13/site-packages/optuna/_experimental.py:33: ExperimentalWarning: Argument ``multivariate`` is an experimental feature. The interface can change in the future.
  optuna_warn(
/home/ul/ul_student/ul_lmm50/.conda/envs/mario-rl-cuda/lib/python3.13/site-packages/optuna/_experimental.py:33: ExperimentalWarning: Argument ``multivariate`` is an experimental feature. The interface can change in the future.
  optuna_warn(
/home/ul/ul_student/ul_lmm50/.conda/envs/mario-rl-cuda/lib/python3.13/site-packages/optuna/_experimental.py:33: ExperimentalWarning: Argument ``multivariate`` is an experimental feature. The interface can change in the future.
  optuna_warn(
/home/ul/ul_student/ul_lmm50/.conda/envs/mario-rl-cuda/lib/python3.13/site-packages/optuna/_experimental.py:33: ExperimentalWarning: Argument ``multivariate`` is an experimental feature. The interface can change in the future.
  optuna_warn(
/home/ul/ul_student/ul_lmm50/.conda/envs/mario-rl-cuda/lib/python3.13/site-packages/optuna/_experimental.py:33: ExperimentalWarning: Argument ``multivariate`` is an experimental feature. The interface can change in the future.
  optuna_warn(
[I 2026-09-02 05:32:19,332] A new study created in Journal with name: mario_rainbow_6750278
[I 2026-09-02 05:32:19,351] Using an existing study with name 'mario_rainbow_6750278' instead of creating a new one.
[I 2026-09-02 05:32:19,374] Using an existing study with name 'mario_rainbow_6750278' instead of creating a new one.
[I 2026-09-02 05:32:19,389] Using an existing study with name 'mario_rainbow_6750278' instead of creating a new one.
[I 2026-09-02 05:32:19,413] Using an existing study with name 'mario_rainbow_6750278' instead of creating a new one.
[I 2026-09-02 05:32:19,430] Using an existing study with name 'mario_rainbow_6750278' instead of creating a new one.
[I 2026-09-02 05:32:19,450] Using an existing study with name 'mario_rainbow_6750278' instead of creating a new one.
[I 2026-09-02 05:32:19,471] Using an existing study with name 'mario_rainbow_6750278' instead of creating a new one.
[I 2026-09-02 05:32:19,492] Using an existing study with name 'mario_rainbow_6750278' instead of creating a new one.
[I 2026-09-02 05:32:19,528] Using an existing study with name 'mario_rainbow_6750278' instead of creating a new one.
[I 2026-09-02 05:32:19,591] Using an existing study with name 'mario_rainbow_6750278' instead of creating a new one.
[I 2026-09-02 05:32:19,714] Using an existing study with name 'mario_rainbow_6750278' instead of creating a new one.
/var/spool/slurmd/job6750278/slurm_script: line 127: 3854416 Killed                  CUDA_VISIBLE_DEVICES=$(( i % N_GPUS )) python src/tune.py --env "$TUNE_ENV" --algorithm "$ALGO" --objective "$OBJECTIVE" --n-trials "$N_TRIALS" --study "$STUDY" ${PROXY_STEPS:+--proxy-steps "$PROXY_STEPS"}
[I 2026-09-02 07:10:09,200] Trial 4 pruned. 
[I 2026-09-02 07:11:54,358] Trial 11 pruned. 
[2026-09-04T05:31:07.068] error: *** JOB 6750278 ON uc2n905 CANCELLED AT 2026-09-04T05:31:07 DUE TO TIME LIMIT ***
[2026-09-04T05:31:08.236] error: Detected 1 oom_kill event in StepId=6750278.batch. Some of the step tasks have been OOM Killed.
