HPO: env=mario algorithm=rainbow objective=mean n_trials=80 study=mario_rainbow_6559876 workers=4 gpus=4
Mon Aug 24 09:19:49 2026       
+-----------------------------------------------------------------------------------------+
| NVIDIA-SMI 595.71.05              Driver Version: 595.71.05      CUDA Version: 13.2     |
+-----------------------------------------+------------------------+----------------------+
| GPU  Name                 Persistence-M | Bus-Id          Disp.A | Volatile Uncorr. ECC |
| Fan  Temp   Perf          Pwr:Usage/Cap |           Memory-Usage | GPU-Util  Compute M. |
|                                         |                        |               MIG M. |
|=========================================+========================+======================|
|   0  NVIDIA A100 80GB PCIe          On  |   00000000:19:00.0 Off |                    0 |
| N/A   48C    P0             93W /  300W |     706MiB /  81920MiB |     20%      Default |
|                                         |                        |             Disabled |
+-----------------------------------------+------------------------+----------------------+
|   1  NVIDIA A100 80GB PCIe          On  |   00000000:1A:00.0 Off |                    0 |
| N/A   49C    P0             92W /  300W |     766MiB /  81920MiB |     21%      Default |
|                                         |                        |             Disabled |
+-----------------------------------------+------------------------+----------------------+
|   2  NVIDIA A100 80GB PCIe          On  |   00000000:1B:00.0 Off |                    0 |
| N/A   45C    P0             81W /  300W |     706MiB /  81920MiB |     19%      Default |
|                                         |                        |             Disabled |
+-----------------------------------------+------------------------+----------------------+
|   3  NVIDIA A100 80GB PCIe          On  |   00000000:1C:00.0 Off |                    0 |
| N/A   51C    P0             99W /  300W |     766MiB /  81920MiB |     21%      Default |
|                                         |                        |             Disabled |
+-----------------------------------------+------------------------+----------------------+

+-----------------------------------------------------------------------------------------+
| Processes:                                                                              |
|  GPU   GI   CI              PID   Type   Process name                        GPU Memory |
|        ID   ID                                                               Usage      |
|=========================================================================================|
|    0   N/A  N/A            9862      G   /usr/libexec/Xorg                        17MiB |
|    0   N/A  N/A          492461      C   python                                  670MiB |
|    1   N/A  N/A            9862      G   /usr/libexec/Xorg                        17MiB |
|    1   N/A  N/A          492493      C   python                                  730MiB |
|    2   N/A  N/A            9862      G   /usr/libexec/Xorg                        17MiB |
|    2   N/A  N/A          492494      C   python                                  670MiB |
|    3   N/A  N/A            9862      G   /usr/libexec/Xorg                        17MiB |
|    3   N/A  N/A          492495      C   python                                  730MiB |
+-----------------------------------------------------------------------------------------+
