/home/ul/ul_student/ul_lmm50/.conda/envs/mario-rl-cuda/lib/python3.13/site-packages/optuna/_experimental.py:33: ExperimentalWarning: Argument ``multivariate`` is an experimental feature. The interface can change in the future.
  optuna_warn(
/home/ul/ul_student/ul_lmm50/.conda/envs/mario-rl-cuda/lib/python3.13/site-packages/optuna/_experimental.py:33: ExperimentalWarning: Argument ``multivariate`` is an experimental feature. The interface can change in the future.
  optuna_warn(
/home/ul/ul_student/ul_lmm50/.conda/envs/mario-rl-cuda/lib/python3.13/site-packages/optuna/_experimental.py:33: ExperimentalWarning: Argument ``multivariate`` is an experimental feature. The interface can change in the future.
  optuna_warn(
/home/ul/ul_student/ul_lmm50/.conda/envs/mario-rl-cuda/lib/python3.13/site-packages/optuna/_experimental.py:33: ExperimentalWarning: Argument ``multivariate`` is an experimental feature. The interface can change in the future.
  optuna_warn(
/home/ul/ul_student/ul_lmm50/.conda/envs/mario-rl-cuda/lib/python3.13/site-packages/optuna/_experimental.py:33: ExperimentalWarning: Argument ``multivariate`` is an experimental feature. The interface can change in the future.
  optuna_warn(
/home/ul/ul_student/ul_lmm50/.conda/envs/mario-rl-cuda/lib/python3.13/site-packages/optuna/_experimental.py:33: ExperimentalWarning: Argument ``multivariate`` is an experimental feature. The interface can change in the future.
  optuna_warn(
/home/ul/ul_student/ul_lmm50/.conda/envs/mario-rl-cuda/lib/python3.13/site-packages/optuna/_experimental.py:33: ExperimentalWarning: Argument ``multivariate`` is an experimental feature. The interface can change in the future.
  optuna_warn(
/home/ul/ul_student/ul_lmm50/.conda/envs/mario-rl-cuda/lib/python3.13/site-packages/optuna/_experimental.py:33: ExperimentalWarning: Argument ``multivariate`` is an experimental feature. The interface can change in the future.
  optuna_warn(
/home/ul/ul_student/ul_lmm50/.conda/envs/mario-rl-cuda/lib/python3.13/site-packages/optuna/_experimental.py:33: ExperimentalWarning: Argument ``multivariate`` is an experimental feature. The interface can change in the future.
  optuna_warn(
/home/ul/ul_student/ul_lmm50/.conda/envs/mario-rl-cuda/lib/python3.13/site-packages/optuna/_experimental.py:33: ExperimentalWarning: Argument ``multivariate`` is an experimental feature. The interface can change in the future.
  optuna_warn(
/home/ul/ul_student/ul_lmm50/.conda/envs/mario-rl-cuda/lib/python3.13/site-packages/optuna/_experimental.py:33: ExperimentalWarning: Argument ``multivariate`` is an experimental feature. The interface can change in the future.
  optuna_warn(
/home/ul/ul_student/ul_lmm50/.conda/envs/mario-rl-cuda/lib/python3.13/site-packages/optuna/_experimental.py:33: ExperimentalWarning: Argument ``multivariate`` is an experimental feature. The interface can change in the future.
  optuna_warn(
[I 2026-08-22 20:36:20,341] A new study created in Journal with name: mario_ppo_6448756
[I 2026-08-22 20:36:20,371] Using an existing study with name 'mario_ppo_6448756' instead of creating a new one.
[I 2026-08-22 20:36:20,394] Using an existing study with name 'mario_ppo_6448756' instead of creating a new one.
[I 2026-08-22 20:36:20,405] Using an existing study with name 'mario_ppo_6448756' instead of creating a new one.
[I 2026-08-22 20:36:20,425] Using an existing study with name 'mario_ppo_6448756' instead of creating a new one.
[I 2026-08-22 20:36:20,444] Using an existing study with name 'mario_ppo_6448756' instead of creating a new one.
[I 2026-08-22 20:36:20,461] Using an existing study with name 'mario_ppo_6448756' instead of creating a new one.
[I 2026-08-22 20:36:20,538] Using an existing study with name 'mario_ppo_6448756' instead of creating a new one.
[I 2026-08-22 20:36:20,576] Using an existing study with name 'mario_ppo_6448756' instead of creating a new one.
[I 2026-08-22 20:36:20,649] Using an existing study with name 'mario_ppo_6448756' instead of creating a new one.
[I 2026-08-22 20:36:20,704] Using an existing study with name 'mario_ppo_6448756' instead of creating a new one.
[I 2026-08-22 20:36:20,716] Using an existing study with name 'mario_ppo_6448756' instead of creating a new one.
[W 2026-08-22 20:36:23,035] Trial 11 failed with parameters: {'learning_rate_a': 1.496886896582656e-05, 'ppo_epochs': 4, 'ent_coef': 0.019689797159906503, 'clip_eps': 0.1, 'gae_lambda': 0.9703132663959727, 'vf_coef': 0.5085475690116581, 'rollout_steps': 8192, 'minibatch_size': 64, 'hidden_dim': 256} because of the following error: ValueError("unknown Mario env_make_params keys: ['warp_guard']. Known wrapper keys: ['action_set', 'frame_skip', 'level_sampler', 'max_episode_steps', 'noop_max', 'reward_clip', 'reward_divisor', 'sticky_prob', 'use_gym_make', 'version', 'warp_bonus']; level keys: ['level_set', 'level_split', 'levels']").
Traceback (most recent call last):
  File "/home/ul/ul_student/ul_lmm50/.conda/envs/mario-rl-cuda/lib/python3.13/site-packages/optuna/study/_optimize.py", line 206, in _run_trial
    value_or_values = func(trial)
  File "/pfs/data6/home/ul/ul_student/ul_lmm50/Neuroinformatik/src/tune.py", line 310, in <lambda>
    study.optimize(lambda t: objective(t, a), callbacks=[stop_when_reached], timeout=a.timeout)
                             ~~~~~~~~~^^^^^^
  File "/pfs/data6/home/ul/ul_student/ul_lmm50/Neuroinformatik/src/tune.py", line 270, in objective
    agent.train(report_cb=report_cb, record_video=False)
    ~~~~~~~~~~~^^^^^^^^^^^^^^^^^^^^^^^^^^^^^^^^^^^^^^^^^
  File "/pfs/data6/home/ul/ul_student/ul_lmm50/Neuroinformatik/src/ppo_agent.py", line 84, in train
    env = self._make_env()
  File "/pfs/data6/home/ul/ul_student/ul_lmm50/Neuroinformatik/src/base_agent.py", line 85, in _make_env
    return make_env(self.env_id, self.env_make_params, render_mode=render_mode,
                    obs_size=self.obs_size, frame_stack=self.frame_stack,
                    rgb_wrapper=self.rgb_wrapper, levels=levels)
  File "/pfs/data6/home/ul/ul_student/ul_lmm50/Neuroinformatik/src/env_factory.py", line 75, in make_env
    gym_kw, wrapper_kw = split_env_params(env_make_params, kind)
                         ~~~~~~~~~~~~~~~~^^^^^^^^^^^^^^^^^^^^^^^
  File "/pfs/data6/home/ul/ul_student/ul_lmm50/Neuroinformatik/src/env_factory.py", line 61, in split_env_params
    raise ValueError(
    ...<3 lines>...
    )
ValueError: unknown Mario env_make_params keys: ['warp_guard']. Known wrapper keys: ['action_set', 'frame_skip', 'level_sampler', 'max_episode_steps', 'noop_max', 'reward_clip', 'reward_divisor', 'sticky_prob', 'use_gym_make', 'version', 'warp_bonus']; level keys: ['level_set', 'level_split', 'levels']
[W 2026-08-22 20:36:23,040] Trial 11 failed with value None.
Traceback (most recent call last):
  File "/pfs/data6/home/ul/ul_student/ul_lmm50/Neuroinformatik/src/tune.py", line 455, in <module>
    main()
    ~~~~^^
  File "/pfs/data6/home/ul/ul_student/ul_lmm50/Neuroinformatik/src/tune.py", line 451, in main
    run_worker(a)
    ~~~~~~~~~~^^^
  File "/pfs/data6/home/ul/ul_student/ul_lmm50/Neuroinformatik/src/tune.py", line 310, in run_worker
    study.optimize(lambda t: objective(t, a), callbacks=[stop_when_reached], timeout=a.timeout)
    ~~~~~~~~~~~~~~^^^^^^^^^^^^^^^^^^^^^^^^^^^^^^^^^^^^^^^^^^^^^^^^^^^^^^^^^^^^^^^^^^^^^^^^^^^^^
  File "/home/ul/ul_student/ul_lmm50/.conda/envs/mario-rl-cuda/lib/python3.13/site-packages/optuna/study/study.py", line 516, in optimize
    _optimize(
    ~~~~~~~~~^
        study=self,
        ^^^^^^^^^^^
    ...<7 lines>...
        show_progress_bar=show_progress_bar,
        ^^^^^^^^^^^^^^^^^^^^^^^^^^^^^^^^^^^^
    )
    ^
  File "/home/ul/ul_student/ul_lmm50/.conda/envs/mario-rl-cuda/lib/python3.13/site-packages/optuna/study/_optimize.py", line 68, in _optimize
    _optimize_sequential(
    ~~~~~~~~~~~~~~~~~~~~^
        study,
        ^^^^^^
    ...<8 lines>...
        progress_bar=progress_bar,
        ^^^^^^^^^^^^^^^^^^^^^^^^^^
    )
    ^
  File "/home/ul/ul_student/ul_lmm50/.conda/envs/mario-rl-cuda/lib/python3.13/site-packages/optuna/study/_optimize.py", line 165, in _optimize_sequential
    frozen_trial_id = _run_trial(study, func, catch)
  File "/home/ul/ul_student/ul_lmm50/.conda/envs/mario-rl-cuda/lib/python3.13/site-packages/optuna/study/_optimize.py", line 263, in _run_trial
    raise func_err
  File "/home/ul/ul_student/ul_lmm50/.conda/envs/mario-rl-cuda/lib/python3.13/site-packages/optuna/study/_optimize.py", line 206, in _run_trial
    value_or_values = func(trial)
  File "/pfs/data6/home/ul/ul_student/ul_lmm50/Neuroinformatik/src/tune.py", line 310, in <lambda>
    study.optimize(lambda t: objective(t, a), callbacks=[stop_when_reached], timeout=a.timeout)
                             ~~~~~~~~~^^^^^^
  File "/pfs/data6/home/ul/ul_student/ul_lmm50/Neuroinformatik/src/tune.py", line 270, in objective
    agent.train(report_cb=report_cb, record_video=False)
    ~~~~~~~~~~~^^^^^^^^^^^^^^^^^^^^^^^^^^^^^^^^^^^^^^^^^
  File "/pfs/data6/home/ul/ul_student/ul_lmm50/Neuroinformatik/src/ppo_agent.py", line 84, in train
    env = self._make_env()
  File "/pfs/data6/home/ul/ul_student/ul_lmm50/Neuroinformatik/src/base_agent.py", line 85, in _make_env
    return make_env(self.env_id, self.env_make_params, render_mode=render_mode,
                    obs_size=self.obs_size, frame_stack=self.frame_stack,
                    rgb_wrapper=self.rgb_wrapper, levels=levels)
  File "/pfs/data6/home/ul/ul_student/ul_lmm50/Neuroinformatik/src/env_factory.py", line 75, in make_env
    gym_kw, wrapper_kw = split_env_params(env_make_params, kind)
                         ~~~~~~~~~~~~~~~~^^^^^^^^^^^^^^^^^^^^^^^
  File "/pfs/data6/home/ul/ul_student/ul_lmm50/Neuroinformatik/src/env_factory.py", line 61, in split_env_params
    raise ValueError(
    ...<3 lines>...
    )
ValueError: unknown Mario env_make_params keys: ['warp_guard']. Known wrapper keys: ['action_set', 'frame_skip', 'level_sampler', 'max_episode_steps', 'noop_max', 'reward_clip', 'reward_divisor', 'sticky_prob', 'use_gym_make', 'version', 'warp_bonus']; level keys: ['level_set', 'level_split', 'levels']
[W 2026-08-22 20:36:23,045] Trial 0 failed with parameters: {'learning_rate_a': 0.00018884533756492326, 'ppo_epochs': 4, 'ent_coef': 0.00667252070596959, 'clip_eps': 0.1, 'gae_lambda': 0.9566270835376095, 'vf_coef': 0.8121885187647111, 'rollout_steps': 8192, 'minibatch_size': 128, 'hidden_dim': 512} because of the following error: ValueError("unknown Mario env_make_params keys: ['warp_guard']. Known wrapper keys: ['action_set', 'frame_skip', 'level_sampler', 'max_episode_steps', 'noop_max', 'reward_clip', 'reward_divisor', 'sticky_prob', 'use_gym_make', 'version', 'warp_bonus']; level keys: ['level_set', 'level_split', 'levels']").
Traceback (most recent call last):
  File "/home/ul/ul_student/ul_lmm50/.conda/envs/mario-rl-cuda/lib/python3.13/site-packages/optuna/study/_optimize.py", line 206, in _run_trial
    value_or_values = func(trial)
  File "/pfs/data6/home/ul/ul_student/ul_lmm50/Neuroinformatik/src/tune.py", line 310, in <lambda>
    study.optimize(lambda t: objective(t, a), callbacks=[stop_when_reached], timeout=a.timeout)
                             ~~~~~~~~~^^^^^^
  File "/pfs/data6/home/ul/ul_student/ul_lmm50/Neuroinformatik/src/tune.py", line 270, in objective
    agent.train(report_cb=report_cb, record_video=False)
    ~~~~~~~~~~~^^^^^^^^^^^^^^^^^^^^^^^^^^^^^^^^^^^^^^^^^
  File "/pfs/data6/home/ul/ul_student/ul_lmm50/Neuroinformatik/src/ppo_agent.py", line 84, in train
    env = self._make_env()
  File "/pfs/data6/home/ul/ul_student/ul_lmm50/Neuroinformatik/src/base_agent.py", line 85, in _make_env
    return make_env(self.env_id, self.env_make_params, render_mode=render_mode,
                    obs_size=self.obs_size, frame_stack=self.frame_stack,
                    rgb_wrapper=self.rgb_wrapper, levels=levels)
  File "/pfs/data6/home/ul/ul_student/ul_lmm50/Neuroinformatik/src/env_factory.py", line 75, in make_env
    gym_kw, wrapper_kw = split_env_params(env_make_params, kind)
                         ~~~~~~~~~~~~~~~~^^^^^^^^^^^^^^^^^^^^^^^
  File "/pfs/data6/home/ul/ul_student/ul_lmm50/Neuroinformatik/src/env_factory.py", line 61, in split_env_params
    raise ValueError(
    ...<3 lines>...
    )
ValueError: unknown Mario env_make_params keys: ['warp_guard']. Known wrapper keys: ['action_set', 'frame_skip', 'level_sampler', 'max_episode_steps', 'noop_max', 'reward_clip', 'reward_divisor', 'sticky_prob', 'use_gym_make', 'version', 'warp_bonus']; level keys: ['level_set', 'level_split', 'levels']
[W 2026-08-22 20:36:23,047] Trial 0 failed with value None.
Traceback (most recent call last):
  File "/pfs/data6/home/ul/ul_student/ul_lmm50/Neuroinformatik/src/tune.py", line 455, in <module>
    main()
    ~~~~^^
  File "/pfs/data6/home/ul/ul_student/ul_lmm50/Neuroinformatik/src/tune.py", line 451, in main
    run_worker(a)
    ~~~~~~~~~~^^^
  File "/pfs/data6/home/ul/ul_student/ul_lmm50/Neuroinformatik/src/tune.py", line 310, in run_worker
    study.optimize(lambda t: objective(t, a), callbacks=[stop_when_reached], timeout=a.timeout)
    ~~~~~~~~~~~~~~^^^^^^^^^^^^^^^^^^^^^^^^^^^^^^^^^^^^^^^^^^^^^^^^^^^^^^^^^^^^^^^^^^^^^^^^^^^^^
  File "/home/ul/ul_student/ul_lmm50/.conda/envs/mario-rl-cuda/lib/python3.13/site-packages/optuna/study/study.py", line 516, in optimize
    _optimize(
    ~~~~~~~~~^
        study=self,
        ^^^^^^^^^^^
    ...<7 lines>...
        show_progress_bar=show_progress_bar,
        ^^^^^^^^^^^^^^^^^^^^^^^^^^^^^^^^^^^^
    )
    ^
  File "/home/ul/ul_student/ul_lmm50/.conda/envs/mario-rl-cuda/lib/python3.13/site-packages/optuna/study/_optimize.py", line 68, in _optimize
    _optimize_sequential(
    ~~~~~~~~~~~~~~~~~~~~^
        study,
        ^^^^^^
    ...<8 lines>...
        progress_bar=progress_bar,
        ^^^^^^^^^^^^^^^^^^^^^^^^^^
    )
    ^
  File "/home/ul/ul_student/ul_lmm50/.conda/envs/mario-rl-cuda/lib/python3.13/site-packages/optuna/study/_optimize.py", line 165, in _optimize_sequential
    frozen_trial_id = _run_trial(study, func, catch)
  File "/home/ul/ul_student/ul_lmm50/.conda/envs/mario-rl-cuda/lib/python3.13/site-packages/optuna/study/_optimize.py", line 263, in _run_trial
    raise func_err
  File "/home/ul/ul_student/ul_lmm50/.conda/envs/mario-rl-cuda/lib/python3.13/site-packages/optuna/study/_optimize.py", line 206, in _run_trial
    value_or_values = func(trial)
  File "/pfs/data6/home/ul/ul_student/ul_lmm50/Neuroinformatik/src/tune.py", line 310, in <lambda>
    study.optimize(lambda t: objective(t, a), callbacks=[stop_when_reached], timeout=a.timeout)
                             ~~~~~~~~~^^^^^^
  File "/pfs/data6/home/ul/ul_student/ul_lmm50/Neuroinformatik/src/tune.py", line 270, in objective
    agent.train(report_cb=report_cb, record_video=False)
    ~~~~~~~~~~~^^^^^^^^^^^^^^^^^^^^^^^^^^^^^^^^^^^^^^^^^
  File "/pfs/data6/home/ul/ul_student/ul_lmm50/Neuroinformatik/src/ppo_agent.py", line 84, in train
    env = self._make_env()
  File "/pfs/data6/home/ul/ul_student/ul_lmm50/Neuroinformatik/src/base_agent.py", line 85, in _make_env
    return make_env(self.env_id, self.env_make_params, render_mode=render_mode,
                    obs_size=self.obs_size, frame_stack=self.frame_stack,
                    rgb_wrapper=self.rgb_wrapper, levels=levels)
  File "/pfs/data6/home/ul/ul_student/ul_lmm50/Neuroinformatik/src/env_factory.py", line 75, in make_env
    gym_kw, wrapper_kw = split_env_params(env_make_params, kind)
                         ~~~~~~~~~~~~~~~~^^^^^^^^^^^^^^^^^^^^^^^
  File "/pfs/data6/home/ul/ul_student/ul_lmm50/Neuroinformatik/src/env_factory.py", line 61, in split_env_params
    raise ValueError(
    ...<3 lines>...
    )
ValueError: unknown Mario env_make_params keys: ['warp_guard']. Known wrapper keys: ['action_set', 'frame_skip', 'level_sampler', 'max_episode_steps', 'noop_max', 'reward_clip', 'reward_divisor', 'sticky_prob', 'use_gym_make', 'version', 'warp_bonus']; level keys: ['level_set', 'level_split', 'levels']
[W 2026-08-22 20:36:23,311] Trial 9 failed with parameters: {'learning_rate_a': 0.00015846046240109557, 'ppo_epochs': 10, 'ent_coef': 0.02402754123218935, 'clip_eps': 0.2, 'gae_lambda': 0.9361178488168742, 'vf_coef': 0.34119625125013486, 'rollout_steps': 8192, 'minibatch_size': 128, 'hidden_dim': 512} because of the following error: ValueError("unknown Mario env_make_params keys: ['warp_guard']. Known wrapper keys: ['action_set', 'frame_skip', 'level_sampler', 'max_episode_steps', 'noop_max', 'reward_clip', 'reward_divisor', 'sticky_prob', 'use_gym_make', 'version', 'warp_bonus']; level keys: ['level_set', 'level_split', 'levels']").
Traceback (most recent call last):
  File "/home/ul/ul_student/ul_lmm50/.conda/envs/mario-rl-cuda/lib/python3.13/site-packages/optuna/study/_optimize.py", line 206, in _run_trial
    value_or_values = func(trial)
  File "/pfs/data6/home/ul/ul_student/ul_lmm50/Neuroinformatik/src/tune.py", line 310, in <lambda>
    study.optimize(lambda t: objective(t, a), callbacks=[stop_when_reached], timeout=a.timeout)
                             ~~~~~~~~~^^^^^^
  File "/pfs/data6/home/ul/ul_student/ul_lmm50/Neuroinformatik/src/tune.py", line 270, in objective
    agent.train(report_cb=report_cb, record_video=False)
    ~~~~~~~~~~~^^^^^^^^^^^^^^^^^^^^^^^^^^^^^^^^^^^^^^^^^
  File "/pfs/data6/home/ul/ul_student/ul_lmm50/Neuroinformatik/src/ppo_agent.py", line 84, in train
    env = self._make_env()
  File "/pfs/data6/home/ul/ul_student/ul_lmm50/Neuroinformatik/src/base_agent.py", line 85, in _make_env
    return make_env(self.env_id, self.env_make_params, render_mode=render_mode,
                    obs_size=self.obs_size, frame_stack=self.frame_stack,
                    rgb_wrapper=self.rgb_wrapper, levels=levels)
  File "/pfs/data6/home/ul/ul_student/ul_lmm50/Neuroinformatik/src/env_factory.py", line 75, in make_env
    gym_kw, wrapper_kw = split_env_params(env_make_params, kind)
                         ~~~~~~~~~~~~~~~~^^^^^^^^^^^^^^^^^^^^^^^
  File "/pfs/data6/home/ul/ul_student/ul_lmm50/Neuroinformatik/src/env_factory.py", line 61, in split_env_params
    raise ValueError(
    ...<3 lines>...
    )
ValueError: unknown Mario env_make_params keys: ['warp_guard']. Known wrapper keys: ['action_set', 'frame_skip', 'level_sampler', 'max_episode_steps', 'noop_max', 'reward_clip', 'reward_divisor', 'sticky_prob', 'use_gym_make', 'version', 'warp_bonus']; level keys: ['level_set', 'level_split', 'levels']
[W 2026-08-22 20:36:23,314] Trial 9 failed with value None.
Traceback (most recent call last):
  File "/pfs/data6/home/ul/ul_student/ul_lmm50/Neuroinformatik/src/tune.py", line 455, in <module>
    main()
    ~~~~^^
  File "/pfs/data6/home/ul/ul_student/ul_lmm50/Neuroinformatik/src/tune.py", line 451, in main
    run_worker(a)
    ~~~~~~~~~~^^^
  File "/pfs/data6/home/ul/ul_student/ul_lmm50/Neuroinformatik/src/tune.py", line 310, in run_worker
    study.optimize(lambda t: objective(t, a), callbacks=[stop_when_reached], timeout=a.timeout)
    ~~~~~~~~~~~~~~^^^^^^^^^^^^^^^^^^^^^^^^^^^^^^^^^^^^^^^^^^^^^^^^^^^^^^^^^^^^^^^^^^^^^^^^^^^^^
  File "/home/ul/ul_student/ul_lmm50/.conda/envs/mario-rl-cuda/lib/python3.13/site-packages/optuna/study/study.py", line 516, in optimize
    _optimize(
    ~~~~~~~~~^
        study=self,
        ^^^^^^^^^^^
    ...<7 lines>...
        show_progress_bar=show_progress_bar,
        ^^^^^^^^^^^^^^^^^^^^^^^^^^^^^^^^^^^^
    )
    ^
  File "/home/ul/ul_student/ul_lmm50/.conda/envs/mario-rl-cuda/lib/python3.13/site-packages/optuna/study/_optimize.py", line 68, in _optimize
    _optimize_sequential(
    ~~~~~~~~~~~~~~~~~~~~^
        study,
        ^^^^^^
    ...<8 lines>...
        progress_bar=progress_bar,
        ^^^^^^^^^^^^^^^^^^^^^^^^^^
    )
    ^
  File "/home/ul/ul_student/ul_lmm50/.conda/envs/mario-rl-cuda/lib/python3.13/site-packages/optuna/study/_optimize.py", line 165, in _optimize_sequential
    frozen_trial_id = _run_trial(study, func, catch)
  File "/home/ul/ul_student/ul_lmm50/.conda/envs/mario-rl-cuda/lib/python3.13/site-packages/optuna/study/_optimize.py", line 263, in _run_trial
    raise func_err
  File "/home/ul/ul_student/ul_lmm50/.conda/envs/mario-rl-cuda/lib/python3.13/site-packages/optuna/study/_optimize.py", line 206, in _run_trial
    value_or_values = func(trial)
  File "/pfs/data6/home/ul/ul_student/ul_lmm50/Neuroinformatik/src/tune.py", line 310, in <lambda>
    study.optimize(lambda t: objective(t, a), callbacks=[stop_when_reached], timeout=a.timeout)
                             ~~~~~~~~~^^^^^^
  File "/pfs/data6/home/ul/ul_student/ul_lmm50/Neuroinformatik/src/tune.py", line 270, in objective
    agent.train(report_cb=report_cb, record_video=False)
    ~~~~~~~~~~~^^^^^^^^^^^^^^^^^^^^^^^^^^^^^^^^^^^^^^^^^
  File "/pfs/data6/home/ul/ul_student/ul_lmm50/Neuroinformatik/src/ppo_agent.py", line 84, in train
    env = self._make_env()
  File "/pfs/data6/home/ul/ul_student/ul_lmm50/Neuroinformatik/src/base_agent.py", line 85, in _make_env
    return make_env(self.env_id, self.env_make_params, render_mode=render_mode,
                    obs_size=self.obs_size, frame_stack=self.frame_stack,
                    rgb_wrapper=self.rgb_wrapper, levels=levels)
  File "/pfs/data6/home/ul/ul_student/ul_lmm50/Neuroinformatik/src/env_factory.py", line 75, in make_env
    gym_kw, wrapper_kw = split_env_params(env_make_params, kind)
                         ~~~~~~~~~~~~~~~~^^^^^^^^^^^^^^^^^^^^^^^
  File "/pfs/data6/home/ul/ul_student/ul_lmm50/Neuroinformatik/src/env_factory.py", line 61, in split_env_params
    raise ValueError(
    ...<3 lines>...
    )
ValueError: unknown Mario env_make_params keys: ['warp_guard']. Known wrapper keys: ['action_set', 'frame_skip', 'level_sampler', 'max_episode_steps', 'noop_max', 'reward_clip', 'reward_divisor', 'sticky_prob', 'use_gym_make', 'version', 'warp_bonus']; level keys: ['level_set', 'level_split', 'levels']
[W 2026-08-22 20:36:23,322] Trial 6 failed with parameters: {'learning_rate_a': 1.484547066682106e-05, 'ppo_epochs': 4, 'ent_coef': 0.006789116074540924, 'clip_eps': 0.1, 'gae_lambda': 0.9754188470770717, 'vf_coef': 0.9957635208530617, 'rollout_steps': 8192, 'minibatch_size': 256, 'hidden_dim': 256} because of the following error: ValueError("unknown Mario env_make_params keys: ['warp_guard']. Known wrapper keys: ['action_set', 'frame_skip', 'level_sampler', 'max_episode_steps', 'noop_max', 'reward_clip', 'reward_divisor', 'sticky_prob', 'use_gym_make', 'version', 'warp_bonus']; level keys: ['level_set', 'level_split', 'levels']").
Traceback (most recent call last):
  File "/home/ul/ul_student/ul_lmm50/.conda/envs/mario-rl-cuda/lib/python3.13/site-packages/optuna/study/_optimize.py", line 206, in _run_trial
    value_or_values = func(trial)
  File "/pfs/data6/home/ul/ul_student/ul_lmm50/Neuroinformatik/src/tune.py", line 310, in <lambda>
    study.optimize(lambda t: objective(t, a), callbacks=[stop_when_reached], timeout=a.timeout)
                             ~~~~~~~~~^^^^^^
  File "/pfs/data6/home/ul/ul_student/ul_lmm50/Neuroinformatik/src/tune.py", line 270, in objective
    agent.train(report_cb=report_cb, record_video=False)
    ~~~~~~~~~~~^^^^^^^^^^^^^^^^^^^^^^^^^^^^^^^^^^^^^^^^^
  File "/pfs/data6/home/ul/ul_student/ul_lmm50/Neuroinformatik/src/ppo_agent.py", line 84, in train
    env = self._make_env()
  File "/pfs/data6/home/ul/ul_student/ul_lmm50/Neuroinformatik/src/base_agent.py", line 85, in _make_env
    return make_env(self.env_id, self.env_make_params, render_mode=render_mode,
                    obs_size=self.obs_size, frame_stack=self.frame_stack,
                    rgb_wrapper=self.rgb_wrapper, levels=levels)
  File "/pfs/data6/home/ul/ul_student/ul_lmm50/Neuroinformatik/src/env_factory.py", line 75, in make_env
    gym_kw, wrapper_kw = split_env_params(env_make_params, kind)
                         ~~~~~~~~~~~~~~~~^^^^^^^^^^^^^^^^^^^^^^^
  File "/pfs/data6/home/ul/ul_student/ul_lmm50/Neuroinformatik/src/env_factory.py", line 61, in split_env_params
    raise ValueError(
    ...<3 lines>...
    )
ValueError: unknown Mario env_make_params keys: ['warp_guard']. Known wrapper keys: ['action_set', 'frame_skip', 'level_sampler', 'max_episode_steps', 'noop_max', 'reward_clip', 'reward_divisor', 'sticky_prob', 'use_gym_make', 'version', 'warp_bonus']; level keys: ['level_set', 'level_split', 'levels']
[W 2026-08-22 20:36:23,325] Trial 6 failed with value None.
Traceback (most recent call last):
  File "/pfs/data6/home/ul/ul_student/ul_lmm50/Neuroinformatik/src/tune.py", line 455, in <module>
    main()
    ~~~~^^
  File "/pfs/data6/home/ul/ul_student/ul_lmm50/Neuroinformatik/src/tune.py", line 451, in main
    run_worker(a)
    ~~~~~~~~~~^^^
  File "/pfs/data6/home/ul/ul_student/ul_lmm50/Neuroinformatik/src/tune.py", line 310, in run_worker
    study.optimize(lambda t: objective(t, a), callbacks=[stop_when_reached], timeout=a.timeout)
    ~~~~~~~~~~~~~~^^^^^^^^^^^^^^^^^^^^^^^^^^^^^^^^^^^^^^^^^^^^^^^^^^^^^^^^^^^^^^^^^^^^^^^^^^^^^
  File "/home/ul/ul_student/ul_lmm50/.conda/envs/mario-rl-cuda/lib/python3.13/site-packages/optuna/study/study.py", line 516, in optimize
    _optimize(
    ~~~~~~~~~^
        study=self,
        ^^^^^^^^^^^
    ...<7 lines>...
        show_progress_bar=show_progress_bar,
        ^^^^^^^^^^^^^^^^^^^^^^^^^^^^^^^^^^^^
    )
    ^
  File "/home/ul/ul_student/ul_lmm50/.conda/envs/mario-rl-cuda/lib/python3.13/site-packages/optuna/study/_optimize.py", line 68, in _optimize
    _optimize_sequential(
    ~~~~~~~~~~~~~~~~~~~~^
        study,
        ^^^^^^
    ...<8 lines>...
        progress_bar=progress_bar,
        ^^^^^^^^^^^^^^^^^^^^^^^^^^
    )
    ^
  File "/home/ul/ul_student/ul_lmm50/.conda/envs/mario-rl-cuda/lib/python3.13/site-packages/optuna/study/_optimize.py", line 165, in _optimize_sequential
    frozen_trial_id = _run_trial(study, func, catch)
  File "/home/ul/ul_student/ul_lmm50/.conda/envs/mario-rl-cuda/lib/python3.13/site-packages/optuna/study/_optimize.py", line 263, in _run_trial
    raise func_err
  File "/home/ul/ul_student/ul_lmm50/.conda/envs/mario-rl-cuda/lib/python3.13/site-packages/optuna/study/_optimize.py", line 206, in _run_trial
    value_or_values = func(trial)
  File "/pfs/data6/home/ul/ul_student/ul_lmm50/Neuroinformatik/src/tune.py", line 310, in <lambda>
    study.optimize(lambda t: objective(t, a), callbacks=[stop_when_reached], timeout=a.timeout)
                             ~~~~~~~~~^^^^^^
  File "/pfs/data6/home/ul/ul_student/ul_lmm50/Neuroinformatik/src/tune.py", line 270, in objective
    agent.train(report_cb=report_cb, record_video=False)
    ~~~~~~~~~~~^^^^^^^^^^^^^^^^^^^^^^^^^^^^^^^^^^^^^^^^^
  File "/pfs/data6/home/ul/ul_student/ul_lmm50/Neuroinformatik/src/ppo_agent.py", line 84, in train
    env = self._make_env()
  File "/pfs/data6/home/ul/ul_student/ul_lmm50/Neuroinformatik/src/base_agent.py", line 85, in _make_env
    return make_env(self.env_id, self.env_make_params, render_mode=render_mode,
                    obs_size=self.obs_size, frame_stack=self.frame_stack,
                    rgb_wrapper=self.rgb_wrapper, levels=levels)
  File "/pfs/data6/home/ul/ul_student/ul_lmm50/Neuroinformatik/src/env_factory.py", line 75, in make_env
    gym_kw, wrapper_kw = split_env_params(env_make_params, kind)
                         ~~~~~~~~~~~~~~~~^^^^^^^^^^^^^^^^^^^^^^^
  File "/pfs/data6/home/ul/ul_student/ul_lmm50/Neuroinformatik/src/env_factory.py", line 61, in split_env_params
    raise ValueError(
    ...<3 lines>...
    )
ValueError: unknown Mario env_make_params keys: ['warp_guard']. Known wrapper keys: ['action_set', 'frame_skip', 'level_sampler', 'max_episode_steps', 'noop_max', 'reward_clip', 'reward_divisor', 'sticky_prob', 'use_gym_make', 'version', 'warp_bonus']; level keys: ['level_set', 'level_split', 'levels']
[W 2026-08-22 20:36:23,334] Trial 3 failed with parameters: {'learning_rate_a': 0.00022904061742071207, 'ppo_epochs': 10, 'ent_coef': 0.02323063414805321, 'clip_eps': 0.2, 'gae_lambda': 0.9647777153554499, 'vf_coef': 0.6199672609993017, 'rollout_steps': 4096, 'minibatch_size': 64, 'hidden_dim': 256} because of the following error: ValueError("unknown Mario env_make_params keys: ['warp_guard']. Known wrapper keys: ['action_set', 'frame_skip', 'level_sampler', 'max_episode_steps', 'noop_max', 'reward_clip', 'reward_divisor', 'sticky_prob', 'use_gym_make', 'version', 'warp_bonus']; level keys: ['level_set', 'level_split', 'levels']").
Traceback (most recent call last):
  File "/home/ul/ul_student/ul_lmm50/.conda/envs/mario-rl-cuda/lib/python3.13/site-packages/optuna/study/_optimize.py", line 206, in _run_trial
    value_or_values = func(trial)
  File "/pfs/data6/home/ul/ul_student/ul_lmm50/Neuroinformatik/src/tune.py", line 310, in <lambda>
    study.optimize(lambda t: objective(t, a), callbacks=[stop_when_reached], timeout=a.timeout)
                             ~~~~~~~~~^^^^^^
  File "/pfs/data6/home/ul/ul_student/ul_lmm50/Neuroinformatik/src/tune.py", line 270, in objective
    agent.train(report_cb=report_cb, record_video=False)
    ~~~~~~~~~~~^^^^^^^^^^^^^^^^^^^^^^^^^^^^^^^^^^^^^^^^^
  File "/pfs/data6/home/ul/ul_student/ul_lmm50/Neuroinformatik/src/ppo_agent.py", line 84, in train
    env = self._make_env()
  File "/pfs/data6/home/ul/ul_student/ul_lmm50/Neuroinformatik/src/base_agent.py", line 85, in _make_env
    return make_env(self.env_id, self.env_make_params, render_mode=render_mode,
                    obs_size=self.obs_size, frame_stack=self.frame_stack,
                    rgb_wrapper=self.rgb_wrapper, levels=levels)
  File "/pfs/data6/home/ul/ul_student/ul_lmm50/Neuroinformatik/src/env_factory.py", line 75, in make_env
    gym_kw, wrapper_kw = split_env_params(env_make_params, kind)
                         ~~~~~~~~~~~~~~~~^^^^^^^^^^^^^^^^^^^^^^^
  File "/pfs/data6/home/ul/ul_student/ul_lmm50/Neuroinformatik/src/env_factory.py", line 61, in split_env_params
    raise ValueError(
    ...<3 lines>...
    )
ValueError: unknown Mario env_make_params keys: ['warp_guard']. Known wrapper keys: ['action_set', 'frame_skip', 'level_sampler', 'max_episode_steps', 'noop_max', 'reward_clip', 'reward_divisor', 'sticky_prob', 'use_gym_make', 'version', 'warp_bonus']; level keys: ['level_set', 'level_split', 'levels']
[W 2026-08-22 20:36:23,338] Trial 3 failed with value None.
Traceback (most recent call last):
  File "/pfs/data6/home/ul/ul_student/ul_lmm50/Neuroinformatik/src/tune.py", line 455, in <module>
    main()
    ~~~~^^
  File "/pfs/data6/home/ul/ul_student/ul_lmm50/Neuroinformatik/src/tune.py", line 451, in main
    run_worker(a)
    ~~~~~~~~~~^^^
  File "/pfs/data6/home/ul/ul_student/ul_lmm50/Neuroinformatik/src/tune.py", line 310, in run_worker
    study.optimize(lambda t: objective(t, a), callbacks=[stop_when_reached], timeout=a.timeout)
    ~~~~~~~~~~~~~~^^^^^^^^^^^^^^^^^^^^^^^^^^^^^^^^^^^^^^^^^^^^^^^^^^^^^^^^^^^^^^^^^^^^^^^^^^^^^
  File "/home/ul/ul_student/ul_lmm50/.conda/envs/mario-rl-cuda/lib/python3.13/site-packages/optuna/study/study.py", line 516, in optimize
    _optimize(
    ~~~~~~~~~^
        study=self,
        ^^^^^^^^^^^
    ...<7 lines>...
        show_progress_bar=show_progress_bar,
        ^^^^^^^^^^^^^^^^^^^^^^^^^^^^^^^^^^^^
    )
    ^
  File "/home/ul/ul_student/ul_lmm50/.conda/envs/mario-rl-cuda/lib/python3.13/site-packages/optuna/study/_optimize.py", line 68, in _optimize
    _optimize_sequential(
    ~~~~~~~~~~~~~~~~~~~~^
        study,
        ^^^^^^
    ...<8 lines>...
        progress_bar=progress_bar,
        ^^^^^^^^^^^^^^^^^^^^^^^^^^
    )
    ^
  File "/home/ul/ul_student/ul_lmm50/.conda/envs/mario-rl-cuda/lib/python3.13/site-packages/optuna/study/_optimize.py", line 165, in _optimize_sequential
    frozen_trial_id = _run_trial(study, func, catch)
  File "/home/ul/ul_student/ul_lmm50/.conda/envs/mario-rl-cuda/lib/python3.13/site-packages/optuna/study/_optimize.py", line 263, in _run_trial
    raise func_err
  File "/home/ul/ul_student/ul_lmm50/.conda/envs/mario-rl-cuda/lib/python3.13/site-packages/optuna/study/_optimize.py", line 206, in _run_trial
    value_or_values = func(trial)
  File "/pfs/data6/home/ul/ul_student/ul_lmm50/Neuroinformatik/src/tune.py", line 310, in <lambda>
    study.optimize(lambda t: objective(t, a), callbacks=[stop_when_reached], timeout=a.timeout)
                             ~~~~~~~~~^^^^^^
  File "/pfs/data6/home/ul/ul_student/ul_lmm50/Neuroinformatik/src/tune.py", line 270, in objective
    agent.train(report_cb=report_cb, record_video=False)
    ~~~~~~~~~~~^^^^^^^^^^^^^^^^^^^^^^^^^^^^^^^^^^^^^^^^^
  File "/pfs/data6/home/ul/ul_student/ul_lmm50/Neuroinformatik/src/ppo_agent.py", line 84, in train
    env = self._make_env()
  File "/pfs/data6/home/ul/ul_student/ul_lmm50/Neuroinformatik/src/base_agent.py", line 85, in _make_env
    return make_env(self.env_id, self.env_make_params, render_mode=render_mode,
                    obs_size=self.obs_size, frame_stack=self.frame_stack,
                    rgb_wrapper=self.rgb_wrapper, levels=levels)
  File "/pfs/data6/home/ul/ul_student/ul_lmm50/Neuroinformatik/src/env_factory.py", line 75, in make_env
    gym_kw, wrapper_kw = split_env_params(env_make_params, kind)
                         ~~~~~~~~~~~~~~~~^^^^^^^^^^^^^^^^^^^^^^^
  File "/pfs/data6/home/ul/ul_student/ul_lmm50/Neuroinformatik/src/env_factory.py", line 61, in split_env_params
    raise ValueError(
    ...<3 lines>...
    )
ValueError: unknown Mario env_make_params keys: ['warp_guard']. Known wrapper keys: ['action_set', 'frame_skip', 'level_sampler', 'max_episode_steps', 'noop_max', 'reward_clip', 'reward_divisor', 'sticky_prob', 'use_gym_make', 'version', 'warp_bonus']; level keys: ['level_set', 'level_split', 'levels']
[W 2026-08-22 20:36:23,345] Trial 10 failed with parameters: {'learning_rate_a': 3.676878170270274e-05, 'ppo_epochs': 4, 'ent_coef': 0.01051521860615045, 'clip_eps': 0.2, 'gae_lambda': 0.9825426231017548, 'vf_coef': 0.695178331547235, 'rollout_steps': 4096, 'minibatch_size': 256, 'hidden_dim': 256} because of the following error: ValueError("unknown Mario env_make_params keys: ['warp_guard']. Known wrapper keys: ['action_set', 'frame_skip', 'level_sampler', 'max_episode_steps', 'noop_max', 'reward_clip', 'reward_divisor', 'sticky_prob', 'use_gym_make', 'version', 'warp_bonus']; level keys: ['level_set', 'level_split', 'levels']").
Traceback (most recent call last):
  File "/home/ul/ul_student/ul_lmm50/.conda/envs/mario-rl-cuda/lib/python3.13/site-packages/optuna/study/_optimize.py", line 206, in _run_trial
    value_or_values = func(trial)
  File "/pfs/data6/home/ul/ul_student/ul_lmm50/Neuroinformatik/src/tune.py", line 310, in <lambda>
    study.optimize(lambda t: objective(t, a), callbacks=[stop_when_reached], timeout=a.timeout)
                             ~~~~~~~~~^^^^^^
  File "/pfs/data6/home/ul/ul_student/ul_lmm50/Neuroinformatik/src/tune.py", line 270, in objective
    agent.train(report_cb=report_cb, record_video=False)
    ~~~~~~~~~~~^^^^^^^^^^^^^^^^^^^^^^^^^^^^^^^^^^^^^^^^^
  File "/pfs/data6/home/ul/ul_student/ul_lmm50/Neuroinformatik/src/ppo_agent.py", line 84, in train
    env = self._make_env()
  File "/pfs/data6/home/ul/ul_student/ul_lmm50/Neuroinformatik/src/base_agent.py", line 85, in _make_env
    return make_env(self.env_id, self.env_make_params, render_mode=render_mode,
                    obs_size=self.obs_size, frame_stack=self.frame_stack,
                    rgb_wrapper=self.rgb_wrapper, levels=levels)
  File "/pfs/data6/home/ul/ul_student/ul_lmm50/Neuroinformatik/src/env_factory.py", line 75, in make_env
    gym_kw, wrapper_kw = split_env_params(env_make_params, kind)
                         ~~~~~~~~~~~~~~~~^^^^^^^^^^^^^^^^^^^^^^^
  File "/pfs/data6/home/ul/ul_student/ul_lmm50/Neuroinformatik/src/env_factory.py", line 61, in split_env_params
    raise ValueError(
    ...<3 lines>...
    )
ValueError: unknown Mario env_make_params keys: ['warp_guard']. Known wrapper keys: ['action_set', 'frame_skip', 'level_sampler', 'max_episode_steps', 'noop_max', 'reward_clip', 'reward_divisor', 'sticky_prob', 'use_gym_make', 'version', 'warp_bonus']; level keys: ['level_set', 'level_split', 'levels']
[W 2026-08-22 20:36:23,348] Trial 10 failed with value None.
Traceback (most recent call last):
  File "/pfs/data6/home/ul/ul_student/ul_lmm50/Neuroinformatik/src/tune.py", line 455, in <module>
    main()
    ~~~~^^
  File "/pfs/data6/home/ul/ul_student/ul_lmm50/Neuroinformatik/src/tune.py", line 451, in main
    run_worker(a)
    ~~~~~~~~~~^^^
  File "/pfs/data6/home/ul/ul_student/ul_lmm50/Neuroinformatik/src/tune.py", line 310, in run_worker
    study.optimize(lambda t: objective(t, a), callbacks=[stop_when_reached], timeout=a.timeout)
    ~~~~~~~~~~~~~~^^^^^^^^^^^^^^^^^^^^^^^^^^^^^^^^^^^^^^^^^^^^^^^^^^^^^^^^^^^^^^^^^^^^^^^^^^^^^
  File "/home/ul/ul_student/ul_lmm50/.conda/envs/mario-rl-cuda/lib/python3.13/site-packages/optuna/study/study.py", line 516, in optimize
    _optimize(
    ~~~~~~~~~^
        study=self,
        ^^^^^^^^^^^
    ...<7 lines>...
        show_progress_bar=show_progress_bar,
        ^^^^^^^^^^^^^^^^^^^^^^^^^^^^^^^^^^^^
    )
    ^
  File "/home/ul/ul_student/ul_lmm50/.conda/envs/mario-rl-cuda/lib/python3.13/site-packages/optuna/study/_optimize.py", line 68, in _optimize
    _optimize_sequential(
    ~~~~~~~~~~~~~~~~~~~~^
        study,
        ^^^^^^
    ...<8 lines>...
        progress_bar=progress_bar,
        ^^^^^^^^^^^^^^^^^^^^^^^^^^
    )
    ^
  File "/home/ul/ul_student/ul_lmm50/.conda/envs/mario-rl-cuda/lib/python3.13/site-packages/optuna/study/_optimize.py", line 165, in _optimize_sequential
    frozen_trial_id = _run_trial(study, func, catch)
  File "/home/ul/ul_student/ul_lmm50/.conda/envs/mario-rl-cuda/lib/python3.13/site-packages/optuna/study/_optimize.py", line 263, in _run_trial
    raise func_err
  File "/home/ul/ul_student/ul_lmm50/.conda/envs/mario-rl-cuda/lib/python3.13/site-packages/optuna/study/_optimize.py", line 206, in _run_trial
    value_or_values = func(trial)
  File "/pfs/data6/home/ul/ul_student/ul_lmm50/Neuroinformatik/src/tune.py", line 310, in <lambda>
    study.optimize(lambda t: objective(t, a), callbacks=[stop_when_reached], timeout=a.timeout)
                             ~~~~~~~~~^^^^^^
  File "/pfs/data6/home/ul/ul_student/ul_lmm50/Neuroinformatik/src/tune.py", line 270, in objective
    agent.train(report_cb=report_cb, record_video=False)
    ~~~~~~~~~~~^^^^^^^^^^^^^^^^^^^^^^^^^^^^^^^^^^^^^^^^^
  File "/pfs/data6/home/ul/ul_student/ul_lmm50/Neuroinformatik/src/ppo_agent.py", line 84, in train
    env = self._make_env()
  File "/pfs/data6/home/ul/ul_student/ul_lmm50/Neuroinformatik/src/base_agent.py", line 85, in _make_env
    return make_env(self.env_id, self.env_make_params, render_mode=render_mode,
                    obs_size=self.obs_size, frame_stack=self.frame_stack,
                    rgb_wrapper=self.rgb_wrapper, levels=levels)
  File "/pfs/data6/home/ul/ul_student/ul_lmm50/Neuroinformatik/src/env_factory.py", line 75, in make_env
    gym_kw, wrapper_kw = split_env_params(env_make_params, kind)
                         ~~~~~~~~~~~~~~~~^^^^^^^^^^^^^^^^^^^^^^^
  File "/pfs/data6/home/ul/ul_student/ul_lmm50/Neuroinformatik/src/env_factory.py", line 61, in split_env_params
    raise ValueError(
    ...<3 lines>...
    )
ValueError: unknown Mario env_make_params keys: ['warp_guard']. Known wrapper keys: ['action_set', 'frame_skip', 'level_sampler', 'max_episode_steps', 'noop_max', 'reward_clip', 'reward_divisor', 'sticky_prob', 'use_gym_make', 'version', 'warp_bonus']; level keys: ['level_set', 'level_split', 'levels']
[W 2026-08-22 20:36:23,358] Trial 7 failed with parameters: {'learning_rate_a': 0.0005692630154921014, 'ppo_epochs': 4, 'ent_coef': 0.03656954595353682, 'clip_eps': 0.3, 'gae_lambda': 0.9488063325156391, 'vf_coef': 0.8673185490949626, 'rollout_steps': 8192, 'minibatch_size': 128, 'hidden_dim': 512} because of the following error: ValueError("unknown Mario env_make_params keys: ['warp_guard']. Known wrapper keys: ['action_set', 'frame_skip', 'level_sampler', 'max_episode_steps', 'noop_max', 'reward_clip', 'reward_divisor', 'sticky_prob', 'use_gym_make', 'version', 'warp_bonus']; level keys: ['level_set', 'level_split', 'levels']").
Traceback (most recent call last):
  File "/home/ul/ul_student/ul_lmm50/.conda/envs/mario-rl-cuda/lib/python3.13/site-packages/optuna/study/_optimize.py", line 206, in _run_trial
    value_or_values = func(trial)
  File "/pfs/data6/home/ul/ul_student/ul_lmm50/Neuroinformatik/src/tune.py", line 310, in <lambda>
    study.optimize(lambda t: objective(t, a), callbacks=[stop_when_reached], timeout=a.timeout)
                             ~~~~~~~~~^^^^^^
  File "/pfs/data6/home/ul/ul_student/ul_lmm50/Neuroinformatik/src/tune.py", line 270, in objective
    agent.train(report_cb=report_cb, record_video=False)
    ~~~~~~~~~~~^^^^^^^^^^^^^^^^^^^^^^^^^^^^^^^^^^^^^^^^^
  File "/pfs/data6/home/ul/ul_student/ul_lmm50/Neuroinformatik/src/ppo_agent.py", line 84, in train
    env = self._make_env()
  File "/pfs/data6/home/ul/ul_student/ul_lmm50/Neuroinformatik/src/base_agent.py", line 85, in _make_env
    return make_env(self.env_id, self.env_make_params, render_mode=render_mode,
                    obs_size=self.obs_size, frame_stack=self.frame_stack,
                    rgb_wrapper=self.rgb_wrapper, levels=levels)
  File "/pfs/data6/home/ul/ul_student/ul_lmm50/Neuroinformatik/src/env_factory.py", line 75, in make_env
    gym_kw, wrapper_kw = split_env_params(env_make_params, kind)
                         ~~~~~~~~~~~~~~~~^^^^^^^^^^^^^^^^^^^^^^^
  File "/pfs/data6/home/ul/ul_student/ul_lmm50/Neuroinformatik/src/env_factory.py", line 61, in split_env_params
    raise ValueError(
    ...<3 lines>...
    )
ValueError: unknown Mario env_make_params keys: ['warp_guard']. Known wrapper keys: ['action_set', 'frame_skip', 'level_sampler', 'max_episode_steps', 'noop_max', 'reward_clip', 'reward_divisor', 'sticky_prob', 'use_gym_make', 'version', 'warp_bonus']; level keys: ['level_set', 'level_split', 'levels']
[W 2026-08-22 20:36:23,362] Trial 7 failed with value None.
Traceback (most recent call last):
  File "/pfs/data6/home/ul/ul_student/ul_lmm50/Neuroinformatik/src/tune.py", line 455, in <module>
    main()
    ~~~~^^
  File "/pfs/data6/home/ul/ul_student/ul_lmm50/Neuroinformatik/src/tune.py", line 451, in main
    run_worker(a)
    ~~~~~~~~~~^^^
  File "/pfs/data6/home/ul/ul_student/ul_lmm50/Neuroinformatik/src/tune.py", line 310, in run_worker
    study.optimize(lambda t: objective(t, a), callbacks=[stop_when_reached], timeout=a.timeout)
    ~~~~~~~~~~~~~~^^^^^^^^^^^^^^^^^^^^^^^^^^^^^^^^^^^^^^^^^^^^^^^^^^^^^^^^^^^^^^^^^^^^^^^^^^^^^
  File "/home/ul/ul_student/ul_lmm50/.conda/envs/mario-rl-cuda/lib/python3.13/site-packages/optuna/study/study.py", line 516, in optimize
    _optimize(
    ~~~~~~~~~^
        study=self,
        ^^^^^^^^^^^
    ...<7 lines>...
        show_progress_bar=show_progress_bar,
        ^^^^^^^^^^^^^^^^^^^^^^^^^^^^^^^^^^^^
    )
    ^
  File "/home/ul/ul_student/ul_lmm50/.conda/envs/mario-rl-cuda/lib/python3.13/site-packages/optuna/study/_optimize.py", line 68, in _optimize
    _optimize_sequential(
    ~~~~~~~~~~~~~~~~~~~~^
        study,
        ^^^^^^
    ...<8 lines>...
        progress_bar=progress_bar,
        ^^^^^^^^^^^^^^^^^^^^^^^^^^
    )
    ^
  File "/home/ul/ul_student/ul_lmm50/.conda/envs/mario-rl-cuda/lib/python3.13/site-packages/optuna/study/_optimize.py", line 165, in _optimize_sequential
    frozen_trial_id = _run_trial(study, func, catch)
  File "/home/ul/ul_student/ul_lmm50/.conda/envs/mario-rl-cuda/lib/python3.13/site-packages/optuna/study/_optimize.py", line 263, in _run_trial
    raise func_err
  File "/home/ul/ul_student/ul_lmm50/.conda/envs/mario-rl-cuda/lib/python3.13/site-packages/optuna/study/_optimize.py", line 206, in _run_trial
    value_or_values = func(trial)
  File "/pfs/data6/home/ul/ul_student/ul_lmm50/Neuroinformatik/src/tune.py", line 310, in <lambda>
    study.optimize(lambda t: objective(t, a), callbacks=[stop_when_reached], timeout=a.timeout)
                             ~~~~~~~~~^^^^^^
  File "/pfs/data6/home/ul/ul_student/ul_lmm50/Neuroinformatik/src/tune.py", line 270, in objective
    agent.train(report_cb=report_cb, record_video=False)
    ~~~~~~~~~~~^^^^^^^^^^^^^^^^^^^^^^^^^^^^^^^^^^^^^^^^^
  File "/pfs/data6/home/ul/ul_student/ul_lmm50/Neuroinformatik/src/ppo_agent.py", line 84, in train
    env = self._make_env()
  File "/pfs/data6/home/ul/ul_student/ul_lmm50/Neuroinformatik/src/base_agent.py", line 85, in _make_env
    return make_env(self.env_id, self.env_make_params, render_mode=render_mode,
                    obs_size=self.obs_size, frame_stack=self.frame_stack,
                    rgb_wrapper=self.rgb_wrapper, levels=levels)
  File "/pfs/data6/home/ul/ul_student/ul_lmm50/Neuroinformatik/src/env_factory.py", line 75, in make_env
    gym_kw, wrapper_kw = split_env_params(env_make_params, kind)
                         ~~~~~~~~~~~~~~~~^^^^^^^^^^^^^^^^^^^^^^^
  File "/pfs/data6/home/ul/ul_student/ul_lmm50/Neuroinformatik/src/env_factory.py", line 61, in split_env_params
    raise ValueError(
    ...<3 lines>...
    )
ValueError: unknown Mario env_make_params keys: ['warp_guard']. Known wrapper keys: ['action_set', 'frame_skip', 'level_sampler', 'max_episode_steps', 'noop_max', 'reward_clip', 'reward_divisor', 'sticky_prob', 'use_gym_make', 'version', 'warp_bonus']; level keys: ['level_set', 'level_split', 'levels']
[W 2026-08-22 20:36:23,368] Trial 1 failed with parameters: {'learning_rate_a': 0.0002647131351543035, 'ppo_epochs': 3, 'ent_coef': 0.02487361154216155, 'clip_eps': 0.3, 'gae_lambda': 0.9425801149530996, 'vf_coef': 0.7419728689919488, 'rollout_steps': 4096, 'minibatch_size': 128, 'hidden_dim': 256} because of the following error: ValueError("unknown Mario env_make_params keys: ['warp_guard']. Known wrapper keys: ['action_set', 'frame_skip', 'level_sampler', 'max_episode_steps', 'noop_max', 'reward_clip', 'reward_divisor', 'sticky_prob', 'use_gym_make', 'version', 'warp_bonus']; level keys: ['level_set', 'level_split', 'levels']").
Traceback (most recent call last):
  File "/home/ul/ul_student/ul_lmm50/.conda/envs/mario-rl-cuda/lib/python3.13/site-packages/optuna/study/_optimize.py", line 206, in _run_trial
    value_or_values = func(trial)
  File "/pfs/data6/home/ul/ul_student/ul_lmm50/Neuroinformatik/src/tune.py", line 310, in <lambda>
    study.optimize(lambda t: objective(t, a), callbacks=[stop_when_reached], timeout=a.timeout)
                             ~~~~~~~~~^^^^^^
  File "/pfs/data6/home/ul/ul_student/ul_lmm50/Neuroinformatik/src/tune.py", line 270, in objective
    agent.train(report_cb=report_cb, record_video=False)
    ~~~~~~~~~~~^^^^^^^^^^^^^^^^^^^^^^^^^^^^^^^^^^^^^^^^^
  File "/pfs/data6/home/ul/ul_student/ul_lmm50/Neuroinformatik/src/ppo_agent.py", line 84, in train
    env = self._make_env()
  File "/pfs/data6/home/ul/ul_student/ul_lmm50/Neuroinformatik/src/base_agent.py", line 85, in _make_env
    return make_env(self.env_id, self.env_make_params, render_mode=render_mode,
                    obs_size=self.obs_size, frame_stack=self.frame_stack,
                    rgb_wrapper=self.rgb_wrapper, levels=levels)
  File "/pfs/data6/home/ul/ul_student/ul_lmm50/Neuroinformatik/src/env_factory.py", line 75, in make_env
    gym_kw, wrapper_kw = split_env_params(env_make_params, kind)
                         ~~~~~~~~~~~~~~~~^^^^^^^^^^^^^^^^^^^^^^^
  File "/pfs/data6/home/ul/ul_student/ul_lmm50/Neuroinformatik/src/env_factory.py", line 61, in split_env_params
    raise ValueError(
    ...<3 lines>...
    )
ValueError: unknown Mario env_make_params keys: ['warp_guard']. Known wrapper keys: ['action_set', 'frame_skip', 'level_sampler', 'max_episode_steps', 'noop_max', 'reward_clip', 'reward_divisor', 'sticky_prob', 'use_gym_make', 'version', 'warp_bonus']; level keys: ['level_set', 'level_split', 'levels']
[W 2026-08-22 20:36:23,372] Trial 1 failed with value None.
Traceback (most recent call last):
  File "/pfs/data6/home/ul/ul_student/ul_lmm50/Neuroinformatik/src/tune.py", line 455, in <module>
    main()
    ~~~~^^
  File "/pfs/data6/home/ul/ul_student/ul_lmm50/Neuroinformatik/src/tune.py", line 451, in main
    run_worker(a)
    ~~~~~~~~~~^^^
  File "/pfs/data6/home/ul/ul_student/ul_lmm50/Neuroinformatik/src/tune.py", line 310, in run_worker
    study.optimize(lambda t: objective(t, a), callbacks=[stop_when_reached], timeout=a.timeout)
    ~~~~~~~~~~~~~~^^^^^^^^^^^^^^^^^^^^^^^^^^^^^^^^^^^^^^^^^^^^^^^^^^^^^^^^^^^^^^^^^^^^^^^^^^^^^
  File "/home/ul/ul_student/ul_lmm50/.conda/envs/mario-rl-cuda/lib/python3.13/site-packages/optuna/study/study.py", line 516, in optimize
    _optimize(
    ~~~~~~~~~^
        study=self,
        ^^^^^^^^^^^
    ...<7 lines>...
        show_progress_bar=show_progress_bar,
        ^^^^^^^^^^^^^^^^^^^^^^^^^^^^^^^^^^^^
    )
    ^
  File "/home/ul/ul_student/ul_lmm50/.conda/envs/mario-rl-cuda/lib/python3.13/site-packages/optuna/study/_optimize.py", line 68, in _optimize
    _optimize_sequential(
    ~~~~~~~~~~~~~~~~~~~~^
        study,
        ^^^^^^
    ...<8 lines>...
        progress_bar=progress_bar,
        ^^^^^^^^^^^^^^^^^^^^^^^^^^
    )
    ^
  File "/home/ul/ul_student/ul_lmm50/.conda/envs/mario-rl-cuda/lib/python3.13/site-packages/optuna/study/_optimize.py", line 165, in _optimize_sequential
    frozen_trial_id = _run_trial(study, func, catch)
  File "/home/ul/ul_student/ul_lmm50/.conda/envs/mario-rl-cuda/lib/python3.13/site-packages/optuna/study/_optimize.py", line 263, in _run_trial
    raise func_err
  File "/home/ul/ul_student/ul_lmm50/.conda/envs/mario-rl-cuda/lib/python3.13/site-packages/optuna/study/_optimize.py", line 206, in _run_trial
    value_or_values = func(trial)
  File "/pfs/data6/home/ul/ul_student/ul_lmm50/Neuroinformatik/src/tune.py", line 310, in <lambda>
    study.optimize(lambda t: objective(t, a), callbacks=[stop_when_reached], timeout=a.timeout)
                             ~~~~~~~~~^^^^^^
  File "/pfs/data6/home/ul/ul_student/ul_lmm50/Neuroinformatik/src/tune.py", line 270, in objective
    agent.train(report_cb=report_cb, record_video=False)
    ~~~~~~~~~~~^^^^^^^^^^^^^^^^^^^^^^^^^^^^^^^^^^^^^^^^^
  File "/pfs/data6/home/ul/ul_student/ul_lmm50/Neuroinformatik/src/ppo_agent.py", line 84, in train
    env = self._make_env()
  File "/pfs/data6/home/ul/ul_student/ul_lmm50/Neuroinformatik/src/base_agent.py", line 85, in _make_env
    return make_env(self.env_id, self.env_make_params, render_mode=render_mode,
                    obs_size=self.obs_size, frame_stack=self.frame_stack,
                    rgb_wrapper=self.rgb_wrapper, levels=levels)
  File "/pfs/data6/home/ul/ul_student/ul_lmm50/Neuroinformatik/src/env_factory.py", line 75, in make_env
    gym_kw, wrapper_kw = split_env_params(env_make_params, kind)
                         ~~~~~~~~~~~~~~~~^^^^^^^^^^^^^^^^^^^^^^^
  File "/pfs/data6/home/ul/ul_student/ul_lmm50/Neuroinformatik/src/env_factory.py", line 61, in split_env_params
    raise ValueError(
    ...<3 lines>...
    )
ValueError: unknown Mario env_make_params keys: ['warp_guard']. Known wrapper keys: ['action_set', 'frame_skip', 'level_sampler', 'max_episode_steps', 'noop_max', 'reward_clip', 'reward_divisor', 'sticky_prob', 'use_gym_make', 'version', 'warp_bonus']; level keys: ['level_set', 'level_split', 'levels']
[W 2026-08-22 20:36:23,429] Trial 8 failed with parameters: {'learning_rate_a': 8.737119836060171e-05, 'ppo_epochs': 10, 'ent_coef': 0.011830463713519096, 'clip_eps': 0.2, 'gae_lambda': 0.9739367567010466, 'vf_coef': 0.6878993760511871, 'rollout_steps': 4096, 'minibatch_size': 256, 'hidden_dim': 256} because of the following error: ValueError("unknown Mario env_make_params keys: ['warp_guard']. Known wrapper keys: ['action_set', 'frame_skip', 'level_sampler', 'max_episode_steps', 'noop_max', 'reward_clip', 'reward_divisor', 'sticky_prob', 'use_gym_make', 'version', 'warp_bonus']; level keys: ['level_set', 'level_split', 'levels']").
Traceback (most recent call last):
  File "/home/ul/ul_student/ul_lmm50/.conda/envs/mario-rl-cuda/lib/python3.13/site-packages/optuna/study/_optimize.py", line 206, in _run_trial
    value_or_values = func(trial)
  File "/pfs/data6/home/ul/ul_student/ul_lmm50/Neuroinformatik/src/tune.py", line 310, in <lambda>
    study.optimize(lambda t: objective(t, a), callbacks=[stop_when_reached], timeout=a.timeout)
                             ~~~~~~~~~^^^^^^
  File "/pfs/data6/home/ul/ul_student/ul_lmm50/Neuroinformatik/src/tune.py", line 270, in objective
    agent.train(report_cb=report_cb, record_video=False)
    ~~~~~~~~~~~^^^^^^^^^^^^^^^^^^^^^^^^^^^^^^^^^^^^^^^^^
  File "/pfs/data6/home/ul/ul_student/ul_lmm50/Neuroinformatik/src/ppo_agent.py", line 84, in train
    env = self._make_env()
  File "/pfs/data6/home/ul/ul_student/ul_lmm50/Neuroinformatik/src/base_agent.py", line 85, in _make_env
    return make_env(self.env_id, self.env_make_params, render_mode=render_mode,
                    obs_size=self.obs_size, frame_stack=self.frame_stack,
                    rgb_wrapper=self.rgb_wrapper, levels=levels)
  File "/pfs/data6/home/ul/ul_student/ul_lmm50/Neuroinformatik/src/env_factory.py", line 75, in make_env
    gym_kw, wrapper_kw = split_env_params(env_make_params, kind)
                         ~~~~~~~~~~~~~~~~^^^^^^^^^^^^^^^^^^^^^^^
  File "/pfs/data6/home/ul/ul_student/ul_lmm50/Neuroinformatik/src/env_factory.py", line 61, in split_env_params
    raise ValueError(
    ...<3 lines>...
    )
ValueError: unknown Mario env_make_params keys: ['warp_guard']. Known wrapper keys: ['action_set', 'frame_skip', 'level_sampler', 'max_episode_steps', 'noop_max', 'reward_clip', 'reward_divisor', 'sticky_prob', 'use_gym_make', 'version', 'warp_bonus']; level keys: ['level_set', 'level_split', 'levels']
[W 2026-08-22 20:36:23,432] Trial 8 failed with value None.
Traceback (most recent call last):
  File "/pfs/data6/home/ul/ul_student/ul_lmm50/Neuroinformatik/src/tune.py", line 455, in <module>
    main()
    ~~~~^^
  File "/pfs/data6/home/ul/ul_student/ul_lmm50/Neuroinformatik/src/tune.py", line 451, in main
    run_worker(a)
    ~~~~~~~~~~^^^
  File "/pfs/data6/home/ul/ul_student/ul_lmm50/Neuroinformatik/src/tune.py", line 310, in run_worker
    study.optimize(lambda t: objective(t, a), callbacks=[stop_when_reached], timeout=a.timeout)
    ~~~~~~~~~~~~~~^^^^^^^^^^^^^^^^^^^^^^^^^^^^^^^^^^^^^^^^^^^^^^^^^^^^^^^^^^^^^^^^^^^^^^^^^^^^^
  File "/home/ul/ul_student/ul_lmm50/.conda/envs/mario-rl-cuda/lib/python3.13/site-packages/optuna/study/study.py", line 516, in optimize
    _optimize(
    ~~~~~~~~~^
        study=self,
        ^^^^^^^^^^^
    ...<7 lines>...
        show_progress_bar=show_progress_bar,
        ^^^^^^^^^^^^^^^^^^^^^^^^^^^^^^^^^^^^
    )
    ^
  File "/home/ul/ul_student/ul_lmm50/.conda/envs/mario-rl-cuda/lib/python3.13/site-packages/optuna/study/_optimize.py", line 68, in _optimize
    _optimize_sequential(
    ~~~~~~~~~~~~~~~~~~~~^
        study,
        ^^^^^^
    ...<8 lines>...
        progress_bar=progress_bar,
        ^^^^^^^^^^^^^^^^^^^^^^^^^^
    )
    ^
  File "/home/ul/ul_student/ul_lmm50/.conda/envs/mario-rl-cuda/lib/python3.13/site-packages/optuna/study/_optimize.py", line 165, in _optimize_sequential
    frozen_trial_id = _run_trial(study, func, catch)
  File "/home/ul/ul_student/ul_lmm50/.conda/envs/mario-rl-cuda/lib/python3.13/site-packages/optuna/study/_optimize.py", line 263, in _run_trial
    raise func_err
  File "/home/ul/ul_student/ul_lmm50/.conda/envs/mario-rl-cuda/lib/python3.13/site-packages/optuna/study/_optimize.py", line 206, in _run_trial
    value_or_values = func(trial)
  File "/pfs/data6/home/ul/ul_student/ul_lmm50/Neuroinformatik/src/tune.py", line 310, in <lambda>
    study.optimize(lambda t: objective(t, a), callbacks=[stop_when_reached], timeout=a.timeout)
                             ~~~~~~~~~^^^^^^
  File "/pfs/data6/home/ul/ul_student/ul_lmm50/Neuroinformatik/src/tune.py", line 270, in objective
    agent.train(report_cb=report_cb, record_video=False)
    ~~~~~~~~~~~^^^^^^^^^^^^^^^^^^^^^^^^^^^^^^^^^^^^^^^^^
  File "/pfs/data6/home/ul/ul_student/ul_lmm50/Neuroinformatik/src/ppo_agent.py", line 84, in train
    env = self._make_env()
  File "/pfs/data6/home/ul/ul_student/ul_lmm50/Neuroinformatik/src/base_agent.py", line 85, in _make_env
    return make_env(self.env_id, self.env_make_params, render_mode=render_mode,
                    obs_size=self.obs_size, frame_stack=self.frame_stack,
                    rgb_wrapper=self.rgb_wrapper, levels=levels)
  File "/pfs/data6/home/ul/ul_student/ul_lmm50/Neuroinformatik/src/env_factory.py", line 75, in make_env
    gym_kw, wrapper_kw = split_env_params(env_make_params, kind)
                         ~~~~~~~~~~~~~~~~^^^^^^^^^^^^^^^^^^^^^^^
  File "/pfs/data6/home/ul/ul_student/ul_lmm50/Neuroinformatik/src/env_factory.py", line 61, in split_env_params
    raise ValueError(
    ...<3 lines>...
    )
ValueError: unknown Mario env_make_params keys: ['warp_guard']. Known wrapper keys: ['action_set', 'frame_skip', 'level_sampler', 'max_episode_steps', 'noop_max', 'reward_clip', 'reward_divisor', 'sticky_prob', 'use_gym_make', 'version', 'warp_bonus']; level keys: ['level_set', 'level_split', 'levels']
[W 2026-08-22 20:36:23,436] Trial 5 failed with parameters: {'learning_rate_a': 4.343188327090974e-05, 'ppo_epochs': 4, 'ent_coef': 0.014190467260098732, 'clip_eps': 0.1, 'gae_lambda': 0.9313615208873641, 'vf_coef': 0.3011612385902174, 'rollout_steps': 4096, 'minibatch_size': 64, 'hidden_dim': 512} because of the following error: ValueError("unknown Mario env_make_params keys: ['warp_guard']. Known wrapper keys: ['action_set', 'frame_skip', 'level_sampler', 'max_episode_steps', 'noop_max', 'reward_clip', 'reward_divisor', 'sticky_prob', 'use_gym_make', 'version', 'warp_bonus']; level keys: ['level_set', 'level_split', 'levels']").
Traceback (most recent call last):
  File "/home/ul/ul_student/ul_lmm50/.conda/envs/mario-rl-cuda/lib/python3.13/site-packages/optuna/study/_optimize.py", line 206, in _run_trial
    value_or_values = func(trial)
  File "/pfs/data6/home/ul/ul_student/ul_lmm50/Neuroinformatik/src/tune.py", line 310, in <lambda>
    study.optimize(lambda t: objective(t, a), callbacks=[stop_when_reached], timeout=a.timeout)
                             ~~~~~~~~~^^^^^^
  File "/pfs/data6/home/ul/ul_student/ul_lmm50/Neuroinformatik/src/tune.py", line 270, in objective
    agent.train(report_cb=report_cb, record_video=False)
    ~~~~~~~~~~~^^^^^^^^^^^^^^^^^^^^^^^^^^^^^^^^^^^^^^^^^
  File "/pfs/data6/home/ul/ul_student/ul_lmm50/Neuroinformatik/src/ppo_agent.py", line 84, in train
    env = self._make_env()
  File "/pfs/data6/home/ul/ul_student/ul_lmm50/Neuroinformatik/src/base_agent.py", line 85, in _make_env
    return make_env(self.env_id, self.env_make_params, render_mode=render_mode,
                    obs_size=self.obs_size, frame_stack=self.frame_stack,
                    rgb_wrapper=self.rgb_wrapper, levels=levels)
  File "/pfs/data6/home/ul/ul_student/ul_lmm50/Neuroinformatik/src/env_factory.py", line 75, in make_env
    gym_kw, wrapper_kw = split_env_params(env_make_params, kind)
                         ~~~~~~~~~~~~~~~~^^^^^^^^^^^^^^^^^^^^^^^
  File "/pfs/data6/home/ul/ul_student/ul_lmm50/Neuroinformatik/src/env_factory.py", line 61, in split_env_params
    raise ValueError(
    ...<3 lines>...
    )
ValueError: unknown Mario env_make_params keys: ['warp_guard']. Known wrapper keys: ['action_set', 'frame_skip', 'level_sampler', 'max_episode_steps', 'noop_max', 'reward_clip', 'reward_divisor', 'sticky_prob', 'use_gym_make', 'version', 'warp_bonus']; level keys: ['level_set', 'level_split', 'levels']
[W 2026-08-22 20:36:23,440] Trial 5 failed with value None.
Traceback (most recent call last):
  File "/pfs/data6/home/ul/ul_student/ul_lmm50/Neuroinformatik/src/tune.py", line 455, in <module>
    main()
    ~~~~^^
  File "/pfs/data6/home/ul/ul_student/ul_lmm50/Neuroinformatik/src/tune.py", line 451, in main
    run_worker(a)
    ~~~~~~~~~~^^^
  File "/pfs/data6/home/ul/ul_student/ul_lmm50/Neuroinformatik/src/tune.py", line 310, in run_worker
    study.optimize(lambda t: objective(t, a), callbacks=[stop_when_reached], timeout=a.timeout)
    ~~~~~~~~~~~~~~^^^^^^^^^^^^^^^^^^^^^^^^^^^^^^^^^^^^^^^^^^^^^^^^^^^^^^^^^^^^^^^^^^^^^^^^^^^^^
  File "/home/ul/ul_student/ul_lmm50/.conda/envs/mario-rl-cuda/lib/python3.13/site-packages/optuna/study/study.py", line 516, in optimize
    _optimize(
    ~~~~~~~~~^
        study=self,
        ^^^^^^^^^^^
    ...<7 lines>...
        show_progress_bar=show_progress_bar,
        ^^^^^^^^^^^^^^^^^^^^^^^^^^^^^^^^^^^^
    )
    ^
  File "/home/ul/ul_student/ul_lmm50/.conda/envs/mario-rl-cuda/lib/python3.13/site-packages/optuna/study/_optimize.py", line 68, in _optimize
    _optimize_sequential(
    ~~~~~~~~~~~~~~~~~~~~^
        study,
        ^^^^^^
    ...<8 lines>...
        progress_bar=progress_bar,
        ^^^^^^^^^^^^^^^^^^^^^^^^^^
    )
    ^
  File "/home/ul/ul_student/ul_lmm50/.conda/envs/mario-rl-cuda/lib/python3.13/site-packages/optuna/study/_optimize.py", line 165, in _optimize_sequential
    frozen_trial_id = _run_trial(study, func, catch)
  File "/home/ul/ul_student/ul_lmm50/.conda/envs/mario-rl-cuda/lib/python3.13/site-packages/optuna/study/_optimize.py", line 263, in _run_trial
    raise func_err
  File "/home/ul/ul_student/ul_lmm50/.conda/envs/mario-rl-cuda/lib/python3.13/site-packages/optuna/study/_optimize.py", line 206, in _run_trial
    value_or_values = func(trial)
  File "/pfs/data6/home/ul/ul_student/ul_lmm50/Neuroinformatik/src/tune.py", line 310, in <lambda>
    study.optimize(lambda t: objective(t, a), callbacks=[stop_when_reached], timeout=a.timeout)
                             ~~~~~~~~~^^^^^^
  File "/pfs/data6/home/ul/ul_student/ul_lmm50/Neuroinformatik/src/tune.py", line 270, in objective
    agent.train(report_cb=report_cb, record_video=False)
    ~~~~~~~~~~~^^^^^^^^^^^^^^^^^^^^^^^^^^^^^^^^^^^^^^^^^
  File "/pfs/data6/home/ul/ul_student/ul_lmm50/Neuroinformatik/src/ppo_agent.py", line 84, in train
    env = self._make_env()
  File "/pfs/data6/home/ul/ul_student/ul_lmm50/Neuroinformatik/src/base_agent.py", line 85, in _make_env
    return make_env(self.env_id, self.env_make_params, render_mode=render_mode,
                    obs_size=self.obs_size, frame_stack=self.frame_stack,
                    rgb_wrapper=self.rgb_wrapper, levels=levels)
  File "/pfs/data6/home/ul/ul_student/ul_lmm50/Neuroinformatik/src/env_factory.py", line 75, in make_env
    gym_kw, wrapper_kw = split_env_params(env_make_params, kind)
                         ~~~~~~~~~~~~~~~~^^^^^^^^^^^^^^^^^^^^^^^
  File "/pfs/data6/home/ul/ul_student/ul_lmm50/Neuroinformatik/src/env_factory.py", line 61, in split_env_params
    raise ValueError(
    ...<3 lines>...
    )
ValueError: unknown Mario env_make_params keys: ['warp_guard']. Known wrapper keys: ['action_set', 'frame_skip', 'level_sampler', 'max_episode_steps', 'noop_max', 'reward_clip', 'reward_divisor', 'sticky_prob', 'use_gym_make', 'version', 'warp_bonus']; level keys: ['level_set', 'level_split', 'levels']
[W 2026-08-22 20:36:23,447] Trial 2 failed with parameters: {'learning_rate_a': 0.0008541500072435653, 'ppo_epochs': 3, 'ent_coef': 0.02969654851053068, 'clip_eps': 0.2, 'gae_lambda': 0.937866554822225, 'vf_coef': 0.8022923335088965, 'rollout_steps': 8192, 'minibatch_size': 128, 'hidden_dim': 512} because of the following error: ValueError("unknown Mario env_make_params keys: ['warp_guard']. Known wrapper keys: ['action_set', 'frame_skip', 'level_sampler', 'max_episode_steps', 'noop_max', 'reward_clip', 'reward_divisor', 'sticky_prob', 'use_gym_make', 'version', 'warp_bonus']; level keys: ['level_set', 'level_split', 'levels']").
Traceback (most recent call last):
  File "/home/ul/ul_student/ul_lmm50/.conda/envs/mario-rl-cuda/lib/python3.13/site-packages/optuna/study/_optimize.py", line 206, in _run_trial
    value_or_values = func(trial)
  File "/pfs/data6/home/ul/ul_student/ul_lmm50/Neuroinformatik/src/tune.py", line 310, in <lambda>
    study.optimize(lambda t: objective(t, a), callbacks=[stop_when_reached], timeout=a.timeout)
                             ~~~~~~~~~^^^^^^
  File "/pfs/data6/home/ul/ul_student/ul_lmm50/Neuroinformatik/src/tune.py", line 270, in objective
    agent.train(report_cb=report_cb, record_video=False)
    ~~~~~~~~~~~^^^^^^^^^^^^^^^^^^^^^^^^^^^^^^^^^^^^^^^^^
  File "/pfs/data6/home/ul/ul_student/ul_lmm50/Neuroinformatik/src/ppo_agent.py", line 84, in train
    env = self._make_env()
  File "/pfs/data6/home/ul/ul_student/ul_lmm50/Neuroinformatik/src/base_agent.py", line 85, in _make_env
    return make_env(self.env_id, self.env_make_params, render_mode=render_mode,
                    obs_size=self.obs_size, frame_stack=self.frame_stack,
                    rgb_wrapper=self.rgb_wrapper, levels=levels)
  File "/pfs/data6/home/ul/ul_student/ul_lmm50/Neuroinformatik/src/env_factory.py", line 75, in make_env
    gym_kw, wrapper_kw = split_env_params(env_make_params, kind)
                         ~~~~~~~~~~~~~~~~^^^^^^^^^^^^^^^^^^^^^^^
  File "/pfs/data6/home/ul/ul_student/ul_lmm50/Neuroinformatik/src/env_factory.py", line 61, in split_env_params
    raise ValueError(
    ...<3 lines>...
    )
ValueError: unknown Mario env_make_params keys: ['warp_guard']. Known wrapper keys: ['action_set', 'frame_skip', 'level_sampler', 'max_episode_steps', 'noop_max', 'reward_clip', 'reward_divisor', 'sticky_prob', 'use_gym_make', 'version', 'warp_bonus']; level keys: ['level_set', 'level_split', 'levels']
[W 2026-08-22 20:36:23,450] Trial 2 failed with value None.
Traceback (most recent call last):
  File "/pfs/data6/home/ul/ul_student/ul_lmm50/Neuroinformatik/src/tune.py", line 455, in <module>
    main()
    ~~~~^^
  File "/pfs/data6/home/ul/ul_student/ul_lmm50/Neuroinformatik/src/tune.py", line 451, in main
    run_worker(a)
    ~~~~~~~~~~^^^
  File "/pfs/data6/home/ul/ul_student/ul_lmm50/Neuroinformatik/src/tune.py", line 310, in run_worker
    study.optimize(lambda t: objective(t, a), callbacks=[stop_when_reached], timeout=a.timeout)
    ~~~~~~~~~~~~~~^^^^^^^^^^^^^^^^^^^^^^^^^^^^^^^^^^^^^^^^^^^^^^^^^^^^^^^^^^^^^^^^^^^^^^^^^^^^^
  File "/home/ul/ul_student/ul_lmm50/.conda/envs/mario-rl-cuda/lib/python3.13/site-packages/optuna/study/study.py", line 516, in optimize
    _optimize(
    ~~~~~~~~~^
        study=self,
        ^^^^^^^^^^^
    ...<7 lines>...
        show_progress_bar=show_progress_bar,
        ^^^^^^^^^^^^^^^^^^^^^^^^^^^^^^^^^^^^
    )
    ^
  File "/home/ul/ul_student/ul_lmm50/.conda/envs/mario-rl-cuda/lib/python3.13/site-packages/optuna/study/_optimize.py", line 68, in _optimize
    _optimize_sequential(
    ~~~~~~~~~~~~~~~~~~~~^
        study,
        ^^^^^^
    ...<8 lines>...
        progress_bar=progress_bar,
        ^^^^^^^^^^^^^^^^^^^^^^^^^^
    )
    ^
  File "/home/ul/ul_student/ul_lmm50/.conda/envs/mario-rl-cuda/lib/python3.13/site-packages/optuna/study/_optimize.py", line 165, in _optimize_sequential
    frozen_trial_id = _run_trial(study, func, catch)
  File "/home/ul/ul_student/ul_lmm50/.conda/envs/mario-rl-cuda/lib/python3.13/site-packages/optuna/study/_optimize.py", line 263, in _run_trial
    raise func_err
  File "/home/ul/ul_student/ul_lmm50/.conda/envs/mario-rl-cuda/lib/python3.13/site-packages/optuna/study/_optimize.py", line 206, in _run_trial
    value_or_values = func(trial)
  File "/pfs/data6/home/ul/ul_student/ul_lmm50/Neuroinformatik/src/tune.py", line 310, in <lambda>
    study.optimize(lambda t: objective(t, a), callbacks=[stop_when_reached], timeout=a.timeout)
                             ~~~~~~~~~^^^^^^
  File "/pfs/data6/home/ul/ul_student/ul_lmm50/Neuroinformatik/src/tune.py", line 270, in objective
    agent.train(report_cb=report_cb, record_video=False)
    ~~~~~~~~~~~^^^^^^^^^^^^^^^^^^^^^^^^^^^^^^^^^^^^^^^^^
  File "/pfs/data6/home/ul/ul_student/ul_lmm50/Neuroinformatik/src/ppo_agent.py", line 84, in train
    env = self._make_env()
  File "/pfs/data6/home/ul/ul_student/ul_lmm50/Neuroinformatik/src/base_agent.py", line 85, in _make_env
    return make_env(self.env_id, self.env_make_params, render_mode=render_mode,
                    obs_size=self.obs_size, frame_stack=self.frame_stack,
                    rgb_wrapper=self.rgb_wrapper, levels=levels)
  File "/pfs/data6/home/ul/ul_student/ul_lmm50/Neuroinformatik/src/env_factory.py", line 75, in make_env
    gym_kw, wrapper_kw = split_env_params(env_make_params, kind)
                         ~~~~~~~~~~~~~~~~^^^^^^^^^^^^^^^^^^^^^^^
  File "/pfs/data6/home/ul/ul_student/ul_lmm50/Neuroinformatik/src/env_factory.py", line 61, in split_env_params
    raise ValueError(
    ...<3 lines>...
    )
ValueError: unknown Mario env_make_params keys: ['warp_guard']. Known wrapper keys: ['action_set', 'frame_skip', 'level_sampler', 'max_episode_steps', 'noop_max', 'reward_clip', 'reward_divisor', 'sticky_prob', 'use_gym_make', 'version', 'warp_bonus']; level keys: ['level_set', 'level_split', 'levels']
[W 2026-08-22 20:36:23,453] Trial 4 failed with parameters: {'learning_rate_a': 7.789865363743645e-05, 'ppo_epochs': 3, 'ent_coef': 0.02499670150857285, 'clip_eps': 0.2, 'gae_lambda': 0.9721702909982401, 'vf_coef': 0.4110184200381735, 'rollout_steps': 8192, 'minibatch_size': 64, 'hidden_dim': 512} because of the following error: ValueError("unknown Mario env_make_params keys: ['warp_guard']. Known wrapper keys: ['action_set', 'frame_skip', 'level_sampler', 'max_episode_steps', 'noop_max', 'reward_clip', 'reward_divisor', 'sticky_prob', 'use_gym_make', 'version', 'warp_bonus']; level keys: ['level_set', 'level_split', 'levels']").
Traceback (most recent call last):
  File "/home/ul/ul_student/ul_lmm50/.conda/envs/mario-rl-cuda/lib/python3.13/site-packages/optuna/study/_optimize.py", line 206, in _run_trial
    value_or_values = func(trial)
  File "/pfs/data6/home/ul/ul_student/ul_lmm50/Neuroinformatik/src/tune.py", line 310, in <lambda>
    study.optimize(lambda t: objective(t, a), callbacks=[stop_when_reached], timeout=a.timeout)
                             ~~~~~~~~~^^^^^^
  File "/pfs/data6/home/ul/ul_student/ul_lmm50/Neuroinformatik/src/tune.py", line 270, in objective
    agent.train(report_cb=report_cb, record_video=False)
    ~~~~~~~~~~~^^^^^^^^^^^^^^^^^^^^^^^^^^^^^^^^^^^^^^^^^
  File "/pfs/data6/home/ul/ul_student/ul_lmm50/Neuroinformatik/src/ppo_agent.py", line 84, in train
    env = self._make_env()
  File "/pfs/data6/home/ul/ul_student/ul_lmm50/Neuroinformatik/src/base_agent.py", line 85, in _make_env
    return make_env(self.env_id, self.env_make_params, render_mode=render_mode,
                    obs_size=self.obs_size, frame_stack=self.frame_stack,
                    rgb_wrapper=self.rgb_wrapper, levels=levels)
  File "/pfs/data6/home/ul/ul_student/ul_lmm50/Neuroinformatik/src/env_factory.py", line 75, in make_env
    gym_kw, wrapper_kw = split_env_params(env_make_params, kind)
                         ~~~~~~~~~~~~~~~~^^^^^^^^^^^^^^^^^^^^^^^
  File "/pfs/data6/home/ul/ul_student/ul_lmm50/Neuroinformatik/src/env_factory.py", line 61, in split_env_params
    raise ValueError(
    ...<3 lines>...
    )
ValueError: unknown Mario env_make_params keys: ['warp_guard']. Known wrapper keys: ['action_set', 'frame_skip', 'level_sampler', 'max_episode_steps', 'noop_max', 'reward_clip', 'reward_divisor', 'sticky_prob', 'use_gym_make', 'version', 'warp_bonus']; level keys: ['level_set', 'level_split', 'levels']
[W 2026-08-22 20:36:23,457] Trial 4 failed with value None.
Traceback (most recent call last):
  File "/pfs/data6/home/ul/ul_student/ul_lmm50/Neuroinformatik/src/tune.py", line 455, in <module>
    main()
    ~~~~^^
  File "/pfs/data6/home/ul/ul_student/ul_lmm50/Neuroinformatik/src/tune.py", line 451, in main
    run_worker(a)
    ~~~~~~~~~~^^^
  File "/pfs/data6/home/ul/ul_student/ul_lmm50/Neuroinformatik/src/tune.py", line 310, in run_worker
    study.optimize(lambda t: objective(t, a), callbacks=[stop_when_reached], timeout=a.timeout)
    ~~~~~~~~~~~~~~^^^^^^^^^^^^^^^^^^^^^^^^^^^^^^^^^^^^^^^^^^^^^^^^^^^^^^^^^^^^^^^^^^^^^^^^^^^^^
  File "/home/ul/ul_student/ul_lmm50/.conda/envs/mario-rl-cuda/lib/python3.13/site-packages/optuna/study/study.py", line 516, in optimize
    _optimize(
    ~~~~~~~~~^
        study=self,
        ^^^^^^^^^^^
    ...<7 lines>...
        show_progress_bar=show_progress_bar,
        ^^^^^^^^^^^^^^^^^^^^^^^^^^^^^^^^^^^^
    )
    ^
  File "/home/ul/ul_student/ul_lmm50/.conda/envs/mario-rl-cuda/lib/python3.13/site-packages/optuna/study/_optimize.py", line 68, in _optimize
    _optimize_sequential(
    ~~~~~~~~~~~~~~~~~~~~^
        study,
        ^^^^^^
    ...<8 lines>...
        progress_bar=progress_bar,
        ^^^^^^^^^^^^^^^^^^^^^^^^^^
    )
    ^
  File "/home/ul/ul_student/ul_lmm50/.conda/envs/mario-rl-cuda/lib/python3.13/site-packages/optuna/study/_optimize.py", line 165, in _optimize_sequential
    frozen_trial_id = _run_trial(study, func, catch)
  File "/home/ul/ul_student/ul_lmm50/.conda/envs/mario-rl-cuda/lib/python3.13/site-packages/optuna/study/_optimize.py", line 263, in _run_trial
    raise func_err
  File "/home/ul/ul_student/ul_lmm50/.conda/envs/mario-rl-cuda/lib/python3.13/site-packages/optuna/study/_optimize.py", line 206, in _run_trial
    value_or_values = func(trial)
  File "/pfs/data6/home/ul/ul_student/ul_lmm50/Neuroinformatik/src/tune.py", line 310, in <lambda>
    study.optimize(lambda t: objective(t, a), callbacks=[stop_when_reached], timeout=a.timeout)
                             ~~~~~~~~~^^^^^^
  File "/pfs/data6/home/ul/ul_student/ul_lmm50/Neuroinformatik/src/tune.py", line 270, in objective
    agent.train(report_cb=report_cb, record_video=False)
    ~~~~~~~~~~~^^^^^^^^^^^^^^^^^^^^^^^^^^^^^^^^^^^^^^^^^
  File "/pfs/data6/home/ul/ul_student/ul_lmm50/Neuroinformatik/src/ppo_agent.py", line 84, in train
    env = self._make_env()
  File "/pfs/data6/home/ul/ul_student/ul_lmm50/Neuroinformatik/src/base_agent.py", line 85, in _make_env
    return make_env(self.env_id, self.env_make_params, render_mode=render_mode,
                    obs_size=self.obs_size, frame_stack=self.frame_stack,
                    rgb_wrapper=self.rgb_wrapper, levels=levels)
  File "/pfs/data6/home/ul/ul_student/ul_lmm50/Neuroinformatik/src/env_factory.py", line 75, in make_env
    gym_kw, wrapper_kw = split_env_params(env_make_params, kind)
                         ~~~~~~~~~~~~~~~~^^^^^^^^^^^^^^^^^^^^^^^
  File "/pfs/data6/home/ul/ul_student/ul_lmm50/Neuroinformatik/src/env_factory.py", line 61, in split_env_params
    raise ValueError(
    ...<3 lines>...
    )
ValueError: unknown Mario env_make_params keys: ['warp_guard']. Known wrapper keys: ['action_set', 'frame_skip', 'level_sampler', 'max_episode_steps', 'noop_max', 'reward_clip', 'reward_divisor', 'sticky_prob', 'use_gym_make', 'version', 'warp_bonus']; level keys: ['level_set', 'level_split', 'levels']
/pfs/data6/home/ul/ul_student/ul_lmm50/Neuroinformatik/src/tune.py:337: ExperimentalWarning: optuna.visualization.matplotlib._optimization_history.plot_optimization_history is experimental (supported from v2.2.0). The interface can change in the future.
  ax = fn(study)
[W 2026-08-22 21:36:35,293] There are no complete trials.
/home/ul/ul_student/ul_lmm50/.conda/envs/mario-rl-cuda/lib/python3.13/site-packages/optuna/visualization/matplotlib/_optimization_history.py:150: UserWarning: No artists with labels found to put in legend.  Note that artists whose label start with an underscore are ignored when legend() is called with no argument.
  plt.legend(bbox_to_anchor=(1.05, 1.0), loc="upper left")
/pfs/data6/home/ul/ul_student/ul_lmm50/Neuroinformatik/src/tune.py:337: ExperimentalWarning: optuna.visualization.matplotlib._param_importances.plot_param_importances is experimental (supported from v2.2.0). The interface can change in the future.
  ax = fn(study)
[W 2026-08-22 21:36:35,629] Study instance does not contain completed trials.
/home/ul/ul_student/ul_lmm50/.conda/envs/mario-rl-cuda/lib/python3.13/site-packages/optuna/visualization/matplotlib/_param_importances.py:116: UserWarning: No artists with labels found to put in legend.  Note that artists whose label start with an underscore are ignored when legend() is called with no argument.
  ax.legend(loc="best")
/pfs/data6/home/ul/ul_student/ul_lmm50/Neuroinformatik/src/tune.py:337: ExperimentalWarning: optuna.visualization.matplotlib._parallel_coordinate.plot_parallel_coordinate is experimental (supported from v2.2.0). The interface can change in the future.
  ax = fn(study)
[W 2026-08-22 21:36:35,714] Your study does not have any completed trials.
/pfs/data6/home/ul/ul_student/ul_lmm50/Neuroinformatik/src/tune.py:337: ExperimentalWarning: optuna.visualization.matplotlib._slice.plot_slice is experimental (supported from v2.2.0). The interface can change in the future.
  ax = fn(study)
[W 2026-08-22 21:36:35,788] Your study does not have any completed trials.
