Sat Jun 20 13:18:15 2026       
+-----------------------------------------------------------------------------------------+
| NVIDIA-SMI 595.71.05              Driver Version: 595.71.05      CUDA Version: 13.2     |
+-----------------------------------------+------------------------+----------------------+
| GPU  Name                 Persistence-M | Bus-Id          Disp.A | Volatile Uncorr. ECC |
| Fan  Temp   Perf          Pwr:Usage/Cap |           Memory-Usage | GPU-Util  Compute M. |
|                                         |                        |               MIG M. |
|=========================================+========================+======================|
|   0  NVIDIA A100 80GB PCIe          On  |   00000000:19:00.0 Off |                    0 |
| N/A   41C    P0             83W /  300W |     666MiB /  81920MiB |     17%      Default |
|                                         |                        |             Disabled |
+-----------------------------------------+------------------------+----------------------+

+-----------------------------------------------------------------------------------------+
| Processes:                                                                              |
|  GPU   GI   CI              PID   Type   Process name                        GPU Memory |
|        ID   ID                                                               Usage      |
|=========================================================================================|
|    0   N/A  N/A            9012      G   /usr/libexec/Xorg                        17MiB |
|    0   N/A  N/A          506081      C   python                                  630MiB |
+-----------------------------------------------------------------------------------------+

============================= JOB FEEDBACK =============================

NodeName=uc2n912
Job ID: 5088715
Cluster: uc3
User/Group: ul_lmm50/ul_student
State: OUT_OF_MEMORY (exit code 0)
Nodes: 1
Cores per node: 4
CPU Utilized: 11:54:11
CPU Efficiency: 24.05% of 2-01:29:52 core-walltime
Job Wall-clock time: 12:22:28
Memory Utilized: 60.28 GB
Memory Efficiency: 96.45% of 62.50 GB (62.50 GB/node)
