/home/ul/ul_student/ul_lmm50/.conda/envs/dqn-flappy-bird-cuda/lib/python3.11/site-packages/gymnasium/wrappers/rendering.py:292: UserWarning: [33mWARN: Overwriting existing videos at /pfs/data6/home/ul/ul_student/ul_lmm50/Neuroinformatik/runs/flappybird_rainbow7/checkpoint_videos folder (try specifying a different `video_folder` for the `RecordVideo` wrapper if this is not desired)[0m
  logger.warn(
/home/ul/ul_student/ul_lmm50/.conda/envs/dqn-flappy-bird-cuda/lib/python3.11/site-packages/gymnasium/wrappers/rendering.py:292: UserWarning: [33mWARN: Overwriting existing videos at /pfs/data6/home/ul/ul_student/ul_lmm50/Neuroinformatik/runs/flappybird_rainbow7/checkpoint_videos folder (try specifying a different `video_folder` for the `RecordVideo` wrapper if this is not desired)[0m
  logger.warn(
Traceback (most recent call last):
  File "/pfs/data6/home/ul/ul_student/ul_lmm50/Neuroinformatik/src/agent.py", line 447, in <module>
    dql.train()
  File "/pfs/data6/home/ul/ul_student/ul_lmm50/Neuroinformatik/src/agent.py", line 314, in train
    save_graph(rewards_per_episode, pipes_per_episode, lengths_per_episode,
  File "/pfs/data6/home/ul/ul_student/ul_lmm50/Neuroinformatik/src/utils.py", line 139, in save_graph
    fig.savefig(graph_file)
  File "/home/ul/ul_student/ul_lmm50/.conda/envs/dqn-flappy-bird-cuda/lib/python3.11/site-packages/matplotlib/figure.py", line 3395, in savefig
    self.canvas.print_figure(fname, **kwargs)
  File "/home/ul/ul_student/ul_lmm50/.conda/envs/dqn-flappy-bird-cuda/lib/python3.11/site-packages/matplotlib/backend_bases.py", line 2204, in print_figure
    result = print_method(
             ^^^^^^^^^^^^^
  File "/home/ul/ul_student/ul_lmm50/.conda/envs/dqn-flappy-bird-cuda/lib/python3.11/site-packages/matplotlib/backend_bases.py", line 2054, in <lambda>
    print_method = functools.wraps(meth)(lambda *args, **kwargs: meth(
                                                                 ^^^^^
  File "/home/ul/ul_student/ul_lmm50/.conda/envs/dqn-flappy-bird-cuda/lib/python3.11/site-packages/matplotlib/backends/backend_agg.py", line 496, in print_png
    self._print_pil(filename_or_obj, "png", pil_kwargs, metadata)
  File "/home/ul/ul_student/ul_lmm50/.conda/envs/dqn-flappy-bird-cuda/lib/python3.11/site-packages/matplotlib/backends/backend_agg.py", line 445, in _print_pil
    mpl.image.imsave(
  File "/home/ul/ul_student/ul_lmm50/.conda/envs/dqn-flappy-bird-cuda/lib/python3.11/site-packages/matplotlib/image.py", line 1676, in imsave
    image.save(fname, **pil_kwargs)
  File "/home/ul/ul_student/ul_lmm50/.conda/envs/dqn-flappy-bird-cuda/lib/python3.11/site-packages/PIL/Image.py", line 2591, in save
    fp = builtins.open(filename, "w+b")
         ^^^^^^^^^^^^^^^^^^^^^^^^^^^^^^
FileNotFoundError: [Errno 2] No such file or directory: 'runs/flappybird_rainbow7/flappybird_rainbow7.png'
