Fri Jun 26 12:43:35 2026       
+-----------------------------------------------------------------------------------------+
| NVIDIA-SMI 595.71.05              Driver Version: 595.71.05      CUDA Version: 13.2     |
+-----------------------------------------+------------------------+----------------------+
| GPU  Name                 Persistence-M | Bus-Id          Disp.A | Volatile Uncorr. ECC |
| Fan  Temp   Perf          Pwr:Usage/Cap |           Memory-Usage | GPU-Util  Compute M. |
|                                         |                        |               MIG M. |
|=========================================+========================+======================|
|   0  NVIDIA A100 80GB PCIe          On  |   00000000:1C:00.0 Off |                    0 |
| N/A   49C    P0            103W /  300W |    1018MiB /  81920MiB |     20%      Default |
|                                         |                        |             Disabled |
+-----------------------------------------+------------------------+----------------------+

+-----------------------------------------------------------------------------------------+
| Processes:                                                                              |
|  GPU   GI   CI              PID   Type   Process name                        GPU Memory |
|        ID   ID                                                               Usage      |
|=========================================================================================|
|    0   N/A  N/A            9048      G   /usr/libexec/Xorg                        17MiB |
|    0   N/A  N/A         2227625      C   python                                  982MiB |
+-----------------------------------------------------------------------------------------+
Using device: cuda
2026-06-26_11-44-34: Training starting...
Device: cuda
2026-06-26_11-44-42 Episode 0: New best reward 3.90, training model saved.
2026-06-26_11-44-44 Episode 0: New best greedy reward 2.00, model saved.
2026-06-26_11-44-46 Episode 3: New best reward 4.90, training model saved.
2026-06-26_11-44-50 Episode 10: New best reward 8.90, training model saved.
2026-06-26_11-50-03 Episode 640: New best reward 10.80, training model saved.
2026-06-26_11-58-23 Episode 1600: New best greedy reward 3.90, model saved.
2026-06-26_12-00-45 Episode 1660: New best reward 17.90, training model saved.
2026-06-26_12-02-01 Episode 1680: New best reward 28.00, training model saved.
2026-06-26_12-03-15 Episode 1694: New best reward 55.70, training model saved.
2026-06-26_12-04-34 Episode 1698: New best reward 130.60, training model saved.
2026-06-26_12-05-16 Episode 1700: New best greedy reward 15.50, model saved.
2026-06-26_12-06-34 Episode 1701: New best reward 219.40, training model saved.
2026-06-26_12-08-47 Episode 1705: New best reward 223.90, training model saved.
2026-06-26_12-11-20 Episode 1707: New best reward 328.80, training model saved.
2026-06-26_12-26-08 Episode 1734: New best reward 414.40, training model saved.
2026-06-26_12-39-04 Episode 1750: New best reward 485.30, training model saved.
2026-06-26_12-58-30 Episode 1774: New best reward 1299.20, training model saved.
2026-06-26_14-40-11 Episode 1900: New best greedy reward 81.20, model saved.

============================= JOB FEEDBACK =============================

NodeName=uc2n909
Job ID: 5231152
Cluster: uc3
User/Group: ul_lmm50/ul_student
State: FAILED (exit code 1)
Nodes: 1
Cores per node: 4
CPU Utilized: 03:28:33
CPU Efficiency: 24.35% of 14:16:28 core-walltime
Job Wall-clock time: 03:34:07
Memory Utilized: 19.92 GB
Memory Efficiency: 15.94% of 125.00 GB (125.00 GB/node)
