HPO: algorithm=ppo n_trials=250 study=ppo_6214659 workers=12 gpus=4
Sat Aug  8 22:52:37 2026       
+-----------------------------------------------------------------------------------------+
| NVIDIA-SMI 595.71.05              Driver Version: 595.71.05      CUDA Version: 13.2     |
+-----------------------------------------+------------------------+----------------------+
| GPU  Name                 Persistence-M | Bus-Id          Disp.A | Volatile Uncorr. ECC |
| Fan  Temp   Perf          Pwr:Usage/Cap |           Memory-Usage | GPU-Util  Compute M. |
|                                         |                        |               MIG M. |
|=========================================+========================+======================|
|   0  NVIDIA A100 80GB PCIe          On  |   00000000:19:00.0 Off |                    0 |
| N/A   46C    P0             80W /  300W |    3879MiB /  81920MiB |     32%      Default |
|                                         |                        |             Disabled |
+-----------------------------------------+------------------------+----------------------+
|   1  NVIDIA A100 80GB PCIe          On  |   00000000:1A:00.0 Off |                    0 |
| N/A   44C    P0            102W /  300W |    3495MiB /  81920MiB |     17%      Default |
|                                         |                        |             Disabled |
+-----------------------------------------+------------------------+----------------------+
|   2  NVIDIA A100 80GB PCIe          On  |   00000000:1B:00.0 Off |                    0 |
| N/A   48C    P0             83W /  300W |    4013MiB /  81920MiB |     30%      Default |
|                                         |                        |             Disabled |
+-----------------------------------------+------------------------+----------------------+
|   3  NVIDIA A100 80GB PCIe          On  |   00000000:1C:00.0 Off |                    0 |
| N/A   47C    P0             85W /  300W |    3935MiB /  81920MiB |     30%      Default |
|                                         |                        |             Disabled |
+-----------------------------------------+------------------------+----------------------+

+-----------------------------------------------------------------------------------------+
| Processes:                                                                              |
|  GPU   GI   CI              PID   Type   Process name                        GPU Memory |
|        ID   ID                                                               Usage      |
|=========================================================================================|
|    0   N/A  N/A            9111      G   /usr/libexec/Xorg                        17MiB |
|    0   N/A  N/A         2822051      C   python                                  990MiB |
|    0   N/A  N/A         2822062      C   python                                 1436MiB |
|    0   N/A  N/A         2822066      C   python                                 1404MiB |
|    1   N/A  N/A            9111      G   /usr/libexec/Xorg                        17MiB |
|    1   N/A  N/A         2822059      C   python                                 1040MiB |
|    1   N/A  N/A         2822063      C   python                                  990MiB |
|    1   N/A  N/A         2822067      C   python                                 1416MiB |
|    2   N/A  N/A            9111      G   /usr/libexec/Xorg                        17MiB |
|    2   N/A  N/A         2822060      C   python                                 1150MiB |
|    2   N/A  N/A         2822064      C   python                                 1422MiB |
|    2   N/A  N/A         2822068      C   python                                 1392MiB |
|    3   N/A  N/A            9111      G   /usr/libexec/Xorg                        17MiB |
|    3   N/A  N/A         2822061      C   python                                 1006MiB |
|    3   N/A  N/A         2822065      C   python                                 1440MiB |
|    3   N/A  N/A         2822069      C   python                                 1440MiB |
+-----------------------------------------------------------------------------------------+

============================= JOB FEEDBACK =============================

NodeName=uc2n912
Job ID: 6214659
Cluster: uc3
User/Group: ul_lmm50/ul_student
State: TIMEOUT (exit code 0)
Nodes: 1
Cores per node: 24
CPU Utilized: 00:00:08
CPU Efficiency: 0.00% of 32-00:02:00 core-walltime
Job Wall-clock time: 1-08:00:05
Memory Utilized: 38.33 GB
Memory Efficiency: 61.34% of 62.50 GB (62.50 GB/node)
