HPO: env=mario algorithm=rainbow objective=mean n_trials=100 study=mario_rainbow_6750278 workers=12 gpus=4
Wed Sep  2 06:31:54 2026       
+-----------------------------------------------------------------------------------------+
| NVIDIA-SMI 595.71.05              Driver Version: 595.71.05      CUDA Version: 13.2     |
+-----------------------------------------+------------------------+----------------------+
| GPU  Name                 Persistence-M | Bus-Id          Disp.A | Volatile Uncorr. ECC |
| Fan  Temp   Perf          Pwr:Usage/Cap |           Memory-Usage | GPU-Util  Compute M. |
|                                         |                        |               MIG M. |
|=========================================+========================+======================|
|   0  NVIDIA A100 80GB PCIe          On  |   00000000:19:00.0 Off |                    0 |
| N/A   46C    P0             89W /  300W |    1961MiB /  81920MiB |     33%      Default |
|                                         |                        |             Disabled |
+-----------------------------------------+------------------------+----------------------+
|   1  NVIDIA A100 80GB PCIe          On  |   00000000:1A:00.0 Off |                    0 |
| N/A   52C    P0             89W /  300W |    1395MiB /  81920MiB |     33%      Default |
|                                         |                        |             Disabled |
+-----------------------------------------+------------------------+----------------------+
|   2  NVIDIA A100 80GB PCIe          On  |   00000000:1B:00.0 Off |                    0 |
| N/A   43C    P0             94W /  300W |    2131MiB /  81920MiB |     55%      Default |
|                                         |                        |             Disabled |
+-----------------------------------------+------------------------+----------------------+
|   3  NVIDIA A100 80GB PCIe          On  |   00000000:1C:00.0 Off |                    0 |
| N/A   46C    P0             87W /  300W |    1871MiB /  81920MiB |     27%      Default |
|                                         |                        |             Disabled |
+-----------------------------------------+------------------------+----------------------+

+-----------------------------------------------------------------------------------------+
| Processes:                                                                              |
|  GPU   GI   CI              PID   Type   Process name                        GPU Memory |
|        ID   ID                                                               Usage      |
|=========================================================================================|
|    0   N/A  N/A            9542      G   /usr/libexec/Xorg                        17MiB |
|    0   N/A  N/A         3854402      C   python                                  624MiB |
|    0   N/A  N/A         3854419      C   python                                  624MiB |
|    0   N/A  N/A         3854423      C   python                                  666MiB |
|    1   N/A  N/A            9542      G   /usr/libexec/Xorg                        17MiB |
|    1   N/A  N/A         3854420      C   python                                  624MiB |
|    1   N/A  N/A         3854424      C   python                                  730MiB |
|    2   N/A  N/A            9542      G   /usr/libexec/Xorg                        17MiB |
|    2   N/A  N/A         3854417      C   python                                  730MiB |
|    2   N/A  N/A         3854421      C   python                                  624MiB |
|    2   N/A  N/A         3854425      C   python                                  730MiB |
|    3   N/A  N/A            9542      G   /usr/libexec/Xorg                        17MiB |
|    3   N/A  N/A         3854418      C   python                                  608MiB |
|    3   N/A  N/A         3854422      C   python                                  608MiB |
|    3   N/A  N/A         3854426      C   python                                  608MiB |
+-----------------------------------------------------------------------------------------+
[signal] USR1 -- wall clock near, reporting early
[report] writing artifacts for mario_rainbow_6750278

============================= JOB FEEDBACK =============================

NodeName=uc2n905
Job ID: 6750278
Cluster: uc3
User/Group: ul_lmm50/ul_student
State: TIMEOUT (exit code 0)
Nodes: 1
Cores per node: 32
CPU Utilized: 00:34:17
CPU Efficiency: 0.04% of 64-00:00:00 core-walltime
Job Wall-clock time: 2-00:00:00
Memory Utilized: 125.10 GB
Memory Efficiency: 100.08% of 125.00 GB (125.00 GB/node)
