Fri Jun 19 17:53:52 2026       
+-----------------------------------------------------------------------------------------+
| NVIDIA-SMI 595.71.05              Driver Version: 595.71.05      CUDA Version: 13.2     |
+-----------------------------------------+------------------------+----------------------+
| GPU  Name                 Persistence-M | Bus-Id          Disp.A | Volatile Uncorr. ECC |
| Fan  Temp   Perf          Pwr:Usage/Cap |           Memory-Usage | GPU-Util  Compute M. |
|                                         |                        |               MIG M. |
|=========================================+========================+======================|
|   0  NVIDIA A100 80GB PCIe          On  |   00000000:1C:00.0 Off |                    0 |
| N/A   39C    P0             86W /  300W |   31138MiB /  81920MiB |     21%      Default |
|                                         |                        |             Disabled |
+-----------------------------------------+------------------------+----------------------+

+-----------------------------------------------------------------------------------------+
| Processes:                                                                              |
|  GPU   GI   CI              PID   Type   Process name                        GPU Memory |
|        ID   ID                                                               Usage      |
|=========================================================================================|
|    0   N/A  N/A            9048      G   /usr/libexec/Xorg                        17MiB |
|    0   N/A  N/A          751312      C   python                                31102MiB |
+-----------------------------------------------------------------------------------------+
Using device: cuda
2026-06-19_16-54-38: Training starting...
Device: cuda
2026-06-19_16-54-45 Episode 0: New best reward 3.90, training model saved.
2026-06-19_16-54-47 Episode 0: New best greedy reward 2.00, model saved.
2026-06-19_16-54-48 Episode 3: New best reward 4.90, training model saved.
2026-06-19_16-54-51 Episode 10: New best reward 8.90, training model saved.
2026-06-19_16-59-05 Episode 640: New best reward 10.80, training model saved.
2026-06-19_17-10-27 Episode 2000: New best greedy reward 3.90, model saved.
2026-06-19_17-10-42 Episode 2020: New best reward 15.20, training model saved.
2026-06-19_17-13-10 Episode 2204: New best reward 22.70, training model saved.
2026-06-19_17-21-00 Episode 2818: New best reward 36.40, training model saved.
2026-06-19_17-23-32 Episode 3000: New best greedy reward 8.40, model saved.
2026-06-19_17-28-31 Episode 3336: New best reward 96.90, training model saved.
2026-06-19_17-36-26 Episode 3687: New best reward 138.90, training model saved.
2026-06-19_17-37-48 Episode 3704: New best reward 264.90, training model saved.
2026-06-19_17-40-27 Episode 3730: New best reward 325.90, training model saved.
2026-06-19_17-45-55 Episode 3797: New best reward 335.50, training model saved.
2026-06-19_17-48-17 Episode 3802: New best reward 460.90, training model saved.
2026-06-19_17-53-46 Episode 3818: New best reward 561.10, training model saved.
2026-06-19_17-55-23 Episode 3819: New best reward 863.50, training model saved.
2026-06-19_18-11-57 Episode 3860: New best reward 1744.50, training model saved.
2026-06-19_18-25-57 Episode 3889: New best reward 1763.10, training model saved.
2026-06-19_18-44-59 Episode 3917: New best reward 1952.80, training model saved.
2026-06-19_19-33-00 Episode 4000: New best greedy reward 46.10, model saved.

============================= JOB FEEDBACK =============================

NodeName=uc2n909
Job ID: 5081775
Cluster: uc3
User/Group: ul_lmm50/ul_student
State: FAILED (exit code 1)
Nodes: 1
Cores per node: 4
CPU Utilized: 02:46:05
CPU Efficiency: 24.55% of 11:16:32 core-walltime
Job Wall-clock time: 02:49:08
Memory Utilized: 4.48 GB
Memory Efficiency: 28.68% of 15.62 GB (15.62 GB/node)
