HPO: env=mario algorithm=rainbow objective=mean n_trials=80 study=mario_rainbow_6736259 workers=4 gpus=4
Sat Aug 29 23:44:04 2026       
+-----------------------------------------------------------------------------------------+
| NVIDIA-SMI 595.71.05              Driver Version: 595.71.05      CUDA Version: 13.2     |
+-----------------------------------------+------------------------+----------------------+
| GPU  Name                 Persistence-M | Bus-Id          Disp.A | Volatile Uncorr. ECC |
| Fan  Temp   Perf          Pwr:Usage/Cap |           Memory-Usage | GPU-Util  Compute M. |
|                                         |                        |               MIG M. |
|=========================================+========================+======================|
|   0  NVIDIA A100 80GB PCIe          On  |   00000000:19:00.0 Off |                    0 |
| N/A   43C    P0             90W /  300W |     736MiB /  81920MiB |     21%      Default |
|                                         |                        |             Disabled |
+-----------------------------------------+------------------------+----------------------+
|   1  NVIDIA A100 80GB PCIe          On  |   00000000:1A:00.0 Off |                    0 |
| N/A   44C    P0             79W /  300W |     706MiB /  81920MiB |      0%      Default |
|                                         |                        |             Disabled |
+-----------------------------------------+------------------------+----------------------+
|   2  NVIDIA A100 80GB PCIe          On  |   00000000:1B:00.0 Off |                    0 |
| N/A   47C    P0             89W /  300W |     706MiB /  81920MiB |     19%      Default |
|                                         |                        |             Disabled |
+-----------------------------------------+------------------------+----------------------+
|   3  NVIDIA A100 80GB PCIe          On  |   00000000:1C:00.0 Off |                    0 |
| N/A   44C    P0             89W /  300W |     706MiB /  81920MiB |     20%      Default |
|                                         |                        |             Disabled |
+-----------------------------------------+------------------------+----------------------+

+-----------------------------------------------------------------------------------------+
| Processes:                                                                              |
|  GPU   GI   CI              PID   Type   Process name                        GPU Memory |
|        ID   ID                                                               Usage      |
|=========================================================================================|
|    0   N/A  N/A           11565      G   /usr/libexec/Xorg                        17MiB |
|    0   N/A  N/A         3243362      C   python                                  700MiB |
|    1   N/A  N/A           11565      G   /usr/libexec/Xorg                        17MiB |
|    1   N/A  N/A         3243382      C   python                                  670MiB |
|    2   N/A  N/A           11565      G   /usr/libexec/Xorg                        17MiB |
|    2   N/A  N/A         3243383      C   python                                  670MiB |
|    3   N/A  N/A           11565      G   /usr/libexec/Xorg                        17MiB |
|    3   N/A  N/A         3243384      C   python                                  670MiB |
+-----------------------------------------------------------------------------------------+
2026-08-29_22-44-58: Training starting...
Device: cuda
2026-08-29_22-45-09 Episode 0: New best reward 11.27, training model saved.
2026-08-29_22-45-24 Episode 0: New best greedy reward -27.60, model saved.
2026-08-29_22-45-27 Episode 2: New best reward 12.53, training model saved.
2026-08-29_22-45-29 Episode 3: New best reward 13.60, training model saved.
2026-08-29_22-45-30 Episode 4: New best reward 15.67, training model saved.
2026-08-29_22-45-37 Episode 8: New best reward 19.67, training model saved.
2026-08-29_22-50-34 Episode 33: New best reward 38.07, training model saved.
2026-08-29_22-50-36 Episode 34: New best reward 38.93, training model saved.
2026-08-29_22-56-58 Episode 59: New best reward 40.33, training model saved.
2026-08-29_23-14-34 Episode 133: New best reward 41.33, training model saved.
2026-08-29_23-19-34 Episode 176: New best reward 133.07, training model saved.
2026-08-29_23-22-36 Episode 249: New best reward 133.93, training model saved.
2026-08-29_23-32-16 Episode 371: New best reward 152.87, training model saved.
2026-08-30_00-07-26 Episode 949: New best reward 153.40, training model saved.
2026-08-30_01-21-42: Training starting...
Device: cuda
2026-08-30_01-21-49 Episode 0: New best reward 7.80, training model saved.
2026-08-30_01-22-04 Episode 0: New best greedy reward -27.60, model saved.
2026-08-30_01-22-24 Episode 5: New best reward 9.67, training model saved.
2026-08-30_01-22-40 Episode 8: New best reward 10.53, training model saved.
2026-08-30_01-23-30 Episode 19: New best reward 16.93, training model saved.
2026-08-30_01-23-31 Episode 20: New best reward 26.87, training model saved.
2026-08-30_01-23-34 Episode 21: New best reward 30.73, training model saved.
2026-08-30_01-24-13 Episode 28: New best reward 71.93, training model saved.
2026-08-30_01-25-47 Episode 64: New best reward 80.40, training model saved.
2026-08-30_01-25-56 Episode 67: New best reward 82.47, training model saved.
2026-08-30_01-32-44 Episode 165: New best reward 133.07, training model saved.
2026-08-30_01-35-39 Episode 206: New best reward 139.27, training model saved.
2026-08-30_01-52-35 Episode 526: New best reward 154.60, training model saved.
2026-08-30_02-07-47 Episode 897: New best reward 157.67, training model saved.
2026-08-30_02-10-15 Episode 955: New best reward 166.40, training model saved.
2026-08-30_02-11-59 Episode 1000: New best greedy reward 36.00, model saved.
2026-08-30_03-05-05: Training starting...
Device: cuda
2026-08-30_03-05-23 Episode 0: New best reward -12.47, training model saved.
2026-08-30_03-05-39 Episode 0: New best greedy reward -27.60, model saved.
2026-08-30_03-05-46 Episode 1: New best reward -5.27, training model saved.
2026-08-30_03-06-00 Episode 3: New best reward 6.80, training model saved.
2026-08-30_03-06-53 Episode 9: New best reward 14.07, training model saved.
2026-08-30_03-07-31 Episode 11: New best reward 22.13, training model saved.
2026-08-30_03-10-33 Episode 38: New best reward 22.60, training model saved.
2026-08-30_03-31-28 Episode 140: New best reward 29.53, training model saved.
2026-08-30_03-32-45 Episode 149: New best reward 34.80, training model saved.
2026-08-30_03-36-01 Episode 164: New best reward 67.13, training model saved.
2026-08-30_03-57-10 Episode 261: New best reward 75.47, training model saved.
2026-08-30_04-06-55 Episode 344: New best reward 89.47, training model saved.
2026-08-30_04-20-11 Episode 536: New best reward 96.00, training model saved.
2026-08-30_04-23-05 Episode 581: New best reward 141.53, training model saved.
2026-08-30_04-24-26 Episode 601: New best reward 181.00, training model saved.
2026-08-30_05-40-32: Training starting...
Device: cuda
2026-08-30_05-40-38 Episode 0: New best reward 8.33, training model saved.
2026-08-30_05-40-53 Episode 0: New best greedy reward -27.60, model saved.
2026-08-30_05-41-04 Episode 3: New best reward 11.27, training model saved.
2026-08-30_05-42-19 Episode 19: New best reward 13.67, training model saved.
2026-08-30_05-42-23 Episode 20: New best reward 15.07, training model saved.
2026-08-30_05-42-24 Episode 21: New best reward 38.27, training model saved.
2026-08-30_05-43-25 Episode 28: New best reward 40.80, training model saved.
2026-08-30_05-43-30 Episode 29: New best reward 81.60, training model saved.
2026-08-30_05-44-16 Episode 35: New best reward 81.60, training model saved.
2026-08-30_05-46-17 Episode 47: New best reward 115.60, training model saved.
2026-08-30_05-49-37: Training starting...
Device: cuda
2026-08-30_05-49-43 Episode 0: New best reward 8.33, training model saved.
2026-08-30_05-49-58 Episode 0: New best greedy reward -27.60, model saved.
2026-08-30_05-50-35 Episode 7: New best reward 9.20, training model saved.
2026-08-30_05-50-38 Episode 8: New best reward 10.80, training model saved.
2026-08-30_05-51-33 Episode 17: New best reward 19.03, training model saved.
2026-08-30_05-51-36 Episode 18: New best reward 42.40, training model saved.
2026-08-30_05-52-32 Episode 27: New best reward 46.73, training model saved.
2026-08-30_05-52-35 Episode 29: New best reward 81.00, training model saved.
2026-08-30_05-54-39 Episode 44: New best reward 81.33, training model saved.
2026-08-30_05-54-42 Episode 45: New best reward 81.53, training model saved.
2026-08-30_05-56-26 Episode 68: New best reward 81.53, training model saved.
2026-08-30_05-57-55 Episode 88: New best reward 125.00, training model saved.
2026-08-30_05-58-18 Episode 105: New best reward 125.67, training model saved.
2026-08-30_06-11-17 Episode 340: New best reward 134.13, training model saved.
2026-08-30_06-12-12 Episode 364: New best reward 152.47, training model saved.
2026-08-30_06-19-13 Episode 565: New best reward 156.60, training model saved.
2026-08-30_06-31-35 Episode 886: New best reward 165.60, training model saved.
2026-08-30_06-35-45 Episode 1000: New best greedy reward -6.73, model saved.
2026-08-30_06-42-15 Episode 1163: New best reward 231.27, training model saved.
2026-08-30_07-11-36 Episode 2000: New best greedy reward 32.87, model saved.
2026-08-30_07-42-04: Training starting...
Device: cuda
2026-08-30_07-42-22 Episode 0: New best reward -12.07, training model saved.
2026-08-30_07-42-37 Episode 0: New best greedy reward -27.60, model saved.
2026-08-30_07-42-44 Episode 1: New best reward -3.73, training model saved.
2026-08-30_07-42-57 Episode 3: New best reward 6.00, training model saved.
2026-08-30_07-43-40 Episode 8: New best reward 6.33, training model saved.
2026-08-30_07-43-51 Episode 9: New best reward 11.73, training model saved.
2026-08-30_07-43-53 Episode 10: New best reward 23.53, training model saved.
2026-08-30_07-43-58 Episode 12: New best reward 32.13, training model saved.
2026-08-30_07-45-32 Episode 18: New best reward 41.40, training model saved.
2026-08-30_07-45-39 Episode 19: New best reward 43.13, training model saved.
2026-08-30_07-47-54 Episode 57: New best reward 50.20, training model saved.
2026-08-30_07-49-29 Episode 75: New best reward 50.87, training model saved.
2026-08-30_07-53-02 Episode 102: New best reward 69.27, training model saved.
2026-08-30_07-55-19 Episode 120: New best reward 75.53, training model saved.
2026-08-30_07-59-09 Episode 150: New best reward 78.33, training model saved.
2026-08-30_08-01-24 Episode 191: New best reward 84.73, training model saved.
2026-08-30_08-05-10 Episode 253: New best reward 87.93, training model saved.
2026-08-30_08-14-40 Episode 344: New best reward 140.20, training model saved.
2026-08-30_08-42-24 Episode 1000: New best greedy reward 30.80, model saved.
2026-08-30_08-42-39 Episode 1005: New best reward 233.33, training model saved.
2026-08-30_09-16-12: Training starting...
Device: cuda
2026-08-30_09-16-18 Episode 0: New best reward 8.73, training model saved.
2026-08-30_09-16-20 Episode 0: New best greedy reward 14.93, model saved.
2026-08-30_09-16-31 Episode 4: New best reward 9.87, training model saved.
2026-08-30_09-16-33 Episode 5: New best reward 17.13, training model saved.
2026-08-30_09-17-33 Episode 21: New best reward 23.07, training model saved.
2026-08-30_09-18-01 Episode 24: New best reward 26.60, training model saved.
2026-08-30_09-18-09 Episode 25: New best reward 35.53, training model saved.
2026-08-30_09-25-58: Training starting...
Device: cuda
2026-08-30_09-26-03 Episode 0: New best reward 8.67, training model saved.
2026-08-30_09-26-18 Episode 0: New best greedy reward -27.60, model saved.
2026-08-30_09-26-26 Episode 3: New best reward 8.93, training model saved.
2026-08-30_09-26-34 Episode 4: New best reward 12.80, training model saved.
2026-08-30_09-26-39 Episode 5: New best reward 23.53, training model saved.
2026-08-30_09-27-49 Episode 22: New best reward 25.40, training model saved.
2026-08-30_09-27-55 Episode 25: New best reward 48.53, training model saved.
2026-08-30_09-47-02 Episode 150: New best reward 50.33, training model saved.
2026-08-30_10-03-27 Episode 274: New best reward 51.53, training model saved.
2026-08-30_10-05-10 Episode 289: New best reward 68.33, training model saved.
2026-08-30_10-05-28 Episode 293: New best reward 93.93, training model saved.
2026-08-30_10-08-23 Episode 310: New best reward 134.40, training model saved.
2026-08-30_10-29-25 Episode 625: New best reward 135.13, training model saved.
2026-08-30_10-36-15 Episode 737: New best reward 135.40, training model saved.
2026-08-30_10-38-11 Episode 768: New best reward 186.00, training model saved.
2026-08-30_12-01-56: Training starting...
Device: cuda
2026-08-30_12-02-13 Episode 0: New best reward -7.73, training model saved.
2026-08-30_12-02-28 Episode 0: New best greedy reward -27.60, model saved.
2026-08-30_12-02-34 Episode 1: New best reward -2.07, training model saved.
2026-08-30_12-02-38 Episode 2: New best reward 0.93, training model saved.
2026-08-30_12-02-44 Episode 3: New best reward 3.13, training model saved.
2026-08-30_12-02-53 Episode 5: New best reward 4.80, training model saved.
2026-08-30_12-03-17 Episode 8: New best reward 6.20, training model saved.
2026-08-30_12-04-08 Episode 12: New best reward 6.40, training model saved.
2026-08-30_12-04-16 Episode 13: New best reward 13.67, training model saved.
2026-08-30_12-04-21 Episode 14: New best reward 40.87, training model saved.
2026-08-30_12-18-42 Episode 118: New best reward 42.27, training model saved.
2026-08-30_12-23-28 Episode 175: New best reward 69.93, training model saved.
2026-08-30_12-34-27 Episode 251: New best reward 70.00, training model saved.
2026-08-30_12-39-47 Episode 297: New best reward 103.20, training model saved.
2026-08-30_13-05-36 Episode 633: New best reward 115.60, training model saved.
2026-08-30_13-06-09 Episode 645: New best reward 124.47, training model saved.
2026-08-30_13-12-05 Episode 779: New best reward 179.93, training model saved.
2026-08-30_13-21-07 Episode 1000: New best greedy reward 27.13, model saved.
2026-08-30_13-37-40: Training starting...
Device: cuda
2026-08-30_13-37-49 Episode 0: New best reward 2.93, training model saved.
2026-08-30_13-38-05 Episode 0: New best greedy reward -27.60, model saved.
2026-08-30_13-38-12 Episode 2: New best reward 7.53, training model saved.
2026-08-30_13-38-50 Episode 5: New best reward 10.47, training model saved.
2026-08-30_13-39-48 Episode 13: New best reward 12.93, training model saved.
2026-08-30_13-39-52 Episode 14: New best reward 35.40, training model saved.
2026-08-30_13-40-13 Episode 16: New best reward 60.13, training model saved.
2026-08-30_13-40-38 Episode 25: New best reward 70.00, training model saved.
2026-08-30_13-47-20: Training starting...
Device: cuda
2026-08-30_13-47-36 Episode 0: New best reward -10.13, training model saved.
2026-08-30_13-47-51 Episode 0: New best greedy reward -27.60, model saved.
2026-08-30_13-47-57 Episode 1: New best reward -1.40, training model saved.
2026-08-30_13-48-11 Episode 3: New best reward 5.40, training model saved.
2026-08-30_13-49-04 Episode 9: New best reward 10.87, training model saved.
2026-08-30_13-49-09 Episode 10: New best reward 14.20, training model saved.
2026-08-30_13-49-09 Episode 11: New best reward 19.47, training model saved.
2026-08-30_13-49-19 Episode 14: New best reward 24.47, training model saved.
2026-08-30_13-49-22 Episode 15: New best reward 30.53, training model saved.
2026-08-30_13-49-23 Episode 16: New best reward 43.47, training model saved.
2026-08-30_13-49-27 Episode 17: New best reward 53.47, training model saved.
2026-08-30_13-53-23 Episode 61: New best reward 54.07, training model saved.
2026-08-30_13-53-34 Episode 69: New best reward 54.53, training model saved.
2026-08-30_14-01-25 Episode 145: New best reward 62.13, training model saved.
2026-08-30_14-04-25 Episode 187: New best reward 83.40, training model saved.
2026-08-30_14-14-43: Training starting...
Device: cuda
2026-08-30_14-15-00 Episode 0: New best reward -8.47, training model saved.
2026-08-30_14-15-15 Episode 0: New best greedy reward -27.60, model saved.
2026-08-30_14-15-21 Episode 1: New best reward -2.53, training model saved.
2026-08-30_14-15-42 Episode 3: New best reward 7.40, training model saved.
2026-08-30_14-15-52 Episode 5: New best reward 7.60, training model saved.
2026-08-30_14-16-19 Episode 8: New best reward 10.73, training model saved.
2026-08-30_14-16-35 Episode 10: New best reward 16.00, training model saved.
2026-08-30_14-18-41 Episode 16: New best reward 18.33, training model saved.
2026-08-30_14-18-44 Episode 19: New best reward 19.73, training model saved.
2026-08-30_14-18-45 Episode 20: New best reward 26.13, training model saved.
2026-08-30_14-19-01 Episode 28: New best reward 65.60, training model saved.
2026-08-30_14-23-31: Training starting...
Device: cuda
2026-08-30_14-23-48 Episode 0: New best reward -11.07, training model saved.
2026-08-30_14-24-03 Episode 0: New best greedy reward -27.60, model saved.
2026-08-30_14-24-10 Episode 1: New best reward -3.47, training model saved.
2026-08-30_14-24-32 Episode 3: New best reward 1.80, training model saved.
2026-08-30_14-24-49 Episode 5: New best reward 2.73, training model saved.
2026-08-30_14-25-17 Episode 8: New best reward 14.67, training model saved.
2026-08-30_14-25-19 Episode 9: New best reward 19.47, training model saved.
2026-08-30_14-25-22 Episode 10: New best reward 20.40, training model saved.
2026-08-30_14-25-45 Episode 14: New best reward 22.93, training model saved.
2026-08-30_14-25-56 Episode 17: New best reward 49.67, training model saved.
2026-08-30_14-28-58 Episode 44: New best reward 82.20, training model saved.
2026-08-30_14-29-00 Episode 45: New best reward 82.60, training model saved.
2026-08-30_14-29-06 Episode 47: New best reward 118.87, training model saved.
2026-08-30_14-33-03: Training starting...
Device: cuda
2026-08-30_14-33-13 Episode 0: New best reward 3.00, training model saved.
2026-08-30_14-33-28 Episode 0: New best greedy reward -27.60, model saved.
2026-08-30_14-33-41 Episode 3: New best reward 6.60, training model saved.
2026-08-30_14-34-06 Episode 6: New best reward 9.40, training model saved.
2026-08-30_14-34-53 Episode 13: New best reward 9.80, training model saved.
2026-08-30_14-34-54 Episode 14: New best reward 15.07, training model saved.
2026-08-30_14-34-57 Episode 15: New best reward 55.20, training model saved.
2026-08-30_14-36-18 Episode 39: New best reward 55.47, training model saved.
2026-08-30_14-37-27 Episode 58: New best reward 72.53, training model saved.
2026-08-30_14-39-47 Episode 79: New best reward 79.47, training model saved.
2026-08-30_14-39-53 Episode 80: New best reward 88.80, training model saved.
2026-08-30_14-43-26 Episode 117: New best reward 88.93, training model saved.
2026-08-30_14-51-01 Episode 208: New best reward 116.80, training model saved.
2026-08-30_14-55-04 Episode 272: New best reward 116.93, training model saved.
2026-08-30_15-00-56: Training starting...
Device: cuda
2026-08-30_15-01-08 Episode 0: New best reward -1.20, training model saved.
2026-08-30_15-01-23 Episode 0: New best greedy reward -27.60, model saved.
2026-08-30_15-01-34 Episode 2: New best reward 1.40, training model saved.
2026-08-30_15-01-52 Episode 3: New best reward 2.87, training model saved.
2026-08-30_15-01-59 Episode 5: New best reward 4.93, training model saved.
2026-08-30_15-02-20 Episode 8: New best reward 5.60, training model saved.
2026-08-30_15-02-45 Episode 11: New best reward 16.00, training model saved.
2026-08-30_15-02-47 Episode 12: New best reward 35.20, training model saved.
2026-08-30_15-05-09 Episode 27: New best reward 44.80, training model saved.
2026-08-30_15-09-41: Training starting...
Device: cuda
2026-08-30_15-09-46 Episode 0: New best reward 8.73, training model saved.
2026-08-30_15-10-01 Episode 0: New best greedy reward -27.60, model saved.
2026-08-30_15-10-11 Episode 3: New best reward 9.80, training model saved.
2026-08-30_15-10-20 Episode 4: New best reward 10.40, training model saved.
2026-08-30_15-10-57 Episode 10: New best reward 10.53, training model saved.
2026-08-30_15-10-59 Episode 11: New best reward 12.20, training model saved.
2026-08-30_15-11-12 Episode 14: New best reward 18.13, training model saved.
2026-08-30_15-12-49 Episode 26: New best reward 22.30, training model saved.
2026-08-30_15-13-54 Episode 40: New best reward 22.73, training model saved.
2026-08-30_15-14-09 Episode 47: New best reward 31.27, training model saved.
2026-08-30_15-14-11 Episode 48: New best reward 36.73, training model saved.
2026-08-30_15-16-37 Episode 69: New best reward 42.87, training model saved.
2026-08-30_15-17-57: Training starting...
Device: cuda
2026-08-30_15-18-02 Episode 0: New best reward 11.20, training model saved.
2026-08-30_15-18-16 Episode 0: New best greedy reward -27.60, model saved.
2026-08-30_15-18-21 Episode 2: New best reward 12.47, training model saved.
2026-08-30_15-18-22 Episode 3: New best reward 12.60, training model saved.
2026-08-30_15-18-44 Episode 11: New best reward 14.87, training model saved.
2026-08-30_15-18-46 Episode 12: New best reward 15.00, training model saved.
2026-08-30_15-18-56 Episode 15: New best reward 16.87, training model saved.
2026-08-30_15-19-32 Episode 25: New best reward 18.33, training model saved.
2026-08-30_15-19-46 Episode 30: New best reward 67.40, training model saved.
2026-08-30_15-20-45 Episode 43: New best reward 68.47, training model saved.
2026-08-30_15-21-23 Episode 57: New best reward 86.47, training model saved.
2026-08-30_15-22-58 Episode 75: New best reward 88.00, training model saved.
2026-08-30_15-27-30 Episode 126: New best reward 153.60, training model saved.
2026-08-30_16-01-48 Episode 880: New best reward 153.73, training model saved.
2026-08-30_16-02-44 Episode 904: New best reward 187.27, training model saved.
2026-08-30_16-04-31 Episode 959: New best reward 203.13, training model saved.
2026-08-30_16-05-49 Episode 1000: New best greedy reward 31.13, model saved.
2026-08-30_17-09-34: Training starting...
Device: cuda
2026-08-30_17-09-40 Episode 0: New best reward 7.87, training model saved.
2026-08-30_17-09-55 Episode 0: New best greedy reward -27.60, model saved.
2026-08-30_17-10-16 Episode 5: New best reward 9.67, training model saved.
2026-08-30_17-10-31 Episode 8: New best reward 10.53, training model saved.
2026-08-30_17-11-22 Episode 19: New best reward 13.20, training model saved.
2026-08-30_17-11-33 Episode 20: New best reward 17.93, training model saved.
2026-08-30_17-11-50 Episode 21: New best reward 20.70, training model saved.
2026-08-30_17-12-29 Episode 24: New best reward 24.93, training model saved.
2026-08-30_17-13-11 Episode 26: New best reward 27.40, training model saved.
2026-08-30_17-15-40 Episode 56: New best reward 28.67, training model saved.
2026-08-30_17-19-32 Episode 71: New best reward 31.27, training model saved.
2026-08-30_17-22-49 Episode 104: New best reward 38.53, training model saved.
2026-08-30_17-23-34 Episode 112: New best reward 76.80, training model saved.
2026-08-30_17-27-02 Episode 137: New best reward 89.27, training model saved.
2026-08-30_17-34-10 Episode 237: New best reward 133.93, training model saved.
2026-08-30_17-37-40: Training starting...
Device: cuda
2026-08-30_17-37-57 Episode 0: New best reward -12.60, training model saved.
2026-08-30_17-38-12 Episode 0: New best greedy reward -27.60, model saved.
2026-08-30_17-38-19 Episode 1: New best reward -3.73, training model saved.
2026-08-30_17-38-32 Episode 3: New best reward 6.00, training model saved.
2026-08-30_17-39-27 Episode 10: New best reward 81.53, training model saved.
2026-08-30_17-47-32 Episode 115: New best reward 93.93, training model saved.
2026-08-30_18-04-58: Training starting...
Device: cuda
2026-08-30_18-05-02 Episode 0: New best reward 11.40, training model saved.
2026-08-30_18-05-17 Episode 0: New best greedy reward -27.60, model saved.
2026-08-30_18-05-31 Episode 3: New best reward 15.67, training model saved.
2026-08-30_18-06-28 Episode 15: New best reward 21.20, training model saved.
2026-08-30_18-06-51 Episode 18: New best reward 50.93, training model saved.
2026-08-30_18-06-58 Episode 21: New best reward 54.07, training model saved.
2026-08-30_18-08-00 Episode 34: New best reward 83.00, training model saved.
2026-08-30_18-08-31 Episode 43: New best reward 83.50, training model saved.
2026-08-30_18-17-21 Episode 186: New best reward 84.67, training model saved.
2026-08-30_18-28-43 Episode 327: New best reward 85.73, training model saved.
2026-08-30_18-30-18 Episode 356: New best reward 96.27, training model saved.
2026-08-30_18-33-01: Training starting...
Device: cuda
2026-08-30_18-33-05 Episode 0: New best reward 11.20, training model saved.
2026-08-30_18-33-20 Episode 0: New best greedy reward -27.60, model saved.
2026-08-30_18-33-22 Episode 2: New best reward 12.60, training model saved.
2026-08-30_18-33-24 Episode 3: New best reward 19.47, training model saved.
2026-08-30_18-34-10 Episode 24: New best reward 27.73, training model saved.
2026-08-30_18-55-57 Episode 147: New best reward 29.80, training model saved.
2026-08-30_18-57-41 Episode 154: New best reward 33.13, training model saved.
2026-08-30_18-58-25 Episode 159: New best reward 34.80, training model saved.
2026-08-30_18-59-12 Episode 167: New best reward 46.53, training model saved.
[worker] done. total trials in study: 80
2026-08-29_22-44-58: Training starting...
Device: cuda
2026-08-29_22-45-11 Episode 0: New best reward 8.40, training model saved.
2026-08-29_22-45-25 Episode 0: New best greedy reward -27.60, model saved.
2026-08-29_22-45-46 Episode 3: New best reward 8.67, training model saved.
2026-08-29_22-46-27 Episode 11: New best reward 9.60, training model saved.
2026-08-29_22-47-02 Episode 15: New best reward 25.50, training model saved.
2026-08-29_22-48-27 Episode 22: New best reward 26.80, training model saved.
2026-08-29_22-48-37 Episode 24: New best reward 27.13, training model saved.
2026-08-29_22-49-04 Episode 25: New best reward 50.40, training model saved.
2026-08-29_22-49-07 Episode 26: New best reward 55.27, training model saved.
2026-08-29_22-49-21 Episode 33: New best reward 75.67, training model saved.
2026-08-29_23-09-53 Episode 236: New best reward 86.13, training model saved.
2026-08-29_23-13-30: Training starting...
Device: cuda
2026-08-29_23-13-35 Episode 0: New best reward 11.40, training model saved.
2026-08-29_23-13-50 Episode 0: New best greedy reward -27.60, model saved.
2026-08-29_23-13-55 Episode 2: New best reward 23.27, training model saved.
2026-08-29_23-14-02 Episode 4: New best reward 24.30, training model saved.
2026-08-29_23-14-37 Episode 12: New best reward 26.00, training model saved.
2026-08-29_23-17-52 Episode 32: New best reward 32.87, training model saved.
2026-08-29_23-17-55 Episode 33: New best reward 41.53, training model saved.
2026-08-29_23-17-58 Episode 34: New best reward 42.40, training model saved.
2026-08-29_23-20-37 Episode 62: New best reward 47.00, training model saved.
2026-08-29_23-31-23 Episode 164: New best reward 71.40, training model saved.
2026-08-29_23-36-20 Episode 200: New best reward 165.87, training model saved.
2026-08-30_01-49-53: Training starting...
Device: cuda
2026-08-30_01-49-59 Episode 0: New best reward 8.73, training model saved.
2026-08-30_01-50-14 Episode 0: New best greedy reward -27.60, model saved.
2026-08-30_01-50-24 Episode 3: New best reward 10.60, training model saved.
2026-08-30_01-51-13 Episode 12: New best reward 12.60, training model saved.
2026-08-30_01-51-49 Episode 17: New best reward 47.27, training model saved.
2026-08-30_01-53-07 Episode 22: New best reward 86.53, training model saved.
2026-08-30_02-14-21 Episode 251: New best reward 87.87, training model saved.
2026-08-30_02-19-40: Training starting...
Device: cuda
2026-08-30_02-19-45 Episode 0: New best reward 10.93, training model saved.
2026-08-30_02-20-00 Episode 0: New best greedy reward -27.60, model saved.
2026-08-30_02-20-13 Episode 4: New best reward 16.27, training model saved.
2026-08-30_02-21-17 Episode 14: New best reward 22.13, training model saved.
2026-08-30_02-21-29 Episode 20: New best reward 23.33, training model saved.
2026-08-30_02-21-32 Episode 21: New best reward 29.60, training model saved.
2026-08-30_02-21-37 Episode 24: New best reward 34.93, training model saved.
2026-08-30_02-21-52 Episode 25: New best reward 62.80, training model saved.
2026-08-30_02-22-03 Episode 30: New best reward 68.40, training model saved.
2026-08-30_02-29-24 Episode 180: New best reward 87.47, training model saved.
2026-08-30_02-41-30 Episode 407: New best reward 87.60, training model saved.
2026-08-30_02-44-36 Episode 475: New best reward 203.73, training model saved.
2026-08-30_03-03-33 Episode 1000: New best greedy reward 48.67, model saved.
2026-08-30_03-40-31 Episode 2000: New best greedy reward 81.80, model saved.
2026-08-30_03-59-11: Training starting...
Device: cuda
2026-08-30_03-59-16 Episode 0: New best reward 10.87, training model saved.
2026-08-30_03-59-32 Episode 0: New best greedy reward -27.60, model saved.
2026-08-30_03-59-45 Episode 4: New best reward 16.27, training model saved.
2026-08-30_04-01-01 Episode 15: New best reward 33.73, training model saved.
2026-08-30_04-01-20 Episode 17: New best reward 43.60, training model saved.
2026-08-30_04-03-38 Episode 53: New best reward 48.60, training model saved.
2026-08-30_04-04-24 Episode 58: New best reward 50.13, training model saved.
2026-08-30_04-04-56 Episode 69: New best reward 82.07, training model saved.
2026-08-30_04-10-21 Episode 203: New best reward 86.13, training model saved.
2026-08-30_04-11-57 Episode 254: New best reward 87.67, training model saved.
2026-08-30_04-23-00 Episode 387: New best reward 120.67, training model saved.
2026-08-30_04-27-09 Episode 488: New best reward 133.00, training model saved.
2026-08-30_04-29-48: Training starting...
Device: cuda
2026-08-30_04-29-54 Episode 0: New best reward 8.73, training model saved.
2026-08-30_04-30-09 Episode 0: New best greedy reward -27.60, model saved.
2026-08-30_04-30-20 Episode 3: New best reward 10.00, training model saved.
2026-08-30_04-30-41 Episode 8: New best reward 13.27, training model saved.
2026-08-30_04-31-36 Episode 18: New best reward 36.60, training model saved.
2026-08-30_04-32-05 Episode 28: New best reward 37.40, training model saved.
2026-08-30_04-33-15 Episode 34: New best reward 53.20, training model saved.
2026-08-30_04-34-58 Episode 59: New best reward 53.93, training model saved.
2026-08-30_04-36-36 Episode 69: New best reward 81.07, training model saved.
2026-08-30_04-39-57: Training starting...
Device: cuda
2026-08-30_04-40-07 Episode 0: New best reward 0.67, training model saved.
2026-08-30_04-40-10 Episode 0: New best greedy reward 14.93, model saved.
2026-08-30_04-40-21 Episode 2: New best reward 1.33, training model saved.
2026-08-30_04-40-25 Episode 3: New best reward 5.47, training model saved.
2026-08-30_04-40-36 Episode 5: New best reward 8.67, training model saved.
2026-08-30_04-40-52 Episode 8: New best reward 10.33, training model saved.
2026-08-30_04-41-16 Episode 11: New best reward 11.33, training model saved.
2026-08-30_04-42-37 Episode 19: New best reward 11.40, training model saved.
2026-08-30_04-42-42 Episode 20: New best reward 14.67, training model saved.
2026-08-30_04-42-44 Episode 22: New best reward 16.07, training model saved.
2026-08-30_04-43-25 Episode 28: New best reward 16.53, training model saved.
2026-08-30_04-44-39 Episode 32: New best reward 23.47, training model saved.
2026-08-30_04-48-41 Episode 72: New best reward 24.33, training model saved.
2026-08-30_04-59-56 Episode 121: New best reward 25.13, training model saved.
2026-08-30_05-05-38 Episode 136: New best reward 45.00, training model saved.
2026-08-30_05-06-15 Episode 141: New best reward 46.00, training model saved.
2026-08-30_05-06-18 Episode 143: New best reward 49.27, training model saved.
2026-08-30_05-07-38: Training starting...
Device: cuda
2026-08-30_05-07-54 Episode 0: New best reward -6.87, training model saved.
2026-08-30_05-08-09 Episode 0: New best greedy reward -27.60, model saved.
2026-08-30_05-08-14 Episode 1: New best reward -2.00, training model saved.
2026-08-30_05-08-20 Episode 2: New best reward 0.07, training model saved.
2026-08-30_05-08-25 Episode 3: New best reward 5.53, training model saved.
2026-08-30_05-09-24 Episode 11: New best reward 20.60, training model saved.
2026-08-30_05-09-26 Episode 13: New best reward 21.47, training model saved.
2026-08-30_05-09-34 Episode 16: New best reward 38.40, training model saved.
2026-08-30_05-10-19 Episode 25: New best reward 47.60, training model saved.
2026-08-30_05-12-51 Episode 57: New best reward 69.93, training model saved.
2026-08-30_05-15-57 Episode 78: New best reward 86.87, training model saved.
2026-08-30_05-16-25 Episode 83: New best reward 138.27, training model saved.
2026-08-30_05-42-33 Episode 576: New best reward 152.73, training model saved.
2026-08-30_05-59-19 Episode 1000: New best greedy reward 24.47, model saved.
2026-08-30_06-22-46 Episode 1578: New best reward 158.47, training model saved.
2026-08-30_06-47-52: Training starting...
Device: cuda
2026-08-30_06-47-58 Episode 0: New best reward 8.27, training model saved.
2026-08-30_06-48-00 Episode 0: New best greedy reward 14.93, model saved.
2026-08-30_06-48-12 Episode 3: New best reward 11.40, training model saved.
2026-08-30_06-49-30 Episode 17: New best reward 37.80, training model saved.
2026-08-30_06-50-38 Episode 33: New best reward 69.27, training model saved.
2026-08-30_06-51-51 Episode 69: New best reward 72.93, training model saved.
2026-08-30_06-57-14 Episode 120: New best reward 85.33, training model saved.
2026-08-30_07-02-47 Episode 175: New best reward 89.93, training model saved.
2026-08-30_07-12-20 Episode 371: New best reward 134.67, training model saved.
2026-08-30_07-23-17 Episode 629: New best reward 134.93, training model saved.
2026-08-30_07-31-06 Episode 814: New best reward 146.60, training model saved.
2026-08-30_07-44-33 Episode 1163: New best reward 179.13, training model saved.
2026-08-30_08-16-04 Episode 1970: New best reward 182.80, training model saved.
2026-08-30_09-30-56: Training starting...
Device: cuda
2026-08-30_09-31-08 Episode 0: New best reward 0.53, training model saved.
2026-08-30_09-31-23 Episode 0: New best greedy reward -27.60, model saved.
2026-08-30_09-31-38 Episode 3: New best reward 7.00, training model saved.
2026-08-30_09-32-21 Episode 8: New best reward 9.47, training model saved.
2026-08-30_09-32-50 Episode 11: New best reward 13.67, training model saved.
2026-08-30_09-32-51 Episode 12: New best reward 20.00, training model saved.
2026-08-30_09-33-16 Episode 18: New best reward 87.60, training model saved.
2026-08-30_09-35-07 Episode 44: New best reward 133.87, training model saved.
2026-08-30_10-10-51 Episode 573: New best reward 134.40, training model saved.
2026-08-30_10-15-41 Episode 658: New best reward 136.60, training model saved.
2026-08-30_10-20-59 Episode 779: New best reward 181.73, training model saved.
2026-08-30_10-24-49 Episode 883: New best reward 204.40, training model saved.
2026-08-30_10-31-10 Episode 1000: New best greedy reward 23.93, model saved.
2026-08-30_10-45-59 Episode 1260: New best reward 204.40, training model saved.
2026-08-30_11-09-22: Training starting...
Device: cuda
2026-08-30_11-09-40 Episode 0: New best reward -11.80, training model saved.
2026-08-30_11-09-55 Episode 0: New best greedy reward -27.60, model saved.
2026-08-30_11-10-01 Episode 1: New best reward -3.73, training model saved.
2026-08-30_11-10-14 Episode 3: New best reward 8.20, training model saved.
2026-08-30_11-11-22 Episode 10: New best reward 8.73, training model saved.
2026-08-30_11-11-38 Episode 11: New best reward 25.40, training model saved.
2026-08-30_11-11-42 Episode 12: New best reward 33.27, training model saved.
2026-08-30_11-12-28 Episode 18: New best reward 42.47, training model saved.
2026-08-30_11-18-29: Training starting...
Device: cuda
2026-08-30_11-18-41 Episode 0: New best reward -3.00, training model saved.
2026-08-30_11-18-56 Episode 0: New best greedy reward -27.60, model saved.
2026-08-30_11-19-02 Episode 1: New best reward 1.27, training model saved.
2026-08-30_11-19-11 Episode 3: New best reward 10.07, training model saved.
2026-08-30_11-19-21 Episode 5: New best reward 11.93, training model saved.
2026-08-30_11-20-16 Episode 14: New best reward 16.93, training model saved.
2026-08-30_11-22-31 Episode 20: New best reward 31.40, training model saved.
2026-08-30_11-24-18 Episode 33: New best reward 40.53, training model saved.
2026-08-30_11-26-06 Episode 42: New best reward 40.80, training model saved.
2026-08-30_11-26-08 Episode 43: New best reward 41.27, training model saved.
2026-08-30_11-26-10 Episode 44: New best reward 82.60, training model saved.
2026-08-30_11-30-50 Episode 93: New best reward 82.93, training model saved.
2026-08-30_11-30-56 Episode 96: New best reward 88.47, training model saved.
2026-08-30_11-31-00 Episode 98: New best reward 117.20, training model saved.
2026-08-30_11-47-16 Episode 237: New best reward 133.00, training model saved.
2026-08-30_11-56-47 Episode 348: New best reward 134.87, training model saved.
2026-08-30_12-18-00 Episode 630: New best reward 138.93, training model saved.
2026-08-30_12-27-00 Episode 815: New best reward 153.80, training model saved.
2026-08-30_12-33-19 Episode 945: New best reward 230.47, training model saved.
2026-08-30_12-35-27 Episode 1000: New best greedy reward 42.07, model saved.
2026-08-30_12-50-48: Training starting...
Device: cuda
2026-08-30_12-50-55 Episode 0: New best reward 8.20, training model saved.
2026-08-30_12-51-10 Episode 0: New best greedy reward -27.60, model saved.
2026-08-30_12-52-02 Episode 6: New best reward 9.33, training model saved.
2026-08-30_12-52-37 Episode 13: New best reward 23.40, training model saved.
2026-08-30_12-52-49 Episode 14: New best reward 23.93, training model saved.
2026-08-30_12-53-04 Episode 16: New best reward 43.53, training model saved.
2026-08-30_12-53-07 Episode 17: New best reward 70.33, training model saved.
2026-08-30_12-53-16 Episode 18: New best reward 85.80, training model saved.
2026-08-30_13-07-44 Episode 196: New best reward 123.80, training model saved.
2026-08-30_13-20-30: Training starting...
Device: cuda
2026-08-30_13-20-40 Episode 0: New best reward 2.93, training model saved.
2026-08-30_13-20-55 Episode 0: New best greedy reward -27.60, model saved.
2026-08-30_13-21-02 Episode 2: New best reward 7.53, training model saved.
2026-08-30_13-21-24 Episode 5: New best reward 12.20, training model saved.
2026-08-30_13-22-01 Episode 12: New best reward 12.27, training model saved.
2026-08-30_13-22-17 Episode 15: New best reward 14.00, training model saved.
2026-08-30_13-22-57 Episode 18: New best reward 23.47, training model saved.
2026-08-30_13-23-35 Episode 21: New best reward 25.87, training model saved.
2026-08-30_13-23-37 Episode 22: New best reward 25.93, training model saved.
2026-08-30_13-23-39 Episode 23: New best reward 27.73, training model saved.
2026-08-30_13-24-14 Episode 25: New best reward 55.47, training model saved.
2026-08-30_13-24-34 Episode 33: New best reward 65.07, training model saved.
2026-08-30_13-26-15 Episode 49: New best reward 69.60, training model saved.
2026-08-30_13-27-30 Episode 70: New best reward 71.53, training model saved.
2026-08-30_13-28-46 Episode 93: New best reward 77.93, training model saved.
2026-08-30_13-30-45: Training starting...
Device: cuda
2026-08-30_13-30-56 Episode 0: New best reward -1.20, training model saved.
2026-08-30_13-31-10 Episode 0: New best greedy reward -27.60, model saved.
2026-08-30_13-31-36 Episode 3: New best reward 10.00, training model saved.
2026-08-30_13-32-14 Episode 8: New best reward 10.07, training model saved.
2026-08-30_13-32-38 Episode 10: New best reward 11.67, training model saved.
2026-08-30_13-32-51 Episode 12: New best reward 13.47, training model saved.
2026-08-30_13-32-55 Episode 13: New best reward 15.13, training model saved.
2026-08-30_13-32-56 Episode 14: New best reward 16.13, training model saved.
2026-08-30_13-32-57 Episode 15: New best reward 16.20, training model saved.
2026-08-30_13-33-32 Episode 19: New best reward 19.73, training model saved.
2026-08-30_13-33-39 Episode 24: New best reward 25.47, training model saved.
2026-08-30_13-33-54 Episode 28: New best reward 43.67, training model saved.
2026-08-30_13-34-01 Episode 33: New best reward 48.80, training model saved.
2026-08-30_13-36-27 Episode 59: New best reward 54.07, training model saved.
2026-08-30_13-38-48 Episode 87: New best reward 81.33, training model saved.
2026-08-30_13-39-21: Training starting...
Device: cuda
2026-08-30_13-39-33 Episode 0: New best reward -3.00, training model saved.
2026-08-30_13-39-48 Episode 0: New best greedy reward -27.60, model saved.
2026-08-30_13-39-53 Episode 1: New best reward 1.27, training model saved.
2026-08-30_13-40-03 Episode 3: New best reward 7.87, training model saved.
2026-08-30_13-40-13 Episode 5: New best reward 11.67, training model saved.
2026-08-30_13-41-13 Episode 11: New best reward 18.07, training model saved.
2026-08-30_13-41-16 Episode 12: New best reward 28.53, training model saved.
2026-08-30_13-41-32 Episode 17: New best reward 37.13, training model saved.
2026-08-30_13-46-11 Episode 52: New best reward 41.80, training model saved.
2026-08-30_13-47-56: Training starting...
Device: cuda
2026-08-30_13-48-14 Episode 0: New best reward -12.20, training model saved.
2026-08-30_13-48-28 Episode 0: New best greedy reward -27.60, model saved.
2026-08-30_13-48-46 Episode 1: New best reward -12.07, training model saved.
2026-08-30_13-48-54 Episode 2: New best reward -5.07, training model saved.
2026-08-30_13-49-00 Episode 3: New best reward 1.73, training model saved.
2026-08-30_13-49-17 Episode 5: New best reward 2.53, training model saved.
2026-08-30_13-49-49 Episode 8: New best reward 7.00, training model saved.
2026-08-30_13-49-53 Episode 9: New best reward 14.67, training model saved.
2026-08-30_13-49-57 Episode 10: New best reward 14.67, training model saved.
2026-08-30_13-49-58 Episode 11: New best reward 29.93, training model saved.
2026-08-30_13-50-05 Episode 14: New best reward 42.87, training model saved.
2026-08-30_13-51-03 Episode 18: New best reward 45.13, training model saved.
2026-08-30_13-51-05 Episode 19: New best reward 45.13, training model saved.
2026-08-30_13-52-17 Episode 25: New best reward 68.33, training model saved.
2026-08-30_13-52-23 Episode 28: New best reward 88.53, training model saved.
2026-08-30_13-53-22 Episode 47: New best reward 135.07, training model saved.
2026-08-30_14-50-14 Episode 1000: New best greedy reward 26.00, model saved.
2026-08-30_14-50-48 Episode 1007: New best reward 174.80, training model saved.
2026-08-30_14-55-27 Episode 1120: New best reward 176.27, training model saved.
2026-08-30_15-04-53 Episode 1295: New best reward 198.00, training model saved.
2026-08-30_15-12-10 Episode 1448: New best reward 203.53, training model saved.
2026-08-30_15-21-21: Training starting...
Device: cuda
2026-08-30_15-21-38 Episode 0: New best reward -8.47, training model saved.
2026-08-30_15-21-53 Episode 0: New best greedy reward -27.60, model saved.
2026-08-30_15-21-59 Episode 1: New best reward -2.20, training model saved.
2026-08-30_15-22-20 Episode 3: New best reward 5.13, training model saved.
2026-08-30_15-22-30 Episode 5: New best reward 7.00, training model saved.
2026-08-30_15-23-07 Episode 9: New best reward 12.20, training model saved.
2026-08-30_15-23-10 Episode 10: New best reward 21.40, training model saved.
2026-08-30_15-23-29 Episode 11: New best reward 36.13, training model saved.
2026-08-30_15-23-38 Episode 16: New best reward 41.13, training model saved.
2026-08-30_15-25-50 Episode 30: New best reward 53.40, training model saved.
2026-08-30_15-26-47 Episode 43: New best reward 72.13, training model saved.
2026-08-30_15-27-40 Episode 51: New best reward 81.47, training model saved.
2026-08-30_15-38-52 Episode 126: New best reward 118.67, training model saved.
2026-08-30_16-07-36 Episode 422: New best reward 132.60, training model saved.
2026-08-30_16-10-13 Episode 488: New best reward 154.20, training model saved.
2026-08-30_16-15-42 Episode 625: New best reward 167.07, training model saved.
2026-08-30_16-15-47 Episode 626: New best reward 167.33, training model saved.
2026-08-30_16-36-19 Episode 1000: New best greedy reward 5.53, model saved.
2026-08-30_16-54-31: Training starting...
Device: cuda
2026-08-30_16-54-36 Episode 0: New best reward 10.13, training model saved.
2026-08-30_16-54-51 Episode 0: New best greedy reward -27.60, model saved.
2026-08-30_16-55-18 Episode 5: New best reward 14.40, training model saved.
2026-08-30_16-55-55 Episode 11: New best reward 15.53, training model saved.
2026-08-30_16-59-16 Episode 33: New best reward 15.93, training model saved.
2026-08-30_17-00-31 Episode 38: New best reward 16.27, training model saved.
2026-08-30_17-01-11 Episode 44: New best reward 23.00, training model saved.
2026-08-30_17-01-12 Episode 45: New best reward 31.27, training model saved.
2026-08-30_17-05-12 Episode 62: New best reward 33.60, training model saved.
2026-08-30_17-16-00 Episode 141: New best reward 35.13, training model saved.
2026-08-30_17-18-35 Episode 156: New best reward 43.20, training model saved.
2026-08-30_17-20-31 Episode 166: New best reward 45.07, training model saved.
2026-08-30_17-23-04 Episode 180: New best reward 92.20, training model saved.
2026-08-30_17-33-37 Episode 242: New best reward 94.27, training model saved.
2026-08-30_17-53-20 Episode 366: New best reward 95.93, training model saved.
2026-08-30_17-56-43 Episode 395: New best reward 105.20, training model saved.
2026-08-30_17-56-57 Episode 404: New best reward 116.73, training model saved.
2026-08-30_18-00-18 Episode 462: New best reward 121.60, training model saved.
2026-08-30_18-01-10 Episode 471: New best reward 125.00, training model saved.
[worker] done. total trials in study: 80
