HPO: algorithm=rainbow n_trials=400 study=rainbow_5868287 workers=16 gpus=4
Sat Jul 18 23:11:16 2026       
+-----------------------------------------------------------------------------------------+
| NVIDIA-SMI 595.71.05              Driver Version: 595.71.05      CUDA Version: 13.2     |
+-----------------------------------------+------------------------+----------------------+
| GPU  Name                 Persistence-M | Bus-Id          Disp.A | Volatile Uncorr. ECC |
| Fan  Temp   Perf          Pwr:Usage/Cap |           Memory-Usage | GPU-Util  Compute M. |
|                                         |                        |               MIG M. |
|=========================================+========================+======================|
|   0  NVIDIA A100 80GB PCIe          On  |   00000000:19:00.0 Off |                    0 |
| N/A   53C    P0            103W /  300W |    2718MiB /  81920MiB |     91%      Default |
|                                         |                        |             Disabled |
+-----------------------------------------+------------------------+----------------------+
|   1  NVIDIA A100 80GB PCIe          On  |   00000000:1A:00.0 Off |                    0 |
| N/A   52C    P0            112W /  300W |    2698MiB /  81920MiB |     92%      Default |
|                                         |                        |             Disabled |
+-----------------------------------------+------------------------+----------------------+
|   2  NVIDIA A100 80GB PCIe          On  |   00000000:1B:00.0 Off |                    0 |
| N/A   56C    P0            126W /  300W |    2816MiB /  81920MiB |     92%      Default |
|                                         |                        |             Disabled |
+-----------------------------------------+------------------------+----------------------+
|   3  NVIDIA A100 80GB PCIe          On  |   00000000:1C:00.0 Off |                    0 |
| N/A   56C    P0            119W /  300W |    2706MiB /  81920MiB |     96%      Default |
|                                         |                        |             Disabled |
+-----------------------------------------+------------------------+----------------------+

+-----------------------------------------------------------------------------------------+
| Processes:                                                                              |
|  GPU   GI   CI              PID   Type   Process name                        GPU Memory |
|        ID   ID                                                               Usage      |
|=========================================================================================|
|    0   N/A  N/A            9162      G   /usr/libexec/Xorg                        17MiB |
|    0   N/A  N/A          370105      C   python                                  662MiB |
|    0   N/A  N/A          370135      C   python                                  638MiB |
|    0   N/A  N/A          370139      C   python                                  704MiB |
|    0   N/A  N/A          370143      C   python                                  662MiB |
|    1   N/A  N/A            9162      G   /usr/libexec/Xorg                        17MiB |
|    1   N/A  N/A          370132      C   python                                  630MiB |
|    1   N/A  N/A          370136      C   python                                  662MiB |
|    1   N/A  N/A          370140      C   python                                  704MiB |
|    1   N/A  N/A          370144      C   python                                  650MiB |
|    2   N/A  N/A            9162      G   /usr/libexec/Xorg                        17MiB |
|    2   N/A  N/A          370133      C   python                                  712MiB |
|    2   N/A  N/A          370137      C   python                                  704MiB |
|    2   N/A  N/A          370141      C   python                                  696MiB |
|    2   N/A  N/A          370145      C   python                                  652MiB |
|    3   N/A  N/A            9162      G   /usr/libexec/Xorg                        17MiB |
|    3   N/A  N/A          370134      C   python                                  652MiB |
|    3   N/A  N/A          370138      C   python                                  696MiB |
|    3   N/A  N/A          370142      C   python                                  662MiB |
|    3   N/A  N/A          370146      C   python                                  644MiB |
+-----------------------------------------------------------------------------------------+

============================= JOB FEEDBACK =============================

NodeName=uc2n910
Job ID: 5868287
Cluster: uc3
User/Group: ul_lmm50/ul_student
State: TIMEOUT (exit code 0)
Nodes: 1
Cores per node: 32
CPU Utilized: 00:00:08
CPU Efficiency: 0.00% of 32-00:10:40 core-walltime
Job Wall-clock time: 1-00:00:20
Memory Utilized: 145.22 GB
Memory Efficiency: 77.45% of 187.50 GB (187.50 GB/node)
