Tue Sep  8 00:27:45 2026       
+-----------------------------------------------------------------------------------------+
| NVIDIA-SMI 595.71.05              Driver Version: 595.71.05      CUDA Version: 13.2     |
+-----------------------------------------+------------------------+----------------------+
| GPU  Name                 Persistence-M | Bus-Id          Disp.A | Volatile Uncorr. ECC |
| Fan  Temp   Perf          Pwr:Usage/Cap |           Memory-Usage | GPU-Util  Compute M. |
|                                         |                        |               MIG M. |
|=========================================+========================+======================|
|   0  NVIDIA A100 80GB PCIe          On  |   00000000:19:00.0 Off |                    0 |
| N/A   39C    P0             72W /  300W |     766MiB /  81920MiB |     13%      Default |
|                                         |                        |             Disabled |
+-----------------------------------------+------------------------+----------------------+

+-----------------------------------------------------------------------------------------+
| Processes:                                                                              |
|  GPU   GI   CI              PID   Type   Process name                        GPU Memory |
|        ID   ID                                                               Usage      |
|=========================================================================================|
|    0   N/A  N/A            9928      G   /usr/libexec/Xorg                        17MiB |
|    0   N/A  N/A         1547731      C   python                                  728MiB |
+-----------------------------------------------------------------------------------------+

============================= JOB FEEDBACK =============================

NodeName=uc2n904
Job ID: 6823074
Cluster: uc3
User/Group: ul_lmm50/ul_student
State: TIMEOUT (exit code 0)
Nodes: 1
Cores per node: 4
CPU Utilized: 00:00:05
CPU Efficiency: 0.01% of 1-00:00:44 core-walltime
Job Wall-clock time: 06:00:11
Memory Utilized: 51.48 GB
Memory Efficiency: 73.22% of 70.31 GB (70.31 GB/node)
