HPO: algorithm=rainbow n_trials=250 study=rainbow_6214660 workers=4 gpus=4
Sun Aug  9 11:43:39 2026       
+-----------------------------------------------------------------------------------------+
| NVIDIA-SMI 595.71.05              Driver Version: 595.71.05      CUDA Version: 13.2     |
+-----------------------------------------+------------------------+----------------------+
| GPU  Name                 Persistence-M | Bus-Id          Disp.A | Volatile Uncorr. ECC |
| Fan  Temp   Perf          Pwr:Usage/Cap |           Memory-Usage | GPU-Util  Compute M. |
|                                         |                        |               MIG M. |
|=========================================+========================+======================|
|   0  NVIDIA A100 80GB PCIe          On  |   00000000:19:00.0 Off |                    0 |
| N/A   45C    P0             89W /  300W |     688MiB /  81920MiB |     20%      Default |
|                                         |                        |             Disabled |
+-----------------------------------------+------------------------+----------------------+
|   1  NVIDIA A100 80GB PCIe          On  |   00000000:1A:00.0 Off |                    0 |
| N/A   48C    P0             91W /  300W |     740MiB /  81920MiB |     22%      Default |
|                                         |                        |             Disabled |
+-----------------------------------------+------------------------+----------------------+
|   2  NVIDIA A100 80GB PCIe          On  |   00000000:1B:00.0 Off |                    0 |
| N/A   48C    P0             86W /  300W |     666MiB /  81920MiB |     19%      Default |
|                                         |                        |             Disabled |
+-----------------------------------------+------------------------+----------------------+
|   3  NVIDIA A100 80GB PCIe          On  |   00000000:1C:00.0 Off |                    0 |
| N/A   46C    P0             88W /  300W |     666MiB /  81920MiB |     19%      Default |
|                                         |                        |             Disabled |
+-----------------------------------------+------------------------+----------------------+

+-----------------------------------------------------------------------------------------+
| Processes:                                                                              |
|  GPU   GI   CI              PID   Type   Process name                        GPU Memory |
|        ID   ID                                                               Usage      |
|=========================================================================================|
|    0   N/A  N/A           11565      G   /usr/libexec/Xorg                        17MiB |
|    0   N/A  N/A         2183081      C   python                                  652MiB |
|    1   N/A  N/A           11565      G   /usr/libexec/Xorg                        17MiB |
|    1   N/A  N/A         2183092      C   python                                  704MiB |
|    2   N/A  N/A           11565      G   /usr/libexec/Xorg                        17MiB |
|    2   N/A  N/A         2183093      C   python                                  630MiB |
|    3   N/A  N/A           11565      G   /usr/libexec/Xorg                        17MiB |
|    3   N/A  N/A         2183094      C   python                                  630MiB |
+-----------------------------------------------------------------------------------------+

============================= JOB FEEDBACK =============================

NodeName=uc2n909
Job ID: 6214660
Cluster: uc3
User/Group: ul_lmm50/ul_student
State: CANCELLED (exit code 0)
Nodes: 1
Cores per node: 16
CPU Utilized: 04:27:00
CPU Efficiency: 1.25% of 14-19:59:28 core-walltime
Job Wall-clock time: 22:14:58
Memory Utilized: 186.31 GB
Memory Efficiency: 99.37% of 187.50 GB (187.50 GB/node)
