Using device: cuda
Mon Jun 22 00:49:26 2026       
+-----------------------------------------------------------------------------------------+
| NVIDIA-SMI 595.71.05              Driver Version: 595.71.05      CUDA Version: 13.2     |
+-----------------------------------------+------------------------+----------------------+
| GPU  Name                 Persistence-M | Bus-Id          Disp.A | Volatile Uncorr. ECC |
| Fan  Temp   Perf          Pwr:Usage/Cap |           Memory-Usage | GPU-Util  Compute M. |
|                                         |                        |               MIG M. |
|=========================================+========================+======================|
|   0  NVIDIA A100 80GB PCIe          On  |   00000000:1B:00.0 Off |                    0 |
| N/A   38C    P0             53W /  300W |      27MiB /  81920MiB |      0%      Default |
|                                         |                        |             Disabled |
+-----------------------------------------+------------------------+----------------------+

+-----------------------------------------------------------------------------------------+
| Processes:                                                                              |
|  GPU   GI   CI              PID   Type   Process name                        GPU Memory |
|        ID   ID                                                               Usage      |
|=========================================================================================|
|    0   N/A  N/A            9048      G   /usr/libexec/Xorg                        17MiB |
+-----------------------------------------------------------------------------------------+

============================= JOB FEEDBACK =============================

NodeName=uc2n909
Job ID: 5117218
Cluster: uc3
User/Group: ul_lmm50/ul_student
State: FAILED (exit code 1)
Nodes: 1
Cores per node: 4
CPU Utilized: 00:00:09
CPU Efficiency: 0.06% of 04:01:56 core-walltime
Job Wall-clock time: 01:00:29
Memory Utilized: 273.75 MB
Memory Efficiency: 0.21% of 125.00 GB (125.00 GB/node)
