HPO: env=mario algorithm=ppo objective=mean n_trials=200 study=mario_ppo_6448756 workers=12 gpus=4
Sat Aug 22 21:35:49 2026       
+-----------------------------------------------------------------------------------------+
| NVIDIA-SMI 595.71.05              Driver Version: 595.71.05      CUDA Version: 13.2     |
+-----------------------------------------+------------------------+----------------------+
| GPU  Name                 Persistence-M | Bus-Id          Disp.A | Volatile Uncorr. ECC |
| Fan  Temp   Perf          Pwr:Usage/Cap |           Memory-Usage | GPU-Util  Compute M. |
|                                         |                        |               MIG M. |
|=========================================+========================+======================|
|   0  NVIDIA A100 80GB PCIe          On  |   00000000:19:00.0 Off |                    0 |
| N/A   40C    P0             51W /  300W |      27MiB /  81920MiB |      0%      Default |
|                                         |                        |             Disabled |
+-----------------------------------------+------------------------+----------------------+
|   1  NVIDIA A100 80GB PCIe          On  |   00000000:1A:00.0 Off |                    0 |
| N/A   39C    P0             55W /  300W |      27MiB /  81920MiB |      0%      Default |
|                                         |                        |             Disabled |
+-----------------------------------------+------------------------+----------------------+
|   2  NVIDIA A100 80GB PCIe          On  |   00000000:1B:00.0 Off |                    0 |
| N/A   37C    P0             52W /  300W |      27MiB /  81920MiB |      0%      Default |
|                                         |                        |             Disabled |
+-----------------------------------------+------------------------+----------------------+
|   3  NVIDIA A100 80GB PCIe          On  |   00000000:1C:00.0 Off |                    0 |
| N/A   39C    P0             52W /  300W |      27MiB /  81920MiB |      0%      Default |
|                                         |                        |             Disabled |
+-----------------------------------------+------------------------+----------------------+

+-----------------------------------------------------------------------------------------+
| Processes:                                                                              |
|  GPU   GI   CI              PID   Type   Process name                        GPU Memory |
|        ID   ID                                                               Usage      |
|=========================================================================================|
|    0   N/A  N/A           11231      G   /usr/libexec/Xorg                        17MiB |
|    1   N/A  N/A           11231      G   /usr/libexec/Xorg                        17MiB |
|    2   N/A  N/A           11231      G   /usr/libexec/Xorg                        17MiB |
|    3   N/A  N/A           11231      G   /usr/libexec/Xorg                        17MiB |
+-----------------------------------------------------------------------------------------+
[report] no completed trials — nothing to export.

============================= JOB FEEDBACK =============================

NodeName=uc2n913
Job ID: 6448756
Cluster: uc3
User/Group: ul_lmm50/ul_student
State: COMPLETED (exit code 0)
Nodes: 1
Cores per node: 16
CPU Utilized: 00:01:14
CPU Efficiency: 0.13% of 16:25:04 core-walltime
Job Wall-clock time: 01:01:34
Memory Utilized: 4.01 GB
Memory Efficiency: 2.14% of 187.50 GB (187.50 GB/node)
