/home/ul/ul_student/ul_lmm50/.conda/envs/mario-rl-cuda/lib/python3.13/site-packages/optuna/_experimental.py:33: ExperimentalWarning: Argument ``multivariate`` is an experimental feature. The interface can change in the future.
  optuna_warn(
/home/ul/ul_student/ul_lmm50/.conda/envs/mario-rl-cuda/lib/python3.13/site-packages/optuna/_experimental.py:33: ExperimentalWarning: Argument ``multivariate`` is an experimental feature. The interface can change in the future.
  optuna_warn(
/home/ul/ul_student/ul_lmm50/.conda/envs/mario-rl-cuda/lib/python3.13/site-packages/optuna/_experimental.py:33: ExperimentalWarning: Argument ``multivariate`` is an experimental feature. The interface can change in the future.
  optuna_warn(
/home/ul/ul_student/ul_lmm50/.conda/envs/mario-rl-cuda/lib/python3.13/site-packages/optuna/_experimental.py:33: ExperimentalWarning: Argument ``multivariate`` is an experimental feature. The interface can change in the future.
  optuna_warn(
/home/ul/ul_student/ul_lmm50/.conda/envs/mario-rl-cuda/lib/python3.13/site-packages/optuna/_experimental.py:33: ExperimentalWarning: Argument ``multivariate`` is an experimental feature. The interface can change in the future.
  optuna_warn(
/home/ul/ul_student/ul_lmm50/.conda/envs/mario-rl-cuda/lib/python3.13/site-packages/optuna/_experimental.py:33: ExperimentalWarning: Argument ``multivariate`` is an experimental feature. The interface can change in the future.
  optuna_warn(
/home/ul/ul_student/ul_lmm50/.conda/envs/mario-rl-cuda/lib/python3.13/site-packages/optuna/_experimental.py:33: ExperimentalWarning: Argument ``multivariate`` is an experimental feature. The interface can change in the future.
  optuna_warn(
/home/ul/ul_student/ul_lmm50/.conda/envs/mario-rl-cuda/lib/python3.13/site-packages/optuna/_experimental.py:33: ExperimentalWarning: Argument ``multivariate`` is an experimental feature. The interface can change in the future.
  optuna_warn(
[I 2026-08-27 08:20:44,273] A new study created in Journal with name: mario_rainbow_6715345
[I 2026-08-27 08:20:44,295] Using an existing study with name 'mario_rainbow_6715345' instead of creating a new one.
[I 2026-08-27 08:20:44,301] Using an existing study with name 'mario_rainbow_6715345' instead of creating a new one.
[I 2026-08-27 08:20:44,316] Using an existing study with name 'mario_rainbow_6715345' instead of creating a new one.
[I 2026-08-27 08:20:44,331] Using an existing study with name 'mario_rainbow_6715345' instead of creating a new one.
[I 2026-08-27 08:20:44,346] Using an existing study with name 'mario_rainbow_6715345' instead of creating a new one.
[I 2026-08-27 08:20:44,382] Using an existing study with name 'mario_rainbow_6715345' instead of creating a new one.
[I 2026-08-27 08:20:44,415] Using an existing study with name 'mario_rainbow_6715345' instead of creating a new one.
[I 2026-08-27 08:39:10,915] Trial 3 pruned. 
[I 2026-08-27 08:39:16,883] Trial 2 pruned. 
[I 2026-08-27 08:39:18,559] Trial 5 pruned. 
[I 2026-08-27 08:56:47,206] Trial 10 pruned. 
[I 2026-08-27 08:57:02,602] Trial 9 pruned. 
[I 2026-08-27 08:57:55,920] Trial 8 pruned. 
[I 2026-08-27 09:15:28,339] Trial 11 pruned. 
[I 2026-08-27 09:32:43,098] Trial 14 pruned. 
[I 2026-08-27 09:50:13,440] Trial 15 pruned. 
[I 2026-08-27 09:53:40,941] Trial 12 pruned. 
[2026-08-29T08:19:30.038] error: *** JOB 6715345 ON uc2n905 CANCELLED AT 2026-08-29T08:19:30 DUE TO TIME LIMIT ***
