Thu Aug 13 11:39:42 2026       
+-----------------------------------------------------------------------------------------+
| NVIDIA-SMI 595.71.05              Driver Version: 595.71.05      CUDA Version: 13.2     |
+-----------------------------------------+------------------------+----------------------+
| GPU  Name                 Persistence-M | Bus-Id          Disp.A | Volatile Uncorr. ECC |
| Fan  Temp   Perf          Pwr:Usage/Cap |           Memory-Usage | GPU-Util  Compute M. |
|                                         |                        |               MIG M. |
|=========================================+========================+======================|
|   0  NVIDIA A100 80GB PCIe          On  |   00000000:1B:00.0 Off |                    0 |
| N/A   44C    P0             91W /  300W |     740MiB /  81920MiB |     23%      Default |
|                                         |                        |             Disabled |
+-----------------------------------------+------------------------+----------------------+

+-----------------------------------------------------------------------------------------+
| Processes:                                                                              |
|  GPU   GI   CI              PID   Type   Process name                        GPU Memory |
|        ID   ID                                                               Usage      |
|=========================================================================================|
|    0   N/A  N/A           11565      G   /usr/libexec/Xorg                        17MiB |
|    0   N/A  N/A         2899209      C   python                                  704MiB |
+-----------------------------------------------------------------------------------------+

============================= JOB FEEDBACK =============================

NodeName=uc2n909
Job ID: 6277764
Cluster: uc3
User/Group: ul_lmm50/ul_student
State: TIMEOUT (exit code 0)
Nodes: 1
Cores per node: 4
CPU Utilized: 00:00:06
CPU Efficiency: 0.00% of 4-00:00:08 core-walltime
Job Wall-clock time: 1-00:00:02
Memory Utilized: 87.38 GB
Memory Efficiency: 69.91% of 125.00 GB (125.00 GB/node)
