HPO: env=mario algorithm=ppo objective=mean n_trials=200 study=mario_ppo_6461981 workers=12 gpus=4
Sun Aug 23 22:19:13 2026       
+-----------------------------------------------------------------------------------------+
| NVIDIA-SMI 595.71.05              Driver Version: 595.71.05      CUDA Version: 13.2     |
+-----------------------------------------+------------------------+----------------------+
| GPU  Name                 Persistence-M | Bus-Id          Disp.A | Volatile Uncorr. ECC |
| Fan  Temp   Perf          Pwr:Usage/Cap |           Memory-Usage | GPU-Util  Compute M. |
|                                         |                        |               MIG M. |
|=========================================+========================+======================|
|   0  NVIDIA A100 80GB PCIe          On  |   00000000:19:00.0 Off |                    0 |
| N/A   46C    P0             82W /  300W |    3945MiB /  81920MiB |     13%      Default |
|                                         |                        |             Disabled |
+-----------------------------------------+------------------------+----------------------+
|   1  NVIDIA A100 80GB PCIe          On  |   00000000:1A:00.0 Off |                    0 |
| N/A   46C    P0             84W /  300W |    4019MiB /  81920MiB |     18%      Default |
|                                         |                        |             Disabled |
+-----------------------------------------+------------------------+----------------------+
|   2  NVIDIA A100 80GB PCIe          On  |   00000000:1B:00.0 Off |                    0 |
| N/A   47C    P0             79W /  300W |    3533MiB /  81920MiB |     23%      Default |
|                                         |                        |             Disabled |
+-----------------------------------------+------------------------+----------------------+
|   3  NVIDIA A100 80GB PCIe          On  |   00000000:1C:00.0 Off |                    0 |
| N/A   47C    P0             83W /  300W |    4571MiB /  81920MiB |     14%      Default |
|                                         |                        |             Disabled |
+-----------------------------------------+------------------------+----------------------+

+-----------------------------------------------------------------------------------------+
| Processes:                                                                              |
|  GPU   GI   CI              PID   Type   Process name                        GPU Memory |
|        ID   ID                                                               Usage      |
|=========================================================================================|
|    0   N/A  N/A           11565      G   /usr/libexec/Xorg                        17MiB |
|    0   N/A  N/A         2429134      C   python                                 1652MiB |
|    0   N/A  N/A         2429165      C   python                                 1034MiB |
|    0   N/A  N/A         2429169      C   python                                 1212MiB |
|    1   N/A  N/A           11565      G   /usr/libexec/Xorg                        17MiB |
|    1   N/A  N/A         2429162      C   python                                 1212MiB |
|    1   N/A  N/A         2429166      C   python                                 1212MiB |
|    1   N/A  N/A         2429170      C   python                                 1548MiB |
|    2   N/A  N/A           11565      G   /usr/libexec/Xorg                        17MiB |
|    2   N/A  N/A         2429163      C   python                                 1212MiB |
|    2   N/A  N/A         2429167      C   python                                 1212MiB |
|    2   N/A  N/A         2429171      C   python                                 1062MiB |
|    3   N/A  N/A           11565      G   /usr/libexec/Xorg                        17MiB |
|    3   N/A  N/A         2429164      C   python                                 1502MiB |
|    3   N/A  N/A         2429168      C   python                                 1548MiB |
|    3   N/A  N/A         2429172      C   python                                 1474MiB |
+-----------------------------------------------------------------------------------------+

============================= JOB FEEDBACK =============================

NodeName=uc2n909
Job ID: 6461981
Cluster: uc3
User/Group: ul_lmm50/ul_student
State: CANCELLED (exit code 0)
Nodes: 1
Cores per node: 16
CPU Utilized: 00:00:08
CPU Efficiency: 0.00% of 6-19:46:24 core-walltime
Job Wall-clock time: 10:14:09
Memory Utilized: 35.27 GB
Memory Efficiency: 18.81% of 187.50 GB (187.50 GB/node)
