Sun May 31 00:39:39 2026       
+-----------------------------------------------------------------------------------------+
| NVIDIA-SMI 595.71.05              Driver Version: 595.71.05      CUDA Version: 13.2     |
+-----------------------------------------+------------------------+----------------------+
| GPU  Name                 Persistence-M | Bus-Id          Disp.A | Volatile Uncorr. ECC |
| Fan  Temp   Perf          Pwr:Usage/Cap |           Memory-Usage | GPU-Util  Compute M. |
|                                         |                        |               MIG M. |
|=========================================+========================+======================|
|   0  NVIDIA A100 80GB PCIe          On  |   00000000:1B:00.0 Off |                    0 |
| N/A   43C    P0            107W /  300W |   21336MiB /  81920MiB |     25%      Default |
|                                         |                        |             Disabled |
+-----------------------------------------+------------------------+----------------------+

+-----------------------------------------------------------------------------------------+
| Processes:                                                                              |
|  GPU   GI   CI              PID   Type   Process name                        GPU Memory |
|        ID   ID                                                               Usage      |
|=========================================================================================|
|    0   N/A  N/A           44292      G   /usr/libexec/Xorg                        17MiB |
|    0   N/A  N/A         2626198      C   python                                21300MiB |
+-----------------------------------------------------------------------------------------+

============================= JOB FEEDBACK =============================

NodeName=uc2n913
Job ID: 4884699
Cluster: uc3
User/Group: ul_lmm50/ul_student
State: CANCELLED (exit code 0)
Nodes: 1
Cores per node: 4
CPU Utilized: 00:00:05
CPU Efficiency: 0.00% of 1-09:51:44 core-walltime
Job Wall-clock time: 08:27:56
Memory Utilized: 2.91 GB
Memory Efficiency: 18.65% of 15.62 GB (15.62 GB/node)
