/home/ul/ul_student/ul_lmm50/.conda/envs/dqn-flappy-bird-cuda/lib/python3.11/site-packages/optuna/_experimental.py:33: ExperimentalWarning: Argument ``multivariate`` is an experimental feature. The interface can change in the future.
  optuna_warn(
/home/ul/ul_student/ul_lmm50/.conda/envs/dqn-flappy-bird-cuda/lib/python3.11/site-packages/optuna/_experimental.py:33: ExperimentalWarning: Argument ``multivariate`` is an experimental feature. The interface can change in the future.
  optuna_warn(
/home/ul/ul_student/ul_lmm50/.conda/envs/dqn-flappy-bird-cuda/lib/python3.11/site-packages/optuna/_experimental.py:33: ExperimentalWarning: Argument ``multivariate`` is an experimental feature. The interface can change in the future.
  optuna_warn(
/home/ul/ul_student/ul_lmm50/.conda/envs/dqn-flappy-bird-cuda/lib/python3.11/site-packages/optuna/_experimental.py:33: ExperimentalWarning: Argument ``multivariate`` is an experimental feature. The interface can change in the future.
  optuna_warn(
/home/ul/ul_student/ul_lmm50/.conda/envs/dqn-flappy-bird-cuda/lib/python3.11/site-packages/optuna/_experimental.py:33: ExperimentalWarning: Argument ``multivariate`` is an experimental feature. The interface can change in the future.
  optuna_warn(
/home/ul/ul_student/ul_lmm50/.conda/envs/dqn-flappy-bird-cuda/lib/python3.11/site-packages/optuna/_experimental.py:33: ExperimentalWarning: Argument ``multivariate`` is an experimental feature. The interface can change in the future.
  optuna_warn(
/home/ul/ul_student/ul_lmm50/.conda/envs/dqn-flappy-bird-cuda/lib/python3.11/site-packages/optuna/_experimental.py:33: ExperimentalWarning: Argument ``multivariate`` is an experimental feature. The interface can change in the future.
  optuna_warn(
/home/ul/ul_student/ul_lmm50/.conda/envs/dqn-flappy-bird-cuda/lib/python3.11/site-packages/optuna/_experimental.py:33: ExperimentalWarning: Argument ``multivariate`` is an experimental feature. The interface can change in the future.
  optuna_warn(
/home/ul/ul_student/ul_lmm50/.conda/envs/dqn-flappy-bird-cuda/lib/python3.11/site-packages/optuna/_experimental.py:33: ExperimentalWarning: Argument ``multivariate`` is an experimental feature. The interface can change in the future.
  optuna_warn(
/home/ul/ul_student/ul_lmm50/.conda/envs/dqn-flappy-bird-cuda/lib/python3.11/site-packages/optuna/_experimental.py:33: ExperimentalWarning: Argument ``multivariate`` is an experimental feature. The interface can change in the future.
  optuna_warn(
/home/ul/ul_student/ul_lmm50/.conda/envs/dqn-flappy-bird-cuda/lib/python3.11/site-packages/optuna/_experimental.py:33: ExperimentalWarning: Argument ``multivariate`` is an experimental feature. The interface can change in the future.
  optuna_warn(
/home/ul/ul_student/ul_lmm50/.conda/envs/dqn-flappy-bird-cuda/lib/python3.11/site-packages/optuna/_experimental.py:33: ExperimentalWarning: Argument ``multivariate`` is an experimental feature. The interface can change in the future.
  optuna_warn(
/home/ul/ul_student/ul_lmm50/.conda/envs/dqn-flappy-bird-cuda/lib/python3.11/site-packages/optuna/_experimental.py:33: ExperimentalWarning: Argument ``multivariate`` is an experimental feature. The interface can change in the future.
  optuna_warn(
/home/ul/ul_student/ul_lmm50/.conda/envs/dqn-flappy-bird-cuda/lib/python3.11/site-packages/optuna/_experimental.py:33: ExperimentalWarning: Argument ``multivariate`` is an experimental feature. The interface can change in the future.
  optuna_warn(
/home/ul/ul_student/ul_lmm50/.conda/envs/dqn-flappy-bird-cuda/lib/python3.11/site-packages/optuna/_experimental.py:33: ExperimentalWarning: Argument ``multivariate`` is an experimental feature. The interface can change in the future.
  optuna_warn(
/home/ul/ul_student/ul_lmm50/.conda/envs/dqn-flappy-bird-cuda/lib/python3.11/site-packages/optuna/_experimental.py:33: ExperimentalWarning: Argument ``multivariate`` is an experimental feature. The interface can change in the future.
  optuna_warn(
[I 2026-07-18 22:11:38,972] A new study created in Journal with name: rainbow_5868287
[I 2026-07-18 22:11:38,982] Using an existing study with name 'rainbow_5868287' instead of creating a new one.
[I 2026-07-18 22:11:38,998] Using an existing study with name 'rainbow_5868287' instead of creating a new one.
[I 2026-07-18 22:11:39,028] Using an existing study with name 'rainbow_5868287' instead of creating a new one.
[I 2026-07-18 22:11:39,056] Using an existing study with name 'rainbow_5868287' instead of creating a new one.
[I 2026-07-18 22:11:39,083] Using an existing study with name 'rainbow_5868287' instead of creating a new one.
[I 2026-07-18 22:11:39,103] Using an existing study with name 'rainbow_5868287' instead of creating a new one.
[I 2026-07-18 22:11:39,121] Using an existing study with name 'rainbow_5868287' instead of creating a new one.
[I 2026-07-18 22:11:39,157] Using an existing study with name 'rainbow_5868287' instead of creating a new one.
[I 2026-07-18 22:11:39,176] Using an existing study with name 'rainbow_5868287' instead of creating a new one.
[I 2026-07-18 22:11:39,240] Using an existing study with name 'rainbow_5868287' instead of creating a new one.
[I 2026-07-18 22:11:39,257] Using an existing study with name 'rainbow_5868287' instead of creating a new one.
[I 2026-07-18 22:11:39,288] Using an existing study with name 'rainbow_5868287' instead of creating a new one.
[I 2026-07-18 22:11:39,301] Using an existing study with name 'rainbow_5868287' instead of creating a new one.
[I 2026-07-18 22:11:39,369] Using an existing study with name 'rainbow_5868287' instead of creating a new one.
[I 2026-07-18 22:11:39,835] Using an existing study with name 'rainbow_5868287' instead of creating a new one.
[I 2026-07-18 22:21:57,327] Trial 1 pruned. 
[I 2026-07-18 22:21:58,932] Trial 6 pruned. 
[I 2026-07-18 22:22:00,175] Trial 10 pruned. 
[I 2026-07-18 22:22:21,581] Trial 15 pruned. 
[I 2026-07-18 22:22:23,551] Trial 7 pruned. 
[I 2026-07-18 22:33:22,737] Trial 19 pruned. 
[I 2026-07-18 22:33:24,622] Trial 18 pruned. 
[I 2026-07-18 22:44:18,247] Trial 21 pruned. 
[I 2026-07-18 22:54:05,477] Trial 2 pruned. 
[I 2026-07-18 22:54:33,498] Trial 0 pruned. 
[I 2026-07-18 22:55:39,131] Trial 23 pruned. 
[I 2026-07-18 22:56:31,036] Trial 9 pruned. 
[I 2026-07-18 22:56:39,272] Trial 14 pruned. 
[I 2026-07-18 22:57:09,705] Trial 3 pruned. 
[I 2026-07-18 22:57:22,838] Trial 5 pruned. 
[I 2026-07-18 23:05:03,219] Trial 25 pruned. 
[I 2026-07-18 23:08:44,987] Trial 29 pruned. 
[W 2026-07-18 23:15:41,286] It is taking longer than 10.0 seconds to acquire the lock file: runs/hpo/rainbow_5868287/rainbow_5868287.journal.lock Retrying...
[W 2026-07-18 23:15:41,287] It is taking longer than 10.0 seconds to acquire the lock file: runs/hpo/rainbow_5868287/rainbow_5868287.journal.lock Retrying...
[W 2026-07-18 23:15:41,288] It is taking longer than 10.0 seconds to acquire the lock file: runs/hpo/rainbow_5868287/rainbow_5868287.journal.lock Retrying...
[W 2026-07-18 23:15:41,289] It is taking longer than 10.0 seconds to acquire the lock file: runs/hpo/rainbow_5868287/rainbow_5868287.journal.lock Retrying...
[W 2026-07-18 23:15:41,289] It is taking longer than 10.0 seconds to acquire the lock file: runs/hpo/rainbow_5868287/rainbow_5868287.journal.lock Retrying...
[W 2026-07-18 23:15:41,290] It is taking longer than 10.0 seconds to acquire the lock file: runs/hpo/rainbow_5868287/rainbow_5868287.journal.lock Retrying...
[W 2026-07-18 23:15:41,290] It is taking longer than 10.0 seconds to acquire the lock file: runs/hpo/rainbow_5868287/rainbow_5868287.journal.lock Retrying...
[W 2026-07-18 23:15:41,290] It is taking longer than 10.0 seconds to acquire the lock file: runs/hpo/rainbow_5868287/rainbow_5868287.journal.lock Retrying...
[W 2026-07-18 23:15:41,290] It is taking longer than 10.0 seconds to acquire the lock file: runs/hpo/rainbow_5868287/rainbow_5868287.journal.lock Retrying...
[W 2026-07-18 23:15:41,291] It is taking longer than 10.0 seconds to acquire the lock file: runs/hpo/rainbow_5868287/rainbow_5868287.journal.lock Retrying...
[W 2026-07-18 23:15:41,292] It is taking longer than 10.0 seconds to acquire the lock file: runs/hpo/rainbow_5868287/rainbow_5868287.journal.lock Retrying...
[I 2026-07-18 23:39:12,207] Trial 24 pruned. 
[I 2026-07-18 23:40:10,498] Trial 26 pruned. 
[2026-07-19T22:10:52.095] error: *** JOB 5868287 ON uc2n910 CANCELLED AT 2026-07-19T22:10:52 DUE TO TIME LIMIT ***
