streaming video: set=flappybird_ppo_tuned_3 env=dqn-flappy-bird-cuda extra_args= time_limit=1787966296
streaming the whole episode from flappybird_ppo_tuned_3, seed 1 -> runs/flappybird_ppo_tuned_3/videos/clip_s1.mp4
     5.0 min recorded, reward 1114
    10.0 min recorded, reward 2229
    15.0 min recorded, reward 3344
    20.0 min recorded, reward 4459
    25.0 min recorded, reward 5575
    30.0 min recorded, reward 6690
    35.0 min recorded, reward 7804
    40.0 min recorded, reward 8919
    45.0 min recorded, reward 10034
    50.0 min recorded, reward 11149
    55.0 min recorded, reward 12264
    60.0 min recorded, reward 13379
    65.0 min recorded, reward 14495
    70.0 min recorded, reward 15610
    75.0 min recorded, reward 16725
    80.0 min recorded, reward 17840
    85.0 min recorded, reward 18955
    90.0 min recorded, reward 20070
    95.0 min recorded, reward 21185
   100.0 min recorded, reward 22300
   105.0 min recorded, reward 23415
   110.0 min recorded, reward 24530
   115.0 min recorded, reward 25645
   120.0 min recorded, reward 26760
   125.0 min recorded, reward 27875
   130.0 min recorded, reward 28990
   135.0 min recorded, reward 30105
   140.0 min recorded, reward 31220
   145.0 min recorded, reward 32335
   150.0 min recorded, reward 33450
   155.0 min recorded, reward 34565
   160.0 min recorded, reward 35680
   165.0 min recorded, reward 36796
   170.0 min recorded, reward 37911
   175.0 min recorded, reward 39026
   180.0 min recorded, reward 40141
   185.0 min recorded, reward 41256
   190.0 min recorded, reward 42371
   195.0 min recorded, reward 43486
   200.0 min recorded, reward 44600
   205.0 min recorded, reward 45715
   210.0 min recorded, reward 46831
   215.0 min recorded, reward 47946
   220.0 min recorded, reward 49061
   225.0 min recorded, reward 50176
   230.0 min recorded, reward 51291
   235.0 min recorded, reward 52406
   240.0 min recorded, reward 53521
   245.0 min recorded, reward 54636
   250.0 min recorded, reward 55751
   255.0 min recorded, reward 56866
   260.0 min recorded, reward 57982
   265.0 min recorded, reward 59097
   270.0 min recorded, reward 60212
   275.0 min recorded, reward 61326
   280.0 min recorded, reward 62441
   285.0 min recorded, reward 63556
   290.0 min recorded, reward 64671
   295.0 min recorded, reward 65786
   300.0 min recorded, reward 66901
   305.0 min recorded, reward 68017
   310.0 min recorded, reward 69132
   315.0 min recorded, reward 70247
   320.0 min recorded, reward 71362
   325.0 min recorded, reward 72477
   330.0 min recorded, reward 73592
   335.0 min recorded, reward 74707
   340.0 min recorded, reward 75822
   345.0 min recorded, reward 76937
   350.0 min recorded, reward 78053
   355.0 min recorded, reward 79168
   360.0 min recorded, reward 80282
   365.0 min recorded, reward 81397
   370.0 min recorded, reward 82512
   375.0 min recorded, reward 83627
   380.0 min recorded, reward 84742
   385.0 min recorded, reward 85857
   390.0 min recorded, reward 86972
   395.0 min recorded, reward 88088
   400.0 min recorded, reward 89203
   405.0 min recorded, reward 90318
   410.0 min recorded, reward 91433
   415.0 min recorded, reward 92548
   420.0 min recorded, reward 93663
   425.0 min recorded, reward 94778
   430.0 min recorded, reward 95893
   435.0 min recorded, reward 97008
   440.0 min recorded, reward 98123
   445.0 min recorded, reward 99238
   450.0 min recorded, reward 100353
   455.0 min recorded, reward 101468
   460.0 min recorded, reward 102583
   465.0 min recorded, reward 103698
   470.0 min recorded, reward 104813
   475.0 min recorded, reward 105928
   480.0 min recorded, reward 107043
   485.0 min recorded, reward 108158
   490.0 min recorded, reward 109274
   495.0 min recorded, reward 110389
   500.0 min recorded, reward 111504
   505.0 min recorded, reward 112619
   510.0 min recorded, reward 113734
   515.0 min recorded, reward 114848
   520.0 min recorded, reward 115964
   525.0 min recorded, reward 117078
   530.0 min recorded, reward 118193
   535.0 min recorded, reward 119309
   540.0 min recorded, reward 120424
   545.0 min recorded, reward 121539
   550.0 min recorded, reward 122654
   555.0 min recorded, reward 123769
   560.0 min recorded, reward 124884
   565.0 min recorded, reward 125999
   570.0 min recorded, reward 127114
   575.0 min recorded, reward 128229
   580.0 min recorded, reward 129344
   585.0 min recorded, reward 130460
   590.0 min recorded, reward 131575
   595.0 min recorded, reward 132690
   600.0 min recorded, reward 133804
   605.0 min recorded, reward 134919
   610.0 min recorded, reward 136034
   615.0 min recorded, reward 137149
   620.0 min recorded, reward 138264
   625.0 min recorded, reward 139379
   630.0 min recorded, reward 140495
   635.0 min recorded, reward 141610
   640.0 min recorded, reward 142725
   645.0 min recorded, reward 143840
   650.0 min recorded, reward 144955
   655.0 min recorded, reward 146070
   660.0 min recorded, reward 147185
   665.0 min recorded, reward 148300
   670.0 min recorded, reward 149415
   675.0 min recorded, reward 150530
   680.0 min recorded, reward 151645
   685.0 min recorded, reward 152760
   690.0 min recorded, reward 153875
   695.0 min recorded, reward 154990
   700.0 min recorded, reward 156105
   705.0 min recorded, reward 157220
   710.0 min recorded, reward 158335
   715.0 min recorded, reward 159450
   720.0 min recorded, reward 160565
   725.0 min recorded, reward 161681
   730.0 min recorded, reward 162796
   735.0 min recorded, reward 163911
   740.0 min recorded, reward 165026
   745.0 min recorded, reward 166141
   750.0 min recorded, reward 167256
   755.0 min recorded, reward 168371
   760.0 min recorded, reward 169486
   765.0 min recorded, reward 170600
   770.0 min recorded, reward 171716
   775.0 min recorded, reward 172831
   780.0 min recorded, reward 173946
   785.0 min recorded, reward 175061
   790.0 min recorded, reward 176176
   795.0 min recorded, reward 177291
   800.0 min recorded, reward 178406
   805.0 min recorded, reward 179521
   810.0 min recorded, reward 180636
   815.0 min recorded, reward 181751
   820.0 min recorded, reward 182867
   825.0 min recorded, reward 183982
   830.0 min recorded, reward 185097
   835.0 min recorded, reward 186212
   840.0 min recorded, reward 187326
   845.0 min recorded, reward 188441
   850.0 min recorded, reward 189556
   855.0 min recorded, reward 190671
   860.0 min recorded, reward 191786
   865.0 min recorded, reward 192902
   870.0 min recorded, reward 194017
   875.0 min recorded, reward 195132
   880.0 min recorded, reward 196247
   885.0 min recorded, reward 197362
   890.0 min recorded, reward 198477
   895.0 min recorded, reward 199592
   900.0 min recorded, reward 200707
   905.0 min recorded, reward 201822
   910.0 min recorded, reward 202937
   915.0 min recorded, reward 204053
   920.0 min recorded, reward 205168
   925.0 min recorded, reward 206282
   930.0 min recorded, reward 207397
   935.0 min recorded, reward 208512
   940.0 min recorded, reward 209627
   945.0 min recorded, reward 210742
   950.0 min recorded, reward 211857
   955.0 min recorded, reward 212972
   960.0 min recorded, reward 214088
   965.0 min recorded, reward 215203
   970.0 min recorded, reward 216318
   975.0 min recorded, reward 217433
   980.0 min recorded, reward 218548
   985.0 min recorded, reward 219663
   990.0 min recorded, reward 220778
   995.0 min recorded, reward 221893
  1000.0 min recorded, reward 223008
  1005.0 min recorded, reward 224123
  1010.0 min recorded, reward 225238
  1015.0 min recorded, reward 226353
  1020.0 min recorded, reward 227468
  1025.0 min recorded, reward 228583
  1030.0 min recorded, reward 229698
  1035.0 min recorded, reward 230813
  1040.0 min recorded, reward 231928
  1045.0 min recorded, reward 233043
  1050.0 min recorded, reward 234158
  1055.0 min recorded, reward 235274
  1060.0 min recorded, reward 236389
  1065.0 min recorded, reward 237504
  1070.0 min recorded, reward 238619
  1075.0 min recorded, reward 239734
  1080.0 min recorded, reward 240848
1951765 frames = 1084.3 min, reward 241809.80 -> runs/flappybird_ppo_tuned_3/videos/clip_s1_r241809.80.mp4
done. videos:
total 534M
-rw-r--r-- 1 ul_lmm50 ul_student 535M Aug 28 23:20 clip_s1_r241809.80.mp4

============================= JOB FEEDBACK =============================

NodeName=uc2n913
Job ID: 6728302
Cluster: uc3
User/Group: ul_lmm50/ul_student
State: COMPLETED (exit code 0)
Nodes: 1
Cores per node: 4
CPU Utilized: 07:39:10
CPU Efficiency: 31.66% of 1-00:10:32 core-walltime
Job Wall-clock time: 06:02:38
Memory Utilized: 801.77 MB
Memory Efficiency: 10.02% of 7.81 GB (7.81 GB/node)
